Archive member included to satisfy reference by file (symbol)

c:\Users\DuRuofu\Downloads\CH583EVT\EVT\EXAM\SRC\StdPeriphDriver\libISP583.a(ISP583.o)
                              ./StdPeriphDriver/CH58x_flash.o (FLASH_EEPROM_CMD)
c:\Users\DuRuofu\Downloads\CH583EVT\EVT\EXAM\BLE\LIB\libCH58xBLE.a(message.o)
                              ./Profile/hiddev.o (tmos_msg_deallocate)
c:\Users\DuRuofu\Downloads\CH583EVT\EVT\EXAM\BLE\LIB\libCH58xBLE.a(tmos.o)
                              ./Profile/battservice.o (tmos_memcpy)
c:\Users\DuRuofu\Downloads\CH583EVT\EVT\EXAM\BLE\LIB\libCH58xBLE.a(tmos_hw.o)
                              ./HAL/RTC.o (TMOS_TimerInit)
c:\Users\DuRuofu\Downloads\CH583EVT\EVT\EXAM\BLE\LIB\libCH58xBLE.a(tmos_snv.o)
                              c:\Users\DuRuofu\Downloads\CH583EVT\EVT\EXAM\BLE\LIB\libCH58xBLE.a(tmos.o) (tmos_snv_init)
c:\Users\DuRuofu\Downloads\CH583EVT\EVT\EXAM\BLE\LIB\libCH58xBLE.a(gap.o)
                              ./Profile/hiddev.o (GAP_SetParamValue)
c:\Users\DuRuofu\Downloads\CH583EVT\EVT\EXAM\BLE\LIB\libCH58xBLE.a(gap_central.o)
                              c:\Users\DuRuofu\Downloads\CH583EVT\EVT\EXAM\BLE\LIB\libCH58xBLE.a(gap.o) (gapProcessPeriodicAdvertisingSyncEstablishedEvt)
c:\Users\DuRuofu\Downloads\CH583EVT\EVT\EXAM\BLE\LIB\libCH58xBLE.a(gap_peripheral.o)
                              ./APP/hidmouse.o (GAP_ConfigDeviceAddr)
c:\Users\DuRuofu\Downloads\CH583EVT\EVT\EXAM\BLE\LIB\libCH58xBLE.a(gapgattserver.o)
                              ./APP/hidmouse.o (GGS_SetParameter)
c:\Users\DuRuofu\Downloads\CH583EVT\EVT\EXAM\BLE\LIB\libCH58xBLE.a(gatt.o)
                              ./Profile/battservice.o (GATT_bm_alloc)
c:\Users\DuRuofu\Downloads\CH583EVT\EVT\EXAM\BLE\LIB\libCH58xBLE.a(gatt_uuid.o)
                              ./Profile/battservice.o (reportRefUUID)
c:\Users\DuRuofu\Downloads\CH583EVT\EVT\EXAM\BLE\LIB\libCH58xBLE.a(gattclientapp.o)
                              c:\Users\DuRuofu\Downloads\CH583EVT\EVT\EXAM\BLE\LIB\libCH58xBLE.a(gatt.o) (gattGetClientStatus)
c:\Users\DuRuofu\Downloads\CH583EVT\EVT\EXAM\BLE\LIB\libCH58xBLE.a(gattservapp.o)
                              ./Profile/battservice.o (GATTServApp_ReadCharCfg)
c:\Users\DuRuofu\Downloads\CH583EVT\EVT\EXAM\BLE\LIB\libCH58xBLE.a(l2cap.o)
                              c:\Users\DuRuofu\Downloads\CH583EVT\EVT\EXAM\BLE\LIB\libCH58xBLE.a(gatt.o) (L2CAP_GetMTU)
c:\Users\DuRuofu\Downloads\CH583EVT\EVT\EXAM\BLE\LIB\libCH58xBLE.a(l2cap_input.o)
                              c:\Users\DuRuofu\Downloads\CH583EVT\EVT\EXAM\BLE\LIB\libCH58xBLE.a(l2cap.o) (l2capProcessRxData)
c:\Users\DuRuofu\Downloads\CH583EVT\EVT\EXAM\BLE\LIB\libCH58xBLE.a(l2cap_output.o)
                              c:\Users\DuRuofu\Downloads\CH583EVT\EVT\EXAM\BLE\LIB\libCH58xBLE.a(l2cap_input.o) (l2capNotifyData)
c:\Users\DuRuofu\Downloads\CH583EVT\EVT\EXAM\BLE\LIB\libCH58xBLE.a(l2cap_sdu.o)
                              c:\Users\DuRuofu\Downloads\CH583EVT\EVT\EXAM\BLE\LIB\libCH58xBLE.a(l2cap_input.o) (l2capBuildDisconnectRsp)
c:\Users\DuRuofu\Downloads\CH583EVT\EVT\EXAM\BLE\LIB\libCH58xBLE.a(linkdb.o)
                              c:\Users\DuRuofu\Downloads\CH583EVT\EVT\EXAM\BLE\LIB\libCH58xBLE.a(l2cap.o) (linkDB_Init)
c:\Users\DuRuofu\Downloads\CH583EVT\EVT\EXAM\BLE\LIB\libCH58xBLE.a(sm.o)
                              c:\Users\DuRuofu\Downloads\CH583EVT\EVT\EXAM\BLE\LIB\libCH58xBLE.a(gap.o) (smFreePairingParams)
c:\Users\DuRuofu\Downloads\CH583EVT\EVT\EXAM\BLE\LIB\libCH58xBLE.a(sm_initiator.o)
                              c:\Users\DuRuofu\Downloads\CH583EVT\EVT\EXAM\BLE\LIB\libCH58xBLE.a(sm.o) (smInitiatorSendNextKeyInfo)
c:\Users\DuRuofu\Downloads\CH583EVT\EVT\EXAM\BLE\LIB\libCH58xBLE.a(sm_pdu.o)
                              c:\Users\DuRuofu\Downloads\CH583EVT\EVT\EXAM\BLE\LIB\libCH58xBLE.a(sm.o) (smpBuildPairingReq)
c:\Users\DuRuofu\Downloads\CH583EVT\EVT\EXAM\BLE\LIB\libCH58xBLE.a(sm_responding.o)
                              c:\Users\DuRuofu\Downloads\CH583EVT\EVT\EXAM\BLE\LIB\libCH58xBLE.a(sm.o) (smResponderSendNextKeyInfo)
c:\Users\DuRuofu\Downloads\CH583EVT\EVT\EXAM\BLE\LIB\libCH58xBLE.a(sm_toolbox.o)
                              c:\Users\DuRuofu\Downloads\CH583EVT\EVT\EXAM\BLE\LIB\libCH58xBLE.a(sm.o) (sm_ah)
c:\Users\DuRuofu\Downloads\CH583EVT\EVT\EXAM\BLE\LIB\libCH58xBLE.a(host_input.o)
                              c:\Users\DuRuofu\Downloads\CH583EVT\EVT\EXAM\BLE\LIB\libCH58xBLE.a(gap.o) (gBleHostPara)
c:\Users\DuRuofu\Downloads\CH583EVT\EVT\EXAM\BLE\LIB\libCH58xBLE.a(host_output.o)
                              c:\Users\DuRuofu\Downloads\CH583EVT\EVT\EXAM\BLE\LIB\libCH58xBLE.a(gap.o) (HCI_DisconnectCmd)
c:\Users\DuRuofu\Downloads\CH583EVT\EVT\EXAM\BLE\LIB\libCH58xBLE.a(ll_master.o)
                              c:\Users\DuRuofu\Downloads\CH583EVT\EVT\EXAM\BLE\LIB\libCH58xBLE.a(gap_central.o) (LL_SetDataSendPriority)
c:\Users\DuRuofu\Downloads\CH583EVT\EVT\EXAM\BLE\LIB\libCH58xBLE.a(ll_pdu.o)
[...]
Memory Configuration

Name             Origin             Length             Attributes
FLASH            0x0000000000000000 0x0000000000070000 xr
RAM              0x0000000020000000 0x0000000000008000 xrw
*default*        0x0000000000000000 0xffffffffffffffff

Linker script and memory map

LOAD ./StdPeriphDriver/CH58x_adc.o
LOAD ./StdPeriphDriver/CH58x_clk.o
LOAD ./StdPeriphDriver/CH58x_flash.o
LOAD ./StdPeriphDriver/CH58x_gpio.o
LOAD ./StdPeriphDriver/CH58x_i2c.o
LOAD ./StdPeriphDriver/CH58x_pwm.o
LOAD ./StdPeriphDriver/CH58x_pwr.o
LOAD ./StdPeriphDriver/CH58x_spi0.o
LOAD ./StdPeriphDriver/CH58x_spi1.o
LOAD ./StdPeriphDriver/CH58x_sys.o
LOAD ./StdPeriphDriver/CH58x_timer0.o
LOAD ./StdPeriphDriver/CH58x_timer1.o
LOAD ./StdPeriphDriver/CH58x_timer2.o
LOAD ./StdPeriphDriver/CH58x_timer3.o
LOAD ./StdPeriphDriver/CH58x_uart0.o
LOAD ./StdPeriphDriver/CH58x_uart1.o
LOAD ./StdPeriphDriver/CH58x_uart2.o
LOAD ./StdPeriphDriver/CH58x_uart3.o
LOAD ./StdPeriphDriver/CH58x_usb2dev.o
LOAD ./StdPeriphDriver/CH58x_usb2hostBase.o
LOAD ./StdPeriphDriver/CH58x_usb2hostClass.o
LOAD ./StdPeriphDriver/CH58x_usbdev.o
LOAD ./StdPeriphDriver/CH58x_usbhostBase.o
LOAD ./StdPeriphDriver/CH58x_usbhostClass.o
LOAD ./Startup/startup_CH583.o
LOAD ./RVMSIS/core_riscv.o
LOAD ./Profile/battservice.o
LOAD ./Profile/devinfoservice.o
LOAD ./Profile/hiddev.o
LOAD ./Profile/hidmouseservice.o
LOAD ./Profile/scanparamservice.o
LOAD ./HAL/MCU.o
LOAD ./HAL/RTC.o
LOAD ./HAL/SLEEP.o
LOAD ./APP/hidmouse.o
LOAD ./APP/hidmouse_main.o
LOAD c:\Users\DuRuofu\Downloads\CH583EVT\EVT\EXAM\SRC\StdPeriphDriver\libISP583.a
LOAD c:\Users\DuRuofu\Downloads\CH583EVT\EVT\EXAM\BLE\LIB\libCH58xBLE.a
LOAD d:/programfiles/mounriver/mounriver_studio2/resources/app/resources/win32/components/wch/toolchain/risc-v embedded gcc/bin/../lib/gcc/riscv-none-embed/8.2.0/../../../../riscv-none-embed/lib/rv32imac/ilp32\libm.a
LOAD d:/programfiles/mounriver/mounriver_studio2/resources/app/resources/win32/components/wch/toolchain/risc-v embedded gcc/bin/../lib/gcc/riscv-none-embed/8.2.0/rv32imac/ilp32\libgcc.a
LOAD d:/programfiles/mounriver/mounriver_studio2/resources/app/resources/win32/components/wch/toolchain/risc-v embedded gcc/bin/../lib/gcc/riscv-none-embed/8.2.0/../../../../riscv-none-embed/lib/rv32imac/ilp32\libg_nano.a
LOAD d:/programfiles/mounriver/mounriver_studio2/resources/app/resources/win32/components/wch/toolchain/risc-v embedded gcc/bin/../lib/gcc/riscv-none-embed/8.2.0/../../../../riscv-none-embed/lib/rv32imac/ilp32\libc_nano.a
LOAD d:/programfiles/mounriver/mounriver_studio2/resources/app/resources/win32/components/wch/toolchain/risc-v embedded gcc/bin/../lib/gcc/riscv-none-embed/8.2.0/rv32imac/ilp32\libgcc.a
START GROUP
LOAD d:/programfiles/mounriver/mounriver_studio2/resources/app/resources/win32/components/wch/toolchain/risc-v embedded gcc/bin/../lib/gcc/riscv-none-embed/8.2.0/rv32imac/ilp32\libgcc.a
LOAD d:/programfiles/mounriver/mounriver_studio2/resources/app/resources/win32/components/wch/toolchain/risc-v embedded gcc/bin/../lib/gcc/riscv-none-embed/8.2.0/../../../../riscv-none-embed/lib/rv32imac/ilp32\libc_nano.a
LOAD d:/programfiles/mounriver/mounriver_studio2/resources/app/resources/win32/components/wch/toolchain/risc-v embedded gcc/bin/../lib/gcc/riscv-none-embed/8.2.0/../../../../riscv-none-embed/lib/rv32imac/ilp32\libnosys.a
END GROUP
START GROUP
LOAD d:/programfiles/mounriver/mounriver_studio2/resources/app/resources/win32/components/wch/toolchain/risc-v embedded gcc/bin/../lib/gcc/riscv-none-embed/8.2.0/rv32imac/ilp32\libgcc.a
LOAD d:/programfiles/mounriver/mounriver_studio2/resources/app/resources/win32/components/wch/toolchain/risc-v embedded gcc/bin/../lib/gcc/riscv-none-embed/8.2.0/../../../../riscv-none-embed/lib/rv32imac/ilp32\libc_nano.a
LOAD d:/programfiles/mounriver/mounriver_studio2/resources/app/resources/win32/components/wch/toolchain/risc-v embedded gcc/bin/../lib/gcc/riscv-none-embed/8.2.0/../../../../riscv-none-embed/lib/rv32imac/ilp32\libnosys.a
END GROUP
                0x0000000000000200                __stack_size = 0x200
                [!provide]                        PROVIDE (_stack_size = __stack_size)

.init           0x0000000000000000        0x4
                0x0000000000000000                _sinit = .
                0x0000000000000000                . = ALIGN (0x4)
 *(SORT_NONE(.init))
 .init          0x0000000000000000        0x4 ./Startup/startup_CH583.o
                0x0000000000000000                _start
                0x0000000000000004                . = ALIGN (0x4)
                0x0000000000000004                _einit = .

.highcodelalign
                0x0000000000000004        0x0
                0x0000000000000004                . = ALIGN (0x4)
                0x0000000000000004                PROVIDE (_highcode_lma = .)

.highcode       0x0000000020000000     0x2030 load address 0x0000000000000004
                0x0000000020000000                . = ALIGN (0x4)
                0x0000000020000000                PROVIDE (_highcode_vma_start = .)
 *(.vector)
 .vector        0x0000000020000000       0x90 ./Startup/startup_CH583.o
 *(SORT_NONE(.vector_handler))
 .vector_handler
                0x0000000020000090        0x2 ./Startup/startup_CH583.o
                0x0000000020000090                GPIOB_IRQHandler
                0x0000000020000090                GPIOA_IRQHandler
                0x0000000020000090                SysTick_Handler
                0x0000000020000090                NMI_Handler
                0x0000000020000090                UART1_IRQHandler
                0x0000000020000090                UART0_IRQHandler
                0x0000000020000090                BB_IRQHandler
                0x0000000020000090                Break_Point_Handler
                0x0000000020000090                TMR0_IRQHandler
                0x0000000020000090                Ecall_M_Mode_Handler
                0x0000000020000090                UART2_IRQHandler
                0x0000000020000090                PWMX_IRQHandler
                0x0000000020000090                ADC_IRQHandler
                0x0000000020000090                TMR2_IRQHandler
                0x0000000020000090                USB_IRQHandler
                0x0000000020000090                I2C_IRQHandler
                0x0000000020000090                USB2_IRQHandler
                0x0000000020000090                LLE_IRQHandler
                0x0000000020000090                WDOG_BAT_IRQHandler
                0x0000000020000090                Ecall_U_Mode_Handler
                0x0000000020000090                TMR3_IRQHandler
                0x0000000020000090                SW_Handler
                0x0000000020000090                SPI0_IRQHandler
                0x0000000020000090                UART3_IRQHandler
                0x0000000020000090                TMR1_IRQHandler
 *(.highcode)
 .highcode      0x0000000020000092       0x18 ./StdPeriphDriver/CH58x_clk.o
                0x0000000020000092                RTC_GetCycle32k
 .highcode      0x00000000200000aa      0x4ec ./StdPeriphDriver/CH58x_sys.o
                0x00000000200000aa                SetSysClock
                0x0000000020000430                SYS_ResetExecute
                0x00000000200004a2                HardFault_Handler
                0x0000000020000560                mDelayuS
                0x000000002000056e                mDelaymS
 .highcode      0x0000000020000596       0x16 ./HAL/RTC.o
                0x0000000020000596                RTC_IRQHandler
 .highcode      0x00000000200005ac        0x8 ./APP/hidmouse_main.o
                0x00000000200005ac                Main_Circulation
 .highcode      0x00000000200005b4      0x426 c:\Users\DuRuofu\Downloads\CH583EVT\EVT\EXAM\SRC\StdPeriphDriver\libISP583.a(ISP583.o)
                0x00000000200005b4                FLASH_ROM_BEG
                0x00000000200005c6                FLASH_ROM_END
                0x00000000200005d4                FLASH_ROM_IN
                0x00000000200005e2                FLASH_ROM_OUT
                0x00000000200005f0                FLASH_ROM_ADDR
                0x0000000020000638                FLASH_ROM_WAIT
                0x0000000020000670                FLASH_EEPROM_CMD
 .highcode      0x00000000200009da      0x40c c:\Users\DuRuofu\Downloads\CH583EVT\EVT\EXAM\BLE\LIB\libCH58xBLE.a(tmos.o)
                0x00000000200009da                tmos_memcpy
                0x00000000200009fa                tmos_memcpy_word
                0x0000000020000a12                tmos_memset
                0x0000000020000a24                tmos_strlen
                0x0000000020000a38                tmos_memdup
                0x0000000020000a6a                tmos_memcmp
                0x0000000020000a98                tmos_revmemcpy
                0x0000000020000ab4                tmos_isbufset
                0x0000000020000ad6                tmos_proces_system_time
                0x0000000020000c0a                TMOS_SystemProcess
 .highcode      0x0000000020000de6       0x50 c:\Users\DuRuofu\Downloads\CH583EVT\EVT\EXAM\BLE\LIB\libCH58xBLE.a(tmos_hw.o)
                0x0000000020000e30                TMOS_TimerIRQHandler
 .highcode      0x0000000020000e36       0x4e c:\Users\DuRuofu\Downloads\CH583EVT\EVT\EXAM\BLE\LIB\libCH58xBLE.a(ll_whitelist.o)
                0x0000000020000e36                LL_WhitelistLookup
 .highcode      0x0000000020000e84      0x1b2 c:\Users\DuRuofu\Downloads\CH583EVT\EVT\EXAM\BLE\LIB\libCH58xBLE.a(aes.o)
                0x0000000020000e84                AES_DevAESEnc
 .highcode      0x0000000020001036      0x14a c:\Users\DuRuofu\Downloads\CH583EVT\EVT\EXAM\BLE\LIB\libCH58xBLE.a(bb.o)
                0x0000000020001036                BB_IRQLibHandler
                0x0000000020001136                BB_IRQLibFunction
 .highcode      0x0000000020001180      0x368 c:\Users\DuRuofu\Downloads\CH583EVT\EVT\EXAM\BLE\LIB\libCH58xBLE.a(ip.o)
                0x0000000020001180                ll_rx_wait_finish
                0x00000000200011ba                ble_ll_chkcrc
                0x0000000020001258                ll_tx_wait_finish
                0x0000000020001350                BLE_CheckHoppingMap
 .highcode      0x00000000200014e8      0x254 c:\Users\DuRuofu\Downloads\CH583EVT\EVT\EXAM\BLE\LIB\libCH58xBLE.a(lle.o)
                0x00000000200014e8                LLE_IRQLibHandler
                0x00000000200016f2                LLE_IRQLibFunction
 .highcode      0x000000002000173c       0x32 c:\Users\DuRuofu\Downloads\CH583EVT\EVT\EXAM\BLE\LIB\libCH58xBLE.a(rfend.o)
                0x000000002000173c                RFEND_WaitTune
 .highcode      0x000000002000176e      0x19e c:\Users\DuRuofu\Downloads\CH583EVT\EVT\EXAM\BLE\LIB\libCH58xBLE.a(memory.o)
                0x000000002000176e                tmos_memory_allocate
                0x0000000020001834                tmos_memory_free
 .highcode      0x000000002000190c      0x2da c:\Users\DuRuofu\Downloads\CH583EVT\EVT\EXAM\BLE\LIB\libCH58xBLE.a(ll_connect.o)
                0x000000002000190c                ll_connect_send_data
                0x0000000020001a38                ll_connect_recv_data
                0x0000000020001b14                ll_connect_event_continue
                0x0000000020001bda                ll_wait_connect_event
 .highcode      0x0000000020001be6      0x310 c:\Users\DuRuofu\Downloads\CH583EVT\EVT\EXAM\BLE\LIB\libCH58xBLE.a(ll_hop.o)
                0x0000000020001be6                LL_HopGetChannel
                0x0000000020001c8c                LL_HopGetChannel2
 .highcode      0x0000000020001ef6      0x138 c:\Users\DuRuofu\Downloads\CH583EVT\EVT\EXAM\BLE\LIB\libCH58xBLE.a(ll_resolvinglist.o)
                0x0000000020001ef6                ll_resolvinglist_checkRPA
                0x0000000020001f62                LL_ResolvinglistPeerIdentifyAddressGetIrk
                0x0000000020001fb6                LL_ResolvinglistPeerRpaAddressGetIrk
                0x0000000020001ff2                LL_ResolvinglistLocalRpaAddressGetIrk
 *(.highcode.*)
                0x0000000020002030                . = ALIGN (0x4)
 *fill*         0x000000002000202e        0x2 
                0x0000000020002030                PROVIDE (_highcode_vma_end = .)

.text           0x0000000000002034    0x231b8
                0x0000000000002034                . = ALIGN (0x4)
 *(SORT_NONE(.handle_reset))
 .handle_reset  0x0000000000002034       0xda ./Startup/startup_CH583.o
                0x0000000000002034                handle_reset
 *(.text)
 .text          0x000000000000210e       0xa8 d:/programfiles/mounriver/mounriver_studio2/resources/app/resources/win32/components/wch/toolchain/risc-v embedded gcc/bin/../lib/gcc/riscv-none-embed/8.2.0/../../../../riscv-none-embed/lib/rv32imac/ilp32\libg_nano.a(lib_a-memset.o)
                0x000000000000210e                memset
 *(.text.*)
 .text.ADC_InterTSSampInit
                0x00000000000021b6       0x28 ./StdPeriphDriver/CH58x_adc.o
                0x00000000000021b6                ADC_InterTSSampInit
 .text.LSECFG_Current
                0x00000000000021de       0x68 ./StdPeriphDriver/CH58x_clk.o
                0x00000000000021de                LSECFG_Current
 .text.RTC_InitTime
                0x0000000000002246      0x204 ./StdPeriphDriver/CH58x_clk.o
                0x0000000000002246                RTC_InitTime
 .text.Calibration_LSI
                0x000000000000244a      0x8da ./StdPeriphDriver/CH58x_clk.o
                0x000000000000244a                Calibration_LSI
 .text.GPIOA_ModeCfg
                0x0000000000002d24       0xa6 ./StdPeriphDriver/CH58x_gpio.o
                0x0000000000002d24                GPIOA_ModeCfg
 .text.GetSysClock
                0x0000000000002dca       0x42 ./StdPeriphDriver/CH58x_sys.o
                0x0000000000002dca                GetSysClock
 .text.SYS_DisableAllIrq
                0x0000000000002e0c       0x20 ./StdPeriphDriver/CH58x_sys.o
                0x0000000000002e0c                SYS_DisableAllIrq
 .text.SYS_RecoverIrq
                0x0000000000002e2c       0x14 ./StdPeriphDriver/CH58x_sys.o
                0x0000000000002e2c                SYS_RecoverIrq
 .text.SYS_GetSysTickCnt
                0x0000000000002e40        0xa ./StdPeriphDriver/CH58x_sys.o
                0x0000000000002e40                SYS_GetSysTickCnt
 .text._write   0x0000000000002e4a       0x28 ./StdPeriphDriver/CH58x_sys.o
                0x0000000000002e4a                _write
 .text._sbrk    0x0000000000002e72       0x34 ./StdPeriphDriver/CH58x_sys.o
                0x0000000000002e72                _sbrk
 .text.UART1_BaudRateCfg
                0x0000000000002ea6       0x30 ./StdPeriphDriver/CH58x_uart1.o
                0x0000000000002ea6                UART1_BaudRateCfg
 .text.UART1_DefInit
                0x0000000000002ed6       0x32 ./StdPeriphDriver/CH58x_uart1.o
                0x0000000000002ed6                UART1_DefInit
 .text.battMeasure
                0x0000000000002f08       0x78 ./Profile/battservice.o
 .text.battWriteAttrCB
                0x0000000000002f80       0x5e ./Profile/battservice.o
 .text.battReadAttrCB
                0x0000000000002fde       0x72 ./Profile/battservice.o
 .text.battNotifyCB
                0x0000000000003050       0x72 ./Profile/battservice.o
 .text.Batt_AddService
                0x00000000000030c2       0x2c ./Profile/battservice.o
                0x00000000000030c2                Batt_AddService
 .text.Batt_Register
                0x00000000000030ee        0x6 ./Profile/battservice.o
                0x00000000000030ee                Batt_Register
 .text.Batt_SetParameter
                0x00000000000030f4       0x36 ./Profile/battservice.o
                0x00000000000030f4                Batt_SetParameter
 .text.Batt_GetParameter
                0x000000000000312a       0x66 ./Profile/battservice.o
                0x000000000000312a                Batt_GetParameter
 .text.Batt_MeasLevel
                0x0000000000003190       0x26 ./Profile/battservice.o
                0x0000000000003190                Batt_MeasLevel
 .text.Batt_HandleConnStatusCB
                0x00000000000031b6       0x3e ./Profile/battservice.o
                0x00000000000031b6                Batt_HandleConnStatusCB
 .text.devInfo_ReadAttrCB
                0x00000000000031f4      0x196 ./Profile/devinfoservice.o
 .text.DevInfo_AddService
                0x000000000000338a       0x18 ./Profile/devinfoservice.o
                0x000000000000338a                DevInfo_AddService
 .text.hidDevScanParamCB
                0x00000000000033a2        0x2 ./Profile/hiddev.o
 .text.hidDevRptByHandle
                0x00000000000033a4       0x30 ./Profile/hiddev.o
 .text.hidDevParamUpdateCB
                0x00000000000033d4       0x12 ./Profile/hiddev.o
 .text.hidDevInitialAdvertising
                0x00000000000033e6       0x3c ./Profile/hiddev.o
 .text.hidDevBattCB
                0x0000000000003422       0x28 ./Profile/hiddev.o
 .text.hidDevPairStateCB
                0x000000000000344a       0x28 ./Profile/hiddev.o
 .text.hidDevPasscodeCB
                0x0000000000003472       0x34 ./Profile/hiddev.o
 .text.HidDev_ProcessEvent
                0x00000000000034a6       0xe8 ./Profile/hiddev.o
                0x00000000000034a6                HidDev_ProcessEvent
 .text.hidDevGapStateCB
                0x000000000000358e      0x122 ./Profile/hiddev.o
 .text.HidDev_Init
                0x00000000000036b0       0x66 ./Profile/hiddev.o
                0x00000000000036b0                HidDev_Init
 .text.HidDev_Register
                0x0000000000003716        0xa ./Profile/hiddev.o
                0x0000000000003716                HidDev_Register
 .text.HidDev_RegisterReports
                0x0000000000003720        0xa ./Profile/hiddev.o
                0x0000000000003720                HidDev_RegisterReports
 .text.HidDev_Report
                0x000000000000372a      0x12c ./Profile/hiddev.o
                0x000000000000372a                HidDev_Report
 .text.HidDev_ReadAttrCB
                0x0000000000003856      0x104 ./Profile/hiddev.o
                0x0000000000003856                HidDev_ReadAttrCB
 .text.HidDev_WriteAttrCB
                0x000000000000395a      0x146 ./Profile/hiddev.o
                0x000000000000395a                HidDev_WriteAttrCB
 .text.Hid_AddService
                0x0000000000003aa0       0x9a ./Profile/hidmouseservice.o
                0x0000000000003aa0                Hid_AddService
 .text.Hid_SetParameter
                0x0000000000003b3a       0x28 ./Profile/hidmouseservice.o
                0x0000000000003b3a                Hid_SetParameter
 .text.Hid_GetParameter
                0x0000000000003b62       0x28 ./Profile/hidmouseservice.o
                0x0000000000003b62                Hid_GetParameter
 .text.scanParamReadAttrCB
                0x0000000000003b8a        0x4 ./Profile/scanparamservice.o
 .text.scanParamWriteAttrCB
                0x0000000000003b8e       0x66 ./Profile/scanparamservice.o
 .text.ScanParam_AddService
                0x0000000000003bf4       0x2c ./Profile/scanparamservice.o
                0x0000000000003bf4                ScanParam_AddService
 .text.ScanParam_Register
                0x0000000000003c20        0x6 ./Profile/scanparamservice.o
                0x0000000000003c20                ScanParam_Register
 .text.ScanParam_RefreshNotify
                0x0000000000003c26       0x5c ./Profile/scanparamservice.o
                0x0000000000003c26                ScanParam_RefreshNotify
 .text.ScanParam_HandleConnStatusCB
                0x0000000000003c82       0x3e ./Profile/scanparamservice.o
                0x0000000000003c82                ScanParam_HandleConnStatusCB
 .text.Lib_Calibration_LSI
                0x0000000000003cc0        0x6 ./HAL/MCU.o
                0x0000000000003cc0                Lib_Calibration_LSI
 .text.Lib_Read_Flash
                0x0000000000003cc6       0x1c ./HAL/MCU.o
                0x0000000000003cc6                Lib_Read_Flash
 .text.Lib_Write_Flash
                0x0000000000003ce2       0x40 ./HAL/MCU.o
                0x0000000000003ce2                Lib_Write_Flash
 .text.HAL_GetInterTempValue
                0x0000000000003d22       0x72 ./HAL/MCU.o
                0x0000000000003d22                HAL_GetInterTempValue
 .text.HAL_ProcessEvent
                0x0000000000003d94       0x7a ./HAL/MCU.o
                0x0000000000003d94                HAL_ProcessEvent
 .text.CH58X_BLEInit
                0x0000000000003e0e      0x132 ./HAL/MCU.o
                0x0000000000003e0e                CH58X_BLEInit
 .text.HAL_Init
                0x0000000000003f40       0x30 ./HAL/MCU.o
                0x0000000000003f40                HAL_Init
 .text.HAL_TimeInit
                0x0000000000003f70       0xe0 ./HAL/RTC.o
                0x0000000000003f70                HAL_TimeInit
 .text.hidEmuEvtCB
                0x0000000000004050        0x2 ./APP/hidmouse.o
 .text.hidEmuStateCB
                0x0000000000004052       0xfc ./APP/hidmouse.o
 .text.hidEmuRptCB
                0x000000000000414e       0x3e ./APP/hidmouse.o
 .text.HidEmu_ProcessEvent
                0x000000000000418c       0xac ./APP/hidmouse.o
                0x000000000000418c                HidEmu_ProcessEvent
 .text.HidEmu_Init
                0x0000000000004238       0xee ./APP/hidmouse.o
                0x0000000000004238                HidEmu_Init
 .text.startup.main
                0x0000000000004326       0x50 ./APP/hidmouse_main.o
                0x0000000000004326                main
 .text.tmos_msg_enqueue
                0x0000000000004376       0x1e c:\Users\DuRuofu\Downloads\CH583EVT\EVT\EXAM\BLE\LIB\libCH58xBLE.a(message.o)
                0x0000000000004376                tmos_msg_enqueue
 .text.tmos_msg_deallocate
                0x0000000000004394       0x2c c:\Users\DuRuofu\Downloads\CH583EVT\EVT\EXAM\BLE\LIB\libCH58xBLE.a(message.o)
                0x0000000000004394                tmos_msg_deallocate
 .text.tmos_msg_allocate
                0x00000000000043c0       0x46 c:\Users\DuRuofu\Downloads\CH583EVT\EVT\EXAM\BLE\LIB\libCH58xBLE.a(message.o)
                0x00000000000043c0                tmos_msg_allocate
 .text.tmos_msg_receive
                0x0000000000004406       0x68 c:\Users\DuRuofu\Downloads\CH583EVT\EVT\EXAM\BLE\LIB\libCH58xBLE.a(message.o)
                0x0000000000004406                tmos_msg_receive
 .text.tmos_msg_send
                0x000000000000446e       0x5c c:\Users\DuRuofu\Downloads\CH583EVT\EVT\EXAM\BLE\LIB\libCH58xBLE.a(message.o)
                0x000000000000446e                tmos_msg_send
 .text.tmos_msg_init
                0x00000000000044ca        0x6 c:\Users\DuRuofu\Downloads\CH583EVT\EVT\EXAM\BLE\LIB\libCH58xBLE.a(message.o)
                0x00000000000044ca                tmos_msg_init
 .text.tmosFindTask
                0x00000000000044d0       0x20 c:\Users\DuRuofu\Downloads\CH583EVT\EVT\EXAM\BLE\LIB\libCH58xBLE.a(tmos.o)
 .text.TMOS_CB_PeriodicProcessEvent
                0x00000000000044f0       0x82 c:\Users\DuRuofu\Downloads\CH583EVT\EVT\EXAM\BLE\LIB\libCH58xBLE.a(tmos.o)
                0x00000000000044f0                TMOS_CB_PeriodicProcessEvent
 .text.TMOS_CB_ProcessEvent
                0x0000000000004572       0x7c c:\Users\DuRuofu\Downloads\CH583EVT\EVT\EXAM\BLE\LIB\libCH58xBLE.a(tmos.o)
                0x0000000000004572                TMOS_CB_ProcessEvent
 .text.tmos_rand
                0x00000000000045ee       0x4e c:\Users\DuRuofu\Downloads\CH583EVT\EVT\EXAM\BLE\LIB\libCH58xBLE.a(tmos.o)
                0x00000000000045ee                tmos_rand
 .text.tmos_start_periodic_callback_task
                0x000000000000463c       0xda c:\Users\DuRuofu\Downloads\CH583EVT\EVT\EXAM\BLE\LIB\libCH58xBLE.a(tmos.o)
                0x000000000000463c                tmos_start_periodic_callback_task
 .text.tmos_set_event
                0x0000000000004716       0x2a c:\Users\DuRuofu\Downloads\CH583EVT\EVT\EXAM\BLE\LIB\libCH58xBLE.a(tmos.o)
                0x0000000000004716                tmos_set_event
 .text.tmos_clear_event
                0x0000000000004740       0x2e c:\Users\DuRuofu\Downloads\CH583EVT\EVT\EXAM\BLE\LIB\libCH58xBLE.a(tmos.o)
                0x0000000000004740                tmos_clear_event
 .text.tmos_update_callback_timer
                0x000000000000476e       0xba c:\Users\DuRuofu\Downloads\CH583EVT\EVT\EXAM\BLE\LIB\libCH58xBLE.a(tmos.o)
                0x000000000000476e                tmos_update_callback_timer
 .text.tmos_update_periodic_callback_timer
                0x0000000000004828       0x5a c:\Users\DuRuofu\Downloads\CH583EVT\EVT\EXAM\BLE\LIB\libCH58xBLE.a(tmos.o)
                0x0000000000004828                tmos_update_periodic_callback_timer
 .text.tmos_start_task
                0x0000000000004882      0x126 c:\Users\DuRuofu\Downloads\CH583EVT\EVT\EXAM\BLE\LIB\libCH58xBLE.a(tmos.o)
                0x0000000000004882                tmos_start_task
 .text.tmos_start_callback_task
                0x00000000000049a8       0x96 c:\Users\DuRuofu\Downloads\CH583EVT\EVT\EXAM\BLE\LIB\libCH58xBLE.a(tmos.o)
                0x00000000000049a8                tmos_start_callback_task
 .text.tmos_start_reload_task
                0x0000000000004a3e       0x56 c:\Users\DuRuofu\Downloads\CH583EVT\EVT\EXAM\BLE\LIB\libCH58xBLE.a(tmos.o)
                0x0000000000004a3e                tmos_start_reload_task
 .text.tmos_stop_task
                0x0000000000004a94       0x48 c:\Users\DuRuofu\Downloads\CH583EVT\EVT\EXAM\BLE\LIB\libCH58xBLE.a(tmos.o)
                0x0000000000004a94                tmos_stop_task
 .text.tmos_stop_callback_task
                0x0000000000004adc       0x56 c:\Users\DuRuofu\Downloads\CH583EVT\EVT\EXAM\BLE\LIB\libCH58xBLE.a(tmos.o)
                0x0000000000004adc                tmos_stop_callback_task
 .text.tmos_get_task_timer
                0x0000000000004b32       0x5e c:\Users\DuRuofu\Downloads\CH583EVT\EVT\EXAM\BLE\LIB\libCH58xBLE.a(tmos.o)
                0x0000000000004b32                tmos_get_task_timer
 .text.TMOS_TimerRegister
                0x0000000000004b90       0x1a c:\Users\DuRuofu\Downloads\CH583EVT\EVT\EXAM\BLE\LIB\libCH58xBLE.a(tmos.o)
                0x0000000000004b90                TMOS_TimerRegister
 .text.TMOS_ProcessRegister
                0x0000000000004baa       0x16 c:\Users\DuRuofu\Downloads\CH583EVT\EVT\EXAM\BLE\LIB\libCH58xBLE.a(tmos.o)
                0x0000000000004baa                TMOS_ProcessRegister
 .text.TMOS_Init
                0x0000000000004bc0      0x10e c:\Users\DuRuofu\Downloads\CH583EVT\EVT\EXAM\BLE\LIB\libCH58xBLE.a(tmos.o)
                0x0000000000004bc0                TMOS_Init
 .text.TMOS_ProcessEventRegister
                0x0000000000004cce       0x38 c:\Users\DuRuofu\Downloads\CH583EVT\EVT\EXAM\BLE\LIB\libCH58xBLE.a(tmos.o)
                0x0000000000004cce                TMOS_ProcessEventRegister
 .text.BLE_LibInit
                0x0000000000004d06      0x178 c:\Users\DuRuofu\Downloads\CH583EVT\EVT\EXAM\BLE\LIB\libCH58xBLE.a(tmos.o)
                0x0000000000004d06                BLE_LibInit
 .text.clockGetTickValve
                0x0000000000004e7e       0x7e c:\Users\DuRuofu\Downloads\CH583EVT\EVT\EXAM\BLE\LIB\libCH58xBLE.a(tmos_hw.o)
 .text.ll_get_sca_divisor
                0x0000000000004efc       0x40 c:\Users\DuRuofu\Downloads\CH583EVT\EVT\EXAM\BLE\LIB\libCH58xBLE.a(tmos_hw.o)
                0x0000000000004efc                ll_get_sca_divisor
 .text.ll_get_sca_own
                0x0000000000004f3c       0x46 c:\Users\DuRuofu\Downloads\CH583EVT\EVT\EXAM\BLE\LIB\libCH58xBLE.a(tmos_hw.o)
                0x0000000000004f3c                ll_get_sca_own
 .text.ble_ll_common_rand8
                0x0000000000004f82       0x24 c:\Users\DuRuofu\Downloads\CH583EVT\EVT\EXAM\BLE\LIB\libCH58xBLE.a(tmos_hw.o)
                0x0000000000004f82                ble_ll_common_rand8
 .text.ble_ll_common_rand16
                0x0000000000004fa6       0x24 c:\Users\DuRuofu\Downloads\CH583EVT\EVT\EXAM\BLE\LIB\libCH58xBLE.a(tmos_hw.o)
                0x0000000000004fa6                ble_ll_common_rand16
 .text.ble_ll_common_rand32
                0x0000000000004fca       0x20 c:\Users\DuRuofu\Downloads\CH583EVT\EVT\EXAM\BLE\LIB\libCH58xBLE.a(tmos_hw.o)
                0x0000000000004fca                ble_ll_common_rand32
 .text.TMOS_TempSample
                0x0000000000004fea       0x62 c:\Users\DuRuofu\Downloads\CH583EVT\EVT\EXAM\BLE\LIB\libCH58xBLE.a(tmos_hw.o)
                0x0000000000004fea                TMOS_TempSample
 .text.TMOS_TimerInit
                0x000000000000504c      0x14e c:\Users\DuRuofu\Downloads\CH583EVT\EVT\EXAM\BLE\LIB\libCH58xBLE.a(tmos_hw.o)
                0x000000000000504c                TMOS_TimerInit
 .text.tmos_snv_init
                0x000000000000519a       0xc0 c:\Users\DuRuofu\Downloads\CH583EVT\EVT\EXAM\BLE\LIB\libCH58xBLE.a(tmos_snv.o)
                0x000000000000519a                tmos_snv_init
 .text.tmos_snv_read
                0x000000000000525a      0x292 c:\Users\DuRuofu\Downloads\CH583EVT\EVT\EXAM\BLE\LIB\libCH58xBLE.a(tmos_snv.o)
                0x000000000000525a                tmos_snv_read
 .text.tmos_snv_notify
                0x00000000000054ec       0x5a c:\Users\DuRuofu\Downloads\CH583EVT\EVT\EXAM\BLE\LIB\libCH58xBLE.a(tmos_snv.o)
                0x00000000000054ec                tmos_snv_notify
 .text.tmos_snv_write
                0x0000000000005546      0x2ce c:\Users\DuRuofu\Downloads\CH583EVT\EVT\EXAM\BLE\LIB\libCH58xBLE.a(tmos_snv.o)
                0x0000000000005546                tmos_snv_write
 .text.tmos_snv_compact
                0x0000000000005814        0x4 c:\Users\DuRuofu\Downloads\CH583EVT\EVT\EXAM\BLE\LIB\libCH58xBLE.a(tmos_snv.o)
                0x0000000000005814                tmos_snv_compact
 .text.disconnectNext
                0x0000000000005818       0x22 c:\Users\DuRuofu\Downloads\CH583EVT\EVT\EXAM\BLE\LIB\libCH58xBLE.a(gap.o)
 .text.GAP_ParamInit
                0x000000000000583a       0xec c:\Users\DuRuofu\Downloads\CH583EVT\EVT\EXAM\BLE\LIB\libCH58xBLE.a(gap.o)
                0x000000000000583a                GAP_ParamInit
 .text.sendTerminateEvent
                0x0000000000005926       0x58 c:\Users\DuRuofu\Downloads\CH583EVT\EVT\EXAM\BLE\LIB\libCH58xBLE.a(gap.o)
                0x0000000000005926                sendTerminateEvent
 .text.gapRegisterCentral
                0x000000000000597e        0x6 c:\Users\DuRuofu\Downloads\CH583EVT\EVT\EXAM\BLE\LIB\libCH58xBLE.a(gap.o)
                0x000000000000597e                gapRegisterCentral
 .text.gapRegisterCentralConn
                0x0000000000005984        0x6 c:\Users\DuRuofu\Downloads\CH583EVT\EVT\EXAM\BLE\LIB\libCH58xBLE.a(gap.o)
                0x0000000000005984                gapRegisterCentralConn
 .text.gapRegisterPeripheral
                0x000000000000598a        0x6 c:\Users\DuRuofu\Downloads\CH583EVT\EVT\EXAM\BLE\LIB\libCH58xBLE.a(gap.o)
                0x000000000000598a                gapRegisterPeripheral
 .text.gapRegisterPeripheralConn
                0x0000000000005990        0x6 c:\Users\DuRuofu\Downloads\CH583EVT\EVT\EXAM\BLE\LIB\libCH58xBLE.a(gap.o)
                0x0000000000005990                gapRegisterPeripheralConn
 .text.smGenerateRandBuf
                0x0000000000005996       0x56 c:\Users\DuRuofu\Downloads\CH583EVT\EVT\EXAM\BLE\LIB\libCH58xBLE.a(gap.o)
                0x0000000000005996                smGenerateRandBuf
 .text.gapL2capConnParamUpdateReq
                0x00000000000059ec       0x36 c:\Users\DuRuofu\Downloads\CH583EVT\EVT\EXAM\BLE\LIB\libCH58xBLE.a(gap.o)
                0x00000000000059ec                gapL2capConnParamUpdateReq
 .text.gapValidADType
                0x0000000000005a22       0x16 c:\Users\DuRuofu\Downloads\CH583EVT\EVT\EXAM\BLE\LIB\libCH58xBLE.a(gap.o)
                0x0000000000005a22                gapValidADType
 .text.gapFindADType
                0x0000000000005a38       0x92 c:\Users\DuRuofu\Downloads\CH583EVT\EVT\EXAM\BLE\LIB\libCH58xBLE.a(gap.o)
                0x0000000000005a38                gapFindADType
 .text.GAP_SecParamsInit
                0x0000000000005aca       0xaa c:\Users\DuRuofu\Downloads\CH583EVT\EVT\EXAM\BLE\LIB\libCH58xBLE.a(gap.o)
                0x0000000000005aca                GAP_SecParamsInit
 .text.GAP_ParamsInit
                0x0000000000005b74       0x50 c:\Users\DuRuofu\Downloads\CH583EVT\EVT\EXAM\BLE\LIB\libCH58xBLE.a(gap.o)
                0x0000000000005b74                GAP_ParamsInit
 .text.gapAddAddrAdj
                0x0000000000005bc4       0x48 c:\Users\DuRuofu\Downloads\CH583EVT\EVT\EXAM\BLE\LIB\libCH58xBLE.a(gap.o)
                0x0000000000005bc4                gapAddAddrAdj
 .text.gapDetermineAddrType
                0x0000000000005c0c       0x28 c:\Users\DuRuofu\Downloads\CH583EVT\EVT\EXAM\BLE\LIB\libCH58xBLE.a(gap.o)
                0x0000000000005c0c                gapDetermineAddrType
 .text.gapFreeAuthLink
                0x0000000000005c34       0x4a c:\Users\DuRuofu\Downloads\CH583EVT\EVT\EXAM\BLE\LIB\libCH58xBLE.a(gap.o)
                0x0000000000005c34                gapFreeAuthLink
 .text.gapGetDevAddress
                0x0000000000005c7e       0x24 c:\Users\DuRuofu\Downloads\CH583EVT\EVT\EXAM\BLE\LIB\libCH58xBLE.a(gap.o)
                0x0000000000005c7e                gapGetDevAddress
 .text.gapGetDevAddressMode
                0x0000000000005ca2        0xa c:\Users\DuRuofu\Downloads\CH583EVT\EVT\EXAM\BLE\LIB\libCH58xBLE.a(gap.o)
                0x0000000000005ca2                gapGetDevAddressMode
 .text.gapGetIRK
                0x0000000000005cac        0xc c:\Users\DuRuofu\Downloads\CH583EVT\EVT\EXAM\BLE\LIB\libCH58xBLE.a(gap.o)
                0x0000000000005cac                gapGetIRK
 .text.gapGetSRK
                0x0000000000005cb8        0xc c:\Users\DuRuofu\Downloads\CH583EVT\EVT\EXAM\BLE\LIB\libCH58xBLE.a(gap.o)
                0x0000000000005cb8                gapGetSRK
 .text.gapGetSignCounter
                0x0000000000005cc4        0xe c:\Users\DuRuofu\Downloads\CH583EVT\EVT\EXAM\BLE\LIB\libCH58xBLE.a(gap.o)
                0x0000000000005cc4                gapGetSignCounter
 .text.gapIncSignCounter
                0x0000000000005cd2       0x28 c:\Users\DuRuofu\Downloads\CH583EVT\EVT\EXAM\BLE\LIB\libCH58xBLE.a(gap.o)
                0x0000000000005cd2                gapIncSignCounter
 .text.gapProcessConnEvt
                0x0000000000005cfa       0x48 c:\Users\DuRuofu\Downloads\CH583EVT\EVT\EXAM\BLE\LIB\libCH58xBLE.a(gap.o)
                0x0000000000005cfa                gapProcessConnEvt
 .text.gapProcessDisconnectCompleteEvt
                0x0000000000005d42       0xa8 c:\Users\DuRuofu\Downloads\CH583EVT\EVT\EXAM\BLE\LIB\libCH58xBLE.a(gap.o)
                0x0000000000005d42                gapProcessDisconnectCompleteEvt
 .text.sendAuthEvent
                0x0000000000005dea      0x11e c:\Users\DuRuofu\Downloads\CH583EVT\EVT\EXAM\BLE\LIB\libCH58xBLE.a(gap.o)
                0x0000000000005dea                sendAuthEvent
 .text.gapSendBondCompleteEvent
                0x0000000000005f08       0x74 c:\Users\DuRuofu\Downloads\CH583EVT\EVT\EXAM\BLE\LIB\libCH58xBLE.a(gap.o)
                0x0000000000005f08                gapSendBondCompleteEvent
 .text.gapSendPairingReqEvent
                0x0000000000005f7c       0x96 c:\Users\DuRuofu\Downloads\CH583EVT\EVT\EXAM\BLE\LIB\libCH58xBLE.a(gap.o)
                0x0000000000005f7c                gapSendPairingReqEvent
 .text.gapSendSlaveSecurityReqEvent
                0x0000000000006012       0x68 c:\Users\DuRuofu\Downloads\CH583EVT\EVT\EXAM\BLE\LIB\libCH58xBLE.a(gap.o)
                0x0000000000006012                gapSendSlaveSecurityReqEvent
 .text.gapSendDeviceInitDoneEvent
                0x000000000000607a       0x88 c:\Users\DuRuofu\Downloads\CH583EVT\EVT\EXAM\BLE\LIB\libCH58xBLE.a(gap.o)
                0x000000000000607a                gapSendDeviceInitDoneEvent
 .text.gapSendLinkUpdateEvent
                0x0000000000006102       0xb2 c:\Users\DuRuofu\Downloads\CH583EVT\EVT\EXAM\BLE\LIB\libCH58xBLE.a(gap.o)
                0x0000000000006102                gapSendLinkUpdateEvent
 .text.gapSendPhyUpdateEvent
                0x00000000000061b4       0x58 c:\Users\DuRuofu\Downloads\CH583EVT\EVT\EXAM\BLE\LIB\libCH58xBLE.a(gap.o)
                0x00000000000061b4                gapSendPhyUpdateEvent
 .text.gapSendEstLinkEvent
                0x000000000000620c       0xbc c:\Users\DuRuofu\Downloads\CH583EVT\EVT\EXAM\BLE\LIB\libCH58xBLE.a(gap.o)
                0x000000000000620c                gapSendEstLinkEvent
 .text.gapProcessNewAddr
                0x00000000000062c8       0x3e c:\Users\DuRuofu\Downloads\CH583EVT\EVT\EXAM\BLE\LIB\libCH58xBLE.a(gap.o)
                0x00000000000062c8                gapProcessNewAddr
 .text.gapProcessRandomAddrComplete
                0x0000000000006306       0xb6 c:\Users\DuRuofu\Downloads\CH583EVT\EVT\EXAM\BLE\LIB\libCH58xBLE.a(gap.o)
                0x0000000000006306                gapProcessRandomAddrComplete
 .text.GAP_Authenticate
                0x00000000000063bc       0xde c:\Users\DuRuofu\Downloads\CH583EVT\EVT\EXAM\BLE\LIB\libCH58xBLE.a(gap.o)
                0x00000000000063bc                GAP_Authenticate
 .text.GAP_Bond
                0x000000000000649a       0xaa c:\Users\DuRuofu\Downloads\CH583EVT\EVT\EXAM\BLE\LIB\libCH58xBLE.a(gap.o)
                0x000000000000649a                GAP_Bond
 .text.GAP_GetParamValue
                0x0000000000006544       0x20 c:\Users\DuRuofu\Downloads\CH583EVT\EVT\EXAM\BLE\LIB\libCH58xBLE.a(gap.o)
                0x0000000000006544                GAP_GetParamValue
 .text.GAP_PasscodeUpdate
                0x0000000000006564       0x54 c:\Users\DuRuofu\Downloads\CH583EVT\EVT\EXAM\BLE\LIB\libCH58xBLE.a(gap.o)
                0x0000000000006564                GAP_PasscodeUpdate
 .text.GAP_RegisterForMsgs
                0x00000000000065b8        0xa c:\Users\DuRuofu\Downloads\CH583EVT\EVT\EXAM\BLE\LIB\libCH58xBLE.a(gap.o)
                0x00000000000065b8                GAP_RegisterForMsgs
 .text.GAP_ResolvePrivateAddr
                0x00000000000065c2        0x4 c:\Users\DuRuofu\Downloads\CH583EVT\EVT\EXAM\BLE\LIB\libCH58xBLE.a(gap.o)
                0x00000000000065c2                GAP_ResolvePrivateAddr
 .text.gapPairingCompleteCB
                0x00000000000065c6      0x18c c:\Users\DuRuofu\Downloads\CH583EVT\EVT\EXAM\BLE\LIB\libCH58xBLE.a(gap.o)
                0x00000000000065c6                gapPairingCompleteCB
 .text.gapPasskeyNeededCB
                0x0000000000006752       0x8e c:\Users\DuRuofu\Downloads\CH583EVT\EVT\EXAM\BLE\LIB\libCH58xBLE.a(gap.o)
                0x0000000000006752                gapPasskeyNeededCB
 .text.gapOobNeededCB
                0x00000000000067e0       0xa6 c:\Users\DuRuofu\Downloads\CH583EVT\EVT\EXAM\BLE\LIB\libCH58xBLE.a(gap.o)
                0x00000000000067e0                gapOobNeededCB
 .text.gapFreeEstLink
                0x0000000000006886       0x20 c:\Users\DuRuofu\Downloads\CH583EVT\EVT\EXAM\BLE\LIB\libCH58xBLE.a(gap.o)
                0x0000000000006886                gapFreeEstLink
 .text.gapUpdateConnSignCounter
                0x00000000000068a6       0x7a c:\Users\DuRuofu\Downloads\CH583EVT\EVT\EXAM\BLE\LIB\libCH58xBLE.a(gap.o)
                0x00000000000068a6                gapUpdateConnSignCounter
 .text.GAP_SendSlaveSecurityRequest
                0x0000000000006920       0x4a c:\Users\DuRuofu\Downloads\CH583EVT\EVT\EXAM\BLE\LIB\libCH58xBLE.a(gap.o)
                0x0000000000006920                GAP_SendSlaveSecurityRequest
 .text.GAP_Signable
                0x000000000000696a       0x6a c:\Users\DuRuofu\Downloads\CH583EVT\EVT\EXAM\BLE\LIB\libCH58xBLE.a(gap.o)
                0x000000000000696a                GAP_Signable
 .text.GAP_TerminateAuth
                0x00000000000069d4       0x2a c:\Users\DuRuofu\Downloads\CH583EVT\EVT\EXAM\BLE\LIB\libCH58xBLE.a(gap.o)
                0x00000000000069d4                GAP_TerminateAuth
 .text.GAP_NumActiveConnections
                0x00000000000069fe        0x4 c:\Users\DuRuofu\Downloads\CH583EVT\EVT\EXAM\BLE\LIB\libCH58xBLE.a(gap.o)
                0x00000000000069fe                GAP_NumActiveConnections
 .text.GAP_TerminateLinkReq
                0x0000000000006a02       0x8e c:\Users\DuRuofu\Downloads\CH583EVT\EVT\EXAM\BLE\LIB\libCH58xBLE.a(gap.o)
                0x0000000000006a02                GAP_TerminateLinkReq
 .text.GAP_SetParamValue
                0x0000000000006a90       0x6c c:\Users\DuRuofu\Downloads\CH583EVT\EVT\EXAM\BLE\LIB\libCH58xBLE.a(gap.o)
                0x0000000000006a90                GAP_SetParamValue
 .text.GAP_Init
                0x0000000000006afc       0x48 c:\Users\DuRuofu\Downloads\CH583EVT\EVT\EXAM\BLE\LIB\libCH58xBLE.a(gap.o)
                0x0000000000006afc                GAP_Init
 .text.GAP_ProcessEvent
                0x0000000000006b44      0x66a c:\Users\DuRuofu\Downloads\CH583EVT\EVT\EXAM\BLE\LIB\libCH58xBLE.a(gap.o)
                0x0000000000006b44                GAP_ProcessEvent
 .text.gapSendScanEnable
                0x00000000000071ae       0x3a c:\Users\DuRuofu\Downloads\CH583EVT\EVT\EXAM\BLE\LIB\libCH58xBLE.a(gap_central.o)
 .text.gapCentProcessConnEvt
                0x00000000000071e8      0x168 c:\Users\DuRuofu\Downloads\CH583EVT\EVT\EXAM\BLE\LIB\libCH58xBLE.a(gap_central.o)
                0x00000000000071e8                gapCentProcessConnEvt
 .text.gapProcessScanningPeriodicAdvEvt
                0x0000000000007350       0xa0 c:\Users\DuRuofu\Downloads\CH583EVT\EVT\EXAM\BLE\LIB\libCH58xBLE.a(gap_central.o)
                0x0000000000007350                gapProcessScanningPeriodicAdvEvt
 .text.gapCancelLinkReq
                0x00000000000073f0       0x38 c:\Users\DuRuofu\Downloads\CH583EVT\EVT\EXAM\BLE\LIB\libCH58xBLE.a(gap_central.o)
                0x00000000000073f0                gapCancelLinkReq
 .text.gapProcessAdvertDevInfo
                0x0000000000007428      0x242 c:\Users\DuRuofu\Downloads\CH583EVT\EVT\EXAM\BLE\LIB\libCH58xBLE.a(gap_central.o)
                0x0000000000007428                gapProcessAdvertDevInfo
 .text.gapProcessExtAdvertDevInfo
                0x000000000000766a      0x260 c:\Users\DuRuofu\Downloads\CH583EVT\EVT\EXAM\BLE\LIB\libCH58xBLE.a(gap_central.o)
                0x000000000000766a                gapProcessExtAdvertDevInfo
 .text.gapProcessPeriodicAdvertisingSyncEstablishedEvt
                0x00000000000078ca       0xae c:\Users\DuRuofu\Downloads\CH583EVT\EVT\EXAM\BLE\LIB\libCH58xBLE.a(gap_central.o)
                0x00000000000078ca                gapProcessPeriodicAdvertisingSyncEstablishedEvt
 .text.gapProcessPeriodicAdvertisingSyncLostEvt
                0x0000000000007978       0x56 c:\Users\DuRuofu\Downloads\CH583EVT\EVT\EXAM\BLE\LIB\libCH58xBLE.a(gap_central.o)
                0x0000000000007978                gapProcessPeriodicAdvertisingSyncLostEvt
 .text.gapFreeScanRecs
                0x00000000000079ce       0xa6 c:\Users\DuRuofu\Downloads\CH583EVT\EVT\EXAM\BLE\LIB\libCH58xBLE.a(gap_central.o)
                0x00000000000079ce                gapFreeScanRecs
 .text.gapSendDevDiscEvent
                0x0000000000007a74      0x124 c:\Users\DuRuofu\Downloads\CH583EVT\EVT\EXAM\BLE\LIB\libCH58xBLE.a(gap_central.o)
                0x0000000000007a74                gapSendDevDiscEvent
 .text.gapSetScanParamStatus
                0x0000000000007b98       0x56 c:\Users\DuRuofu\Downloads\CH583EVT\EVT\EXAM\BLE\LIB\libCH58xBLE.a(gap_central.o)
 .text.gapCentProcessHCICmdEvt
                0x0000000000007bee       0x3c c:\Users\DuRuofu\Downloads\CH583EVT\EVT\EXAM\BLE\LIB\libCH58xBLE.a(gap_central.o)
                0x0000000000007bee                gapCentProcessHCICmdEvt
 .text.gapProcessScanningEvt
                0x0000000000007c2a      0x110 c:\Users\DuRuofu\Downloads\CH583EVT\EVT\EXAM\BLE\LIB\libCH58xBLE.a(gap_central.o)
                0x0000000000007c2a                gapProcessScanningEvt
 .text.gapProcessScanningDirectEvt
                0x0000000000007d3a       0xfe c:\Users\DuRuofu\Downloads\CH583EVT\EVT\EXAM\BLE\LIB\libCH58xBLE.a(gap_central.o)
                0x0000000000007d3a                gapProcessScanningDirectEvt
 .text.gapProcessScanningExtAdvEvt
                0x0000000000007e38      0x2c4 c:\Users\DuRuofu\Downloads\CH583EVT\EVT\EXAM\BLE\LIB\libCH58xBLE.a(gap_central.o)
                0x0000000000007e38                gapProcessScanningExtAdvEvt
 .text.GAP_CentConnRegister
                0x00000000000080fc       0x16 c:\Users\DuRuofu\Downloads\CH583EVT\EVT\EXAM\BLE\LIB\libCH58xBLE.a(gap_central.o)
                0x00000000000080fc                GAP_CentConnRegister
 .text.GAP_CentralParamInit
                0x0000000000008112       0x6a c:\Users\DuRuofu\Downloads\CH583EVT\EVT\EXAM\BLE\LIB\libCH58xBLE.a(gap_central.o)
                0x0000000000008112                GAP_CentralParamInit
 .text.GAP_CentDevMgrInit
                0x000000000000817c       0x9c c:\Users\DuRuofu\Downloads\CH583EVT\EVT\EXAM\BLE\LIB\libCH58xBLE.a(gap_central.o)
                0x000000000000817c                GAP_CentDevMgrInit
 .text.gapFreeAdvertState
                0x0000000000008218       0x20 c:\Users\DuRuofu\Downloads\CH583EVT\EVT\EXAM\BLE\LIB\libCH58xBLE.a(gap_peripheral.o)
 .text.gapSetPeriodicAdvParams
                0x0000000000008238       0x30 c:\Users\DuRuofu\Downloads\CH583EVT\EVT\EXAM\BLE\LIB\libCH58xBLE.a(gap_peripheral.o)
 .text.gapSetConnectionlessCTEParams
                0x0000000000008268       0x54 c:\Users\DuRuofu\Downloads\CH583EVT\EVT\EXAM\BLE\LIB\libCH58xBLE.a(gap_peripheral.o)
 .text.gapSetAdvParams
                0x00000000000082bc      0x126 c:\Users\DuRuofu\Downloads\CH583EVT\EVT\EXAM\BLE\LIB\libCH58xBLE.a(gap_peripheral.o)
 .text.gapPeriProcessConnEvt
                0x00000000000083e2       0xd0 c:\Users\DuRuofu\Downloads\CH583EVT\EVT\EXAM\BLE\LIB\libCH58xBLE.a(gap_peripheral.o)
 .text.gapWriteAdvDataStatus
                0x00000000000084b2       0x8a c:\Users\DuRuofu\Downloads\CH583EVT\EVT\EXAM\BLE\LIB\libCH58xBLE.a(gap_peripheral.o)
 .text.GAP_MakeDiscoverable
                0x000000000000853c      0x174 c:\Users\DuRuofu\Downloads\CH583EVT\EVT\EXAM\BLE\LIB\libCH58xBLE.a(gap_peripheral.o)
                0x000000000000853c                GAP_MakeDiscoverable
 .text.GAP_EndDiscoverable
                0x00000000000086b0       0x66 c:\Users\DuRuofu\Downloads\CH583EVT\EVT\EXAM\BLE\LIB\libCH58xBLE.a(gap_peripheral.o)
                0x00000000000086b0                GAP_EndDiscoverable
 .text.gapProcessAdvertisingEvt
                0x0000000000008716      0x116 c:\Users\DuRuofu\Downloads\CH583EVT\EVT\EXAM\BLE\LIB\libCH58xBLE.a(gap_peripheral.o)
 .text.GAP_MakePeriodic
                0x000000000000882c       0x26 c:\Users\DuRuofu\Downloads\CH583EVT\EVT\EXAM\BLE\LIB\libCH58xBLE.a(gap_peripheral.o)
                0x000000000000882c                GAP_MakePeriodic
 .text.GAP_EndPeriodic
                0x0000000000008852        0xc c:\Users\DuRuofu\Downloads\CH583EVT\EVT\EXAM\BLE\LIB\libCH58xBLE.a(gap_peripheral.o)
                0x0000000000008852                GAP_EndPeriodic
 .text.GAP_MakeConnecttionlessCTE
                0x000000000000885e       0x1a c:\Users\DuRuofu\Downloads\CH583EVT\EVT\EXAM\BLE\LIB\libCH58xBLE.a(gap_peripheral.o)
                0x000000000000885e                GAP_MakeConnecttionlessCTE
 .text.GAP_EndConnecttionlessCTE
                0x0000000000008878        0xc c:\Users\DuRuofu\Downloads\CH583EVT\EVT\EXAM\BLE\LIB\libCH58xBLE.a(gap_peripheral.o)
                0x0000000000008878                GAP_EndConnecttionlessCTE
 .text.GAP_SetAdvertisingAdvData
                0x0000000000008884      0x102 c:\Users\DuRuofu\Downloads\CH583EVT\EVT\EXAM\BLE\LIB\libCH58xBLE.a(gap_peripheral.o)
                0x0000000000008884                GAP_SetAdvertisingAdvData
 .text.GAP_SetAdvertisingRspData
                0x0000000000008986      0x102 c:\Users\DuRuofu\Downloads\CH583EVT\EVT\EXAM\BLE\LIB\libCH58xBLE.a(gap_peripheral.o)
                0x0000000000008986                GAP_SetAdvertisingRspData
 .text.GAP_SetPeriodicAdvertisingData
                0x0000000000008a88       0xc6 c:\Users\DuRuofu\Downloads\CH583EVT\EVT\EXAM\BLE\LIB\libCH58xBLE.a(gap_peripheral.o)
                0x0000000000008a88                GAP_SetPeriodicAdvertisingData
 .text.GAP_GetAdvertisingAdvData
                0x0000000000008b4e       0x26 c:\Users\DuRuofu\Downloads\CH583EVT\EVT\EXAM\BLE\LIB\libCH58xBLE.a(gap_peripheral.o)
                0x0000000000008b4e                GAP_GetAdvertisingAdvData
 .text.GAP_GetAdvertisingRspData
                0x0000000000008b74       0x34 c:\Users\DuRuofu\Downloads\CH583EVT\EVT\EXAM\BLE\LIB\libCH58xBLE.a(gap_peripheral.o)
                0x0000000000008b74                GAP_GetAdvertisingRspData
 .text.GAP_GetPeriodicAdvertisingData
                0x0000000000008ba8       0x34 c:\Users\DuRuofu\Downloads\CH583EVT\EVT\EXAM\BLE\LIB\libCH58xBLE.a(gap_peripheral.o)
                0x0000000000008ba8                GAP_GetPeriodicAdvertisingData
 .text.GAP_ConfigDeviceAddr
                0x0000000000008bdc      0x124 c:\Users\DuRuofu\Downloads\CH583EVT\EVT\EXAM\BLE\LIB\libCH58xBLE.a(gap_peripheral.o)
                0x0000000000008bdc                GAP_ConfigDeviceAddr
 .text.GAP_PeriConnRegister
                0x0000000000008d00       0x2e c:\Users\DuRuofu\Downloads\CH583EVT\EVT\EXAM\BLE\LIB\libCH58xBLE.a(gap_peripheral.o)
                0x0000000000008d00                GAP_PeriConnRegister
 .text.GAP_PeripheralParamInit
                0x0000000000008d2e       0x6c c:\Users\DuRuofu\Downloads\CH583EVT\EVT\EXAM\BLE\LIB\libCH58xBLE.a(gap_peripheral.o)
                0x0000000000008d2e                GAP_PeripheralParamInit
 .text.gapSendMakeDiscEvent
                0x0000000000008d9a       0x50 c:\Users\DuRuofu\Downloads\CH583EVT\EVT\EXAM\BLE\LIB\libCH58xBLE.a(gap_peripheral.o)
                0x0000000000008d9a                gapSendMakeDiscEvent
 .text.gapWriteAdvEnableStatus
                0x0000000000008dea      0x110 c:\Users\DuRuofu\Downloads\CH583EVT\EVT\EXAM\BLE\LIB\libCH58xBLE.a(gap_peripheral.o)
 .text.gapSendMakePeriodicEvent
                0x0000000000008efa       0x3a c:\Users\DuRuofu\Downloads\CH583EVT\EVT\EXAM\BLE\LIB\libCH58xBLE.a(gap_peripheral.o)
                0x0000000000008efa                gapSendMakePeriodicEvent
 .text.gapSendMakeConnectionlessCTEEvent
                0x0000000000008f34       0x3a c:\Users\DuRuofu\Downloads\CH583EVT\EVT\EXAM\BLE\LIB\libCH58xBLE.a(gap_peripheral.o)
                0x0000000000008f34                gapSendMakeConnectionlessCTEEvent
 .text.gapPeriProcessHCICmdCompleteEvt
                0x0000000000008f6e      0x22e c:\Users\DuRuofu\Downloads\CH583EVT\EVT\EXAM\BLE\LIB\libCH58xBLE.a(gap_peripheral.o)
 .text.GAP_PeriDevMgrInit
                0x000000000000919c       0x2e c:\Users\DuRuofu\Downloads\CH583EVT\EVT\EXAM\BLE\LIB\libCH58xBLE.a(gap_peripheral.o)
                0x000000000000919c                GAP_PeriDevMgrInit
 .text.ggs_SetAttrWPermit
                0x00000000000091ca       0x68 c:\Users\DuRuofu\Downloads\CH583EVT\EVT\EXAM\BLE\LIB\libCH58xBLE.a(gapgattserver.o)
 .text.ggs_ReadAttrCB
                0x0000000000009232      0x156 c:\Users\DuRuofu\Downloads\CH583EVT\EVT\EXAM\BLE\LIB\libCH58xBLE.a(gapgattserver.o)
 .text.ggs_WriteAttrCB
                0x0000000000009388      0x162 c:\Users\DuRuofu\Downloads\CH583EVT\EVT\EXAM\BLE\LIB\libCH58xBLE.a(gapgattserver.o)
 .text.GGS_ParamInit
                0x00000000000094ea      0x15c c:\Users\DuRuofu\Downloads\CH583EVT\EVT\EXAM\BLE\LIB\libCH58xBLE.a(gapgattserver.o)
                0x00000000000094ea                GGS_ParamInit
 .text.GGS_SetParameter
                0x0000000000009646      0x116 c:\Users\DuRuofu\Downloads\CH583EVT\EVT\EXAM\BLE\LIB\libCH58xBLE.a(gapgattserver.o)
                0x0000000000009646                GGS_SetParameter
 .text.GGS_AddService
                0x000000000000975c       0x2c c:\Users\DuRuofu\Downloads\CH583EVT\EVT\EXAM\BLE\LIB\libCH58xBLE.a(gapgattserver.o)
                0x000000000000975c                GGS_AddService
 .text.GAP_DeviceInit
                0x0000000000009788       0xd8 c:\Users\DuRuofu\Downloads\CH583EVT\EVT\EXAM\BLE\LIB\libCH58xBLE.a(gapgattserver.o)
                0x0000000000009788                GAP_DeviceInit
 .text.gattGetPayload
                0x0000000000009860       0x7e c:\Users\DuRuofu\Downloads\CH583EVT\EVT\EXAM\BLE\LIB\libCH58xBLE.a(gatt.o)
                0x0000000000009860                gattGetPayload
 .text.gattNotifyEvent
                0x00000000000098de       0x84 c:\Users\DuRuofu\Downloads\CH583EVT\EVT\EXAM\BLE\LIB\libCH58xBLE.a(gatt.o)
                0x00000000000098de                gattNotifyEvent
 .text.gattSendFlowCtrlEvt
                0x0000000000009962       0x52 c:\Users\DuRuofu\Downloads\CH583EVT\EVT\EXAM\BLE\LIB\libCH58xBLE.a(gatt.o)
                0x0000000000009962                gattSendFlowCtrlEvt
 .text.gattStartTimer
                0x00000000000099b4        0xc c:\Users\DuRuofu\Downloads\CH583EVT\EVT\EXAM\BLE\LIB\libCH58xBLE.a(gatt.o)
                0x00000000000099b4                gattStartTimer
 .text.gattStopTimer
                0x00000000000099c0       0x32 c:\Users\DuRuofu\Downloads\CH583EVT\EVT\EXAM\BLE\LIB\libCH58xBLE.a(gatt.o)
                0x00000000000099c0                gattStopTimer
 .text.GATT_AppCompletedMsg
                0x00000000000099f2       0x30 c:\Users\DuRuofu\Downloads\CH583EVT\EVT\EXAM\BLE\LIB\libCH58xBLE.a(gatt.o)
                0x00000000000099f2                GATT_AppCompletedMsg
 .text.GATT_NotifyEvent
                0x0000000000009a22       0x56 c:\Users\DuRuofu\Downloads\CH583EVT\EVT\EXAM\BLE\LIB\libCH58xBLE.a(gatt.o)
                0x0000000000009a22                GATT_NotifyEvent
 .text.gattRegisterServer
                0x0000000000009a78        0x6 c:\Users\DuRuofu\Downloads\CH583EVT\EVT\EXAM\BLE\LIB\libCH58xBLE.a(gatt.o)
                0x0000000000009a78                gattRegisterServer
 .text.GATT_UpdateMTU
                0x0000000000009a7e       0x5a c:\Users\DuRuofu\Downloads\CH583EVT\EVT\EXAM\BLE\LIB\libCH58xBLE.a(gatt.o)
                0x0000000000009a7e                GATT_UpdateMTU
 .text.GATT_bm_alloc
                0x0000000000009ad8       0xe8 c:\Users\DuRuofu\Downloads\CH583EVT\EVT\EXAM\BLE\LIB\libCH58xBLE.a(gatt.o)
                0x0000000000009ad8                GATT_bm_alloc
 .text.GATT_ServiceChangedInd
                0x0000000000009bc0       0x94 c:\Users\DuRuofu\Downloads\CH583EVT\EVT\EXAM\BLE\LIB\libCH58xBLE.a(gatt.o)
                0x0000000000009bc0                GATT_ServiceChangedInd
 .text.GATT_bm_free
                0x0000000000009c54       0x1c c:\Users\DuRuofu\Downloads\CH583EVT\EVT\EXAM\BLE\LIB\libCH58xBLE.a(gatt.o)
                0x0000000000009c54                GATT_bm_free
 .text.GATT_Init
                0x0000000000009c70       0x2a c:\Users\DuRuofu\Downloads\CH583EVT\EVT\EXAM\BLE\LIB\libCH58xBLE.a(gatt.o)
                0x0000000000009c70                GATT_Init
 .text.GATT_ProcessEvent
                0x0000000000009c9a      0x13a c:\Users\DuRuofu\Downloads\CH583EVT\EVT\EXAM\BLE\LIB\libCH58xBLE.a(gatt.o)
                0x0000000000009c9a                GATT_ProcessEvent
 .text.gattProcessExchangeMTUReq
                0x0000000000009dd4        0x4 c:\Users\DuRuofu\Downloads\CH583EVT\EVT\EXAM\BLE\LIB\libCH58xBLE.a(gattservapp.o)
 .text.gattServApp_FindCharCfgItem
                0x0000000000009dd8       0x24 c:\Users\DuRuofu\Downloads\CH583EVT\EVT\EXAM\BLE\LIB\libCH58xBLE.a(gattservapp.o)
 .text.gattServerHandleTimerCB
                0x0000000000009dfc       0x3c c:\Users\DuRuofu\Downloads\CH583EVT\EVT\EXAM\BLE\LIB\libCH58xBLE.a(gattservapp.o)
 .text.GATTServApp_InitCharCfg.part.12
                0x0000000000009e38       0x20 c:\Users\DuRuofu\Downloads\CH583EVT\EVT\EXAM\BLE\LIB\libCH58xBLE.a(gattservapp.o)
 .text.gattProcessExecuteWriteReq
                0x0000000000009e58        0x4 c:\Users\DuRuofu\Downloads\CH583EVT\EVT\EXAM\BLE\LIB\libCH58xBLE.a(gattservapp.o)
 .text.GATTServApp_ParamInit
                0x0000000000009e5c       0xd6 c:\Users\DuRuofu\Downloads\CH583EVT\EVT\EXAM\BLE\LIB\libCH58xBLE.a(gattservapp.o)
                0x0000000000009e5c                GATTServApp_ParamInit
 .text.GATTServApp_ReadCharCfg
                0x0000000000009f32       0x18 c:\Users\DuRuofu\Downloads\CH583EVT\EVT\EXAM\BLE\LIB\libCH58xBLE.a(gattservapp.o)
                0x0000000000009f32                GATTServApp_ReadCharCfg
 .text.GATTServApp_WriteCharCfg
                0x0000000000009f4a       0x3c c:\Users\DuRuofu\Downloads\CH583EVT\EVT\EXAM\BLE\LIB\libCH58xBLE.a(gattservapp.o)
                0x0000000000009f4a                GATTServApp_WriteCharCfg
 .text.GATTServApp_ProcessCCCWriteReq
                0x0000000000009f86       0x60 c:\Users\DuRuofu\Downloads\CH583EVT\EVT\EXAM\BLE\LIB\libCH58xBLE.a(gattservapp.o)
                0x0000000000009f86                GATTServApp_ProcessCCCWriteReq
 .text.gattServApp_WriteAttrCB
                0x0000000000009fe6       0x34 c:\Users\DuRuofu\Downloads\CH583EVT\EVT\EXAM\BLE\LIB\libCH58xBLE.a(gattservapp.o)
                0x0000000000009fe6                gattServApp_WriteAttrCB
 .text.GATTServApp_SendCCCUpdatedEvent
                0x000000000000a01a       0x5e c:\Users\DuRuofu\Downloads\CH583EVT\EVT\EXAM\BLE\LIB\libCH58xBLE.a(gattservapp.o)
                0x000000000000a01a                GATTServApp_SendCCCUpdatedEvent
 .text.GATTServApp_SendServiceChangedInd
                0x000000000000a078       0x36 c:\Users\DuRuofu\Downloads\CH583EVT\EVT\EXAM\BLE\LIB\libCH58xBLE.a(gattservapp.o)
                0x000000000000a078                GATTServApp_SendServiceChangedInd
 .text.gattServApp_ClearPrepareWriteQ
                0x000000000000a0ae       0x50 c:\Users\DuRuofu\Downloads\CH583EVT\EVT\EXAM\BLE\LIB\libCH58xBLE.a(gattservapp.o)
                0x000000000000a0ae                gattServApp_ClearPrepareWriteQ
 .text.gattServApp_FindPrepareWriteQ
                0x000000000000a0fe       0x30 c:\Users\DuRuofu\Downloads\CH583EVT\EVT\EXAM\BLE\LIB\libCH58xBLE.a(gattservapp.o)
                0x000000000000a0fe                gattServApp_FindPrepareWriteQ
 .text.gattServApp_FindServiceCBs
                0x000000000000a12e       0x18 c:\Users\DuRuofu\Downloads\CH583EVT\EVT\EXAM\BLE\LIB\libCH58xBLE.a(gattservapp.o)
                0x000000000000a12e                gattServApp_FindServiceCBs
 .text.gattServApp_FindAuthorizeAttrCB
                0x000000000000a146       0x16 c:\Users\DuRuofu\Downloads\CH583EVT\EVT\EXAM\BLE\LIB\libCH58xBLE.a(gattservapp.o)
                0x000000000000a146                gattServApp_FindAuthorizeAttrCB
 .text.gattServApp_IsWriteLong
                0x000000000000a15c       0xea c:\Users\DuRuofu\Downloads\CH583EVT\EVT\EXAM\BLE\LIB\libCH58xBLE.a(gattservapp.o)
                0x000000000000a15c                gattServApp_IsWriteLong
 .text.gattFindService
                0x000000000000a246       0x1c c:\Users\DuRuofu\Downloads\CH583EVT\EVT\EXAM\BLE\LIB\libCH58xBLE.a(gattservapp.o)
                0x000000000000a246                gattFindService
 .text.GATT_ServiceNumAttrs
                0x000000000000a262       0x18 c:\Users\DuRuofu\Downloads\CH583EVT\EVT\EXAM\BLE\LIB\libCH58xBLE.a(gattservapp.o)
                0x000000000000a262                GATT_ServiceNumAttrs
 .text.GATT_ServiceEncKeySize
                0x000000000000a27a       0x18 c:\Users\DuRuofu\Downloads\CH583EVT\EVT\EXAM\BLE\LIB\libCH58xBLE.a(gattservapp.o)
                0x000000000000a27a                GATT_ServiceEncKeySize
 .text.GATT_VerifyWritePermissions.part.7
                0x000000000000a292       0x2e c:\Users\DuRuofu\Downloads\CH583EVT\EVT\EXAM\BLE\LIB\libCH58xBLE.a(gattservapp.o)
 .text.gattResetServerInfo
                0x000000000000a2c0       0x1c c:\Users\DuRuofu\Downloads\CH583EVT\EVT\EXAM\BLE\LIB\libCH58xBLE.a(gattservapp.o)
                0x000000000000a2c0                gattResetServerInfo
 .text.gattFindServerInfo
                0x000000000000a2dc       0x2c c:\Users\DuRuofu\Downloads\CH583EVT\EVT\EXAM\BLE\LIB\libCH58xBLE.a(gattservapp.o)
                0x000000000000a2dc                gattFindServerInfo
 .text.gattServerHandleConnStatusCB
                0x000000000000a308       0x98 c:\Users\DuRuofu\Downloads\CH583EVT\EVT\EXAM\BLE\LIB\libCH58xBLE.a(gattservapp.o)
                0x000000000000a308                gattServerHandleConnStatusCB
 .text.gattServerProcessMsgCB
                0x000000000000a3a0      0x1c0 c:\Users\DuRuofu\Downloads\CH583EVT\EVT\EXAM\BLE\LIB\libCH58xBLE.a(gattservapp.o)
                0x000000000000a3a0                gattServerProcessMsgCB
 .text.gattServerNotifyTxCB
                0x000000000000a560       0x28 c:\Users\DuRuofu\Downloads\CH583EVT\EVT\EXAM\BLE\LIB\libCH58xBLE.a(gattservapp.o)
 .text.GATT_FindHandle
                0x000000000000a588       0x4a c:\Users\DuRuofu\Downloads\CH583EVT\EVT\EXAM\BLE\LIB\libCH58xBLE.a(gattservapp.o)
                0x000000000000a588                GATT_FindHandle
 .text.GATTServApp_WriteAttr
                0x000000000000a5d2       0xa8 c:\Users\DuRuofu\Downloads\CH583EVT\EVT\EXAM\BLE\LIB\libCH58xBLE.a(gattservapp.o)
                0x000000000000a5d2                GATTServApp_WriteAttr
 .text.gattServApp_ProcessExecuteWriteReq
                0x000000000000a67a      0x100 c:\Users\DuRuofu\Downloads\CH583EVT\EVT\EXAM\BLE\LIB\libCH58xBLE.a(gattservapp.o)
                0x000000000000a67a                gattServApp_ProcessExecuteWriteReq
 .text.GATTServApp_UpdateCharCfg
                0x000000000000a77a       0x1e c:\Users\DuRuofu\Downloads\CH583EVT\EVT\EXAM\BLE\LIB\libCH58xBLE.a(gattservapp.o)
                0x000000000000a77a                GATTServApp_UpdateCharCfg
 .text.gattServApp_ProcessPrepareWriteReq
                0x000000000000a798      0x10e c:\Users\DuRuofu\Downloads\CH583EVT\EVT\EXAM\BLE\LIB\libCH58xBLE.a(gattservapp.o)
                0x000000000000a798                gattServApp_ProcessPrepareWriteReq
 .text.gattServApp_ProcessWriteReq
                0x000000000000a8a6       0xb0 c:\Users\DuRuofu\Downloads\CH583EVT\EVT\EXAM\BLE\LIB\libCH58xBLE.a(gattservapp.o)
                0x000000000000a8a6                gattServApp_ProcessWriteReq
 .text.GATT_Indication
                0x000000000000a956       0xa4 c:\Users\DuRuofu\Downloads\CH583EVT\EVT\EXAM\BLE\LIB\libCH58xBLE.a(gattservapp.o)
                0x000000000000a956                GATT_Indication
 .text.GATT_FindHandleUUID
                0x000000000000a9fa       0x94 c:\Users\DuRuofu\Downloads\CH583EVT\EVT\EXAM\BLE\LIB\libCH58xBLE.a(gattservapp.o)
                0x000000000000a9fa                GATT_FindHandleUUID
 .text.gattProcessReadByGrpTypeReq
                0x000000000000aa8e       0x60 c:\Users\DuRuofu\Downloads\CH583EVT\EVT\EXAM\BLE\LIB\libCH58xBLE.a(gattservapp.o)
 .text.gattProcessReadByTypeReq
                0x000000000000aaee       0x34 c:\Users\DuRuofu\Downloads\CH583EVT\EVT\EXAM\BLE\LIB\libCH58xBLE.a(gattservapp.o)
 .text.gattProcessFindByTypeValueReq
                0x000000000000ab22       0x34 c:\Users\DuRuofu\Downloads\CH583EVT\EVT\EXAM\BLE\LIB\libCH58xBLE.a(gattservapp.o)
 .text.gattProcessFindInfoReq
                0x000000000000ab56      0x1aa c:\Users\DuRuofu\Downloads\CH583EVT\EVT\EXAM\BLE\LIB\libCH58xBLE.a(gattservapp.o)
 .text.GATT_Notification
                0x000000000000ad00       0x70 c:\Users\DuRuofu\Downloads\CH583EVT\EVT\EXAM\BLE\LIB\libCH58xBLE.a(gattservapp.o)
                0x000000000000ad00                GATT_Notification
 .text.GATT_VerifyWritePermissions
                0x000000000000ad70       0x6a c:\Users\DuRuofu\Downloads\CH583EVT\EVT\EXAM\BLE\LIB\libCH58xBLE.a(gattservapp.o)
                0x000000000000ad70                GATT_VerifyWritePermissions
 .text.gattProcessWriteReq
                0x000000000000adda       0x36 c:\Users\DuRuofu\Downloads\CH583EVT\EVT\EXAM\BLE\LIB\libCH58xBLE.a(gattservapp.o)
 .text.GATT_VerifyPrepareWritePermissions
                0x000000000000ae10       0x56 c:\Users\DuRuofu\Downloads\CH583EVT\EVT\EXAM\BLE\LIB\libCH58xBLE.a(gattservapp.o)
                0x000000000000ae10                GATT_VerifyPrepareWritePermissions
 .text.gattProcessPrepareWriteReq
                0x000000000000ae66       0x36 c:\Users\DuRuofu\Downloads\CH583EVT\EVT\EXAM\BLE\LIB\libCH58xBLE.a(gattservapp.o)
 .text.GATT_FindNextAttr
                0x000000000000ae9c       0xc2 c:\Users\DuRuofu\Downloads\CH583EVT\EVT\EXAM\BLE\LIB\libCH58xBLE.a(gattservapp.o)
                0x000000000000ae9c                GATT_FindNextAttr
 .text.GATTServApp_ReadAttr
                0x000000000000af5e      0x2ea c:\Users\DuRuofu\Downloads\CH583EVT\EVT\EXAM\BLE\LIB\libCH58xBLE.a(gattservapp.o)
                0x000000000000af5e                GATTServApp_ReadAttr
 .text.gattServApp_ProcessReadMultiReq
                0x000000000000b248      0x16e c:\Users\DuRuofu\Downloads\CH583EVT\EVT\EXAM\BLE\LIB\libCH58xBLE.a(gattservapp.o)
                0x000000000000b248                gattServApp_ProcessReadMultiReq
 .text.gattServApp_ProcessFindByTypeValueReq
                0x000000000000b3b6      0x1a0 c:\Users\DuRuofu\Downloads\CH583EVT\EVT\EXAM\BLE\LIB\libCH58xBLE.a(gattservapp.o)
                0x000000000000b3b6                gattServApp_ProcessFindByTypeValueReq
 .text.GATT_VerifyReadPermissions
                0x000000000000b556       0x68 c:\Users\DuRuofu\Downloads\CH583EVT\EVT\EXAM\BLE\LIB\libCH58xBLE.a(gattservapp.o)
                0x000000000000b556                GATT_VerifyReadPermissions
 .text.gattProcessReadMultiReq
                0x000000000000b5be       0xae c:\Users\DuRuofu\Downloads\CH583EVT\EVT\EXAM\BLE\LIB\libCH58xBLE.a(gattservapp.o)
 .text.gattProcessReadReq
                0x000000000000b66c       0x30 c:\Users\DuRuofu\Downloads\CH583EVT\EVT\EXAM\BLE\LIB\libCH58xBLE.a(gattservapp.o)
 .text.gattServApp_ProcessReadByGrpTypeReq
                0x000000000000b69c      0x200 c:\Users\DuRuofu\Downloads\CH583EVT\EVT\EXAM\BLE\LIB\libCH58xBLE.a(gattservapp.o)
                0x000000000000b69c                gattServApp_ProcessReadByGrpTypeReq
 .text.gattServApp_ProcessReadByTypeReq
                0x000000000000b89c      0x1ae c:\Users\DuRuofu\Downloads\CH583EVT\EVT\EXAM\BLE\LIB\libCH58xBLE.a(gattservapp.o)
                0x000000000000b89c                gattServApp_ProcessReadByTypeReq
 .text.GATT_RegisterService
                0x000000000000ba4a      0x100 c:\Users\DuRuofu\Downloads\CH583EVT\EVT\EXAM\BLE\LIB\libCH58xBLE.a(gattservapp.o)
                0x000000000000ba4a                GATT_RegisterService
 .text.GATTServApp_RegisterService
                0x000000000000bb4a       0x7c c:\Users\DuRuofu\Downloads\CH583EVT\EVT\EXAM\BLE\LIB\libCH58xBLE.a(gattservapp.o)
                0x000000000000bb4a                GATTServApp_RegisterService
 .text.GATTServApp_AddService
                0x000000000000bbc6       0x2c c:\Users\DuRuofu\Downloads\CH583EVT\EVT\EXAM\BLE\LIB\libCH58xBLE.a(gattservapp.o)
                0x000000000000bbc6                GATTServApp_AddService
 .text.GATTServApp_RegisterForMsg
                0x000000000000bbf2        0x6 c:\Users\DuRuofu\Downloads\CH583EVT\EVT\EXAM\BLE\LIB\libCH58xBLE.a(gattservapp.o)
                0x000000000000bbf2                GATTServApp_RegisterForMsg
 .text.GATTServApp_InitCharCfg
                0x000000000000bbf8       0x28 c:\Users\DuRuofu\Downloads\CH583EVT\EVT\EXAM\BLE\LIB\libCH58xBLE.a(gattservapp.o)
                0x000000000000bbf8                GATTServApp_InitCharCfg
 .text.gattServApp_HandleConnStatusCB
                0x000000000000bc20       0x74 c:\Users\DuRuofu\Downloads\CH583EVT\EVT\EXAM\BLE\LIB\libCH58xBLE.a(gattservapp.o)
                0x000000000000bc20                gattServApp_HandleConnStatusCB
 .text.GATT_InitServer
                0x000000000000bc94       0xfa c:\Users\DuRuofu\Downloads\CH583EVT\EVT\EXAM\BLE\LIB\libCH58xBLE.a(gattservapp.o)
                0x000000000000bc94                GATT_InitServer
 .text.GATTServApp_Init
                0x000000000000bd8e       0x34 c:\Users\DuRuofu\Downloads\CH583EVT\EVT\EXAM\BLE\LIB\libCH58xBLE.a(gattservapp.o)
                0x000000000000bd8e                GATTServApp_Init
 .text.GATTServApp_ProcessEvent
                0x000000000000bdc2      0x36a c:\Users\DuRuofu\Downloads\CH583EVT\EVT\EXAM\BLE\LIB\libCH58xBLE.a(gattservapp.o)
                0x000000000000bdc2                GATTServApp_ProcessEvent
 .text.l2capAllocConnChannel
                0x000000000000c12c       0xdc c:\Users\DuRuofu\Downloads\CH583EVT\EVT\EXAM\BLE\LIB\libCH58xBLE.a(l2cap.o)
                0x000000000000c12c                l2capAllocConnChannel
 .text.l2capFindLocalCID
                0x000000000000c208       0x2c c:\Users\DuRuofu\Downloads\CH583EVT\EVT\EXAM\BLE\LIB\libCH58xBLE.a(l2cap.o)
                0x000000000000c208                l2capFindLocalCID
 .text.l2capFindLocalId
                0x000000000000c234       0x30 c:\Users\DuRuofu\Downloads\CH583EVT\EVT\EXAM\BLE\LIB\libCH58xBLE.a(l2cap.o)
                0x000000000000c234                l2capFindLocalId
 .text.l2capFindPsm
                0x000000000000c264       0x2c c:\Users\DuRuofu\Downloads\CH583EVT\EVT\EXAM\BLE\LIB\libCH58xBLE.a(l2cap.o)
                0x000000000000c264                l2capFindPsm
 .text.l2capFindRemoteCID
                0x000000000000c290       0x3c c:\Users\DuRuofu\Downloads\CH583EVT\EVT\EXAM\BLE\LIB\libCH58xBLE.a(l2cap.o)
                0x000000000000c290                l2capFindRemoteCID
 .text.l2capFreeChannel
                0x000000000000c2cc       0x4e c:\Users\DuRuofu\Downloads\CH583EVT\EVT\EXAM\BLE\LIB\libCH58xBLE.a(l2cap.o)
                0x000000000000c2cc                l2capFreeChannel
 .text.l2capDisconnectChannel
                0x000000000000c31a       0x28 c:\Users\DuRuofu\Downloads\CH583EVT\EVT\EXAM\BLE\LIB\libCH58xBLE.a(l2cap.o)
                0x000000000000c31a                l2capDisconnectChannel
 .text.l2capHandleTimerCB
                0x000000000000c342       0x2c c:\Users\DuRuofu\Downloads\CH583EVT\EVT\EXAM\BLE\LIB\libCH58xBLE.a(l2cap.o)
                0x000000000000c342                l2capHandleTimerCB
 .text.l2capFreePendingPkt
                0x000000000000c36e       0x58 c:\Users\DuRuofu\Downloads\CH583EVT\EVT\EXAM\BLE\LIB\libCH58xBLE.a(l2cap.o)
                0x000000000000c36e                l2capFreePendingPkt
 .text.l2capGetCoChannelInfo
                0x000000000000c3c6       0x82 c:\Users\DuRuofu\Downloads\CH583EVT\EVT\EXAM\BLE\LIB\libCH58xBLE.a(l2cap.o)
                0x000000000000c3c6                l2capGetCoChannelInfo
 .text.l2capNumActiveChannnels
                0x000000000000c448       0x44 c:\Users\DuRuofu\Downloads\CH583EVT\EVT\EXAM\BLE\LIB\libCH58xBLE.a(l2cap.o)
                0x000000000000c448                l2capNumActiveChannnels
 .text.l2capStartTimer
                0x000000000000c48c       0x1a c:\Users\DuRuofu\Downloads\CH583EVT\EVT\EXAM\BLE\LIB\libCH58xBLE.a(l2cap.o)
                0x000000000000c48c                l2capStartTimer
 .text.l2capStopTimer
                0x000000000000c4a6       0x1e c:\Users\DuRuofu\Downloads\CH583EVT\EVT\EXAM\BLE\LIB\libCH58xBLE.a(l2cap.o)
                0x000000000000c4a6                l2capStopTimer
 .text.l2capDisconnectAllChannels
                0x000000000000c4c4       0xdc c:\Users\DuRuofu\Downloads\CH583EVT\EVT\EXAM\BLE\LIB\libCH58xBLE.a(l2cap.o)
                0x000000000000c4c4                l2capDisconnectAllChannels
 .text.l2capHandleConnStatusCB
                0x000000000000c5a0       0x3c c:\Users\DuRuofu\Downloads\CH583EVT\EVT\EXAM\BLE\LIB\libCH58xBLE.a(l2cap.o)
                0x000000000000c5a0                l2capHandleConnStatusCB
 .text.l2capHandleRxError
                0x000000000000c5dc        0x6 c:\Users\DuRuofu\Downloads\CH583EVT\EVT\EXAM\BLE\LIB\libCH58xBLE.a(l2cap.o)
                0x000000000000c5dc                l2capHandleRxError
 .text.L2CAP_GetMTU
                0x000000000000c5e2        0x6 c:\Users\DuRuofu\Downloads\CH583EVT\EVT\EXAM\BLE\LIB\libCH58xBLE.a(l2cap.o)
                0x000000000000c5e2                L2CAP_GetMTU
 .text.L2CAP_HostNumCompletedPkts
                0x000000000000c5e8       0x28 c:\Users\DuRuofu\Downloads\CH583EVT\EVT\EXAM\BLE\LIB\libCH58xBLE.a(l2cap.o)
                0x000000000000c5e8                L2CAP_HostNumCompletedPkts
 .text.L2CAP_ParseConnectReq
                0x000000000000c610       0x5e c:\Users\DuRuofu\Downloads\CH583EVT\EVT\EXAM\BLE\LIB\libCH58xBLE.a(l2cap.o)
                0x000000000000c610                L2CAP_ParseConnectReq
 .text.L2CAP_ParseFlowCtrlCredit
                0x000000000000c66e       0x2e c:\Users\DuRuofu\Downloads\CH583EVT\EVT\EXAM\BLE\LIB\libCH58xBLE.a(l2cap.o)
                0x000000000000c66e                L2CAP_ParseFlowCtrlCredit
 .text.L2CAP_RegisterApp
                0x000000000000c69c       0x30 c:\Users\DuRuofu\Downloads\CH583EVT\EVT\EXAM\BLE\LIB\libCH58xBLE.a(l2cap.o)
                0x000000000000c69c                L2CAP_RegisterApp
 .text.L2CAP_SetBufSize
                0x000000000000c6cc       0x1e c:\Users\DuRuofu\Downloads\CH583EVT\EVT\EXAM\BLE\LIB\libCH58xBLE.a(l2cap.o)
                0x000000000000c6cc                L2CAP_SetBufSize
 .text.L2CAP_bm_alloc
                0x000000000000c6ea       0x2a c:\Users\DuRuofu\Downloads\CH583EVT\EVT\EXAM\BLE\LIB\libCH58xBLE.a(l2cap.o)
                0x000000000000c6ea                L2CAP_bm_alloc
 .text.L2CAP_Init
                0x000000000000c714      0x142 c:\Users\DuRuofu\Downloads\CH583EVT\EVT\EXAM\BLE\LIB\libCH58xBLE.a(l2cap.o)
                0x000000000000c714                L2CAP_Init
 .text.L2CAP_ProcessEvent
                0x000000000000c856       0xc8 c:\Users\DuRuofu\Downloads\CH583EVT\EVT\EXAM\BLE\LIB\libCH58xBLE.a(l2cap.o)
                0x000000000000c856                L2CAP_ProcessEvent
 .text.l2capParseCmdReject
                0x000000000000c91e       0x5e c:\Users\DuRuofu\Downloads\CH583EVT\EVT\EXAM\BLE\LIB\libCH58xBLE.a(l2cap_input.o)
                0x000000000000c91e                l2capParseCmdReject
 .text.l2capParseDisconnectReq
                0x000000000000c97c       0x2e c:\Users\DuRuofu\Downloads\CH583EVT\EVT\EXAM\BLE\LIB\libCH58xBLE.a(l2cap_input.o)
                0x000000000000c97c                l2capParseDisconnectReq
 .text.l2capParseDisconnectRsp
                0x000000000000c9aa       0x2e c:\Users\DuRuofu\Downloads\CH583EVT\EVT\EXAM\BLE\LIB\libCH58xBLE.a(l2cap_input.o)
                0x000000000000c9aa                l2capParseDisconnectRsp
 .text.L2CAP_ParseParamUpdateReq
                0x000000000000c9d8       0x4e c:\Users\DuRuofu\Downloads\CH583EVT\EVT\EXAM\BLE\LIB\libCH58xBLE.a(l2cap_input.o)
                0x000000000000c9d8                L2CAP_ParseParamUpdateReq
 .text.l2capParseParamUpdateRsp
                0x000000000000ca26       0x1e c:\Users\DuRuofu\Downloads\CH583EVT\EVT\EXAM\BLE\LIB\libCH58xBLE.a(l2cap_input.o)
                0x000000000000ca26                l2capParseParamUpdateRsp
 .text.l2capProcessConnectReq
                0x000000000000ca44       0xfc c:\Users\DuRuofu\Downloads\CH583EVT\EVT\EXAM\BLE\LIB\libCH58xBLE.a(l2cap_input.o)
                0x000000000000ca44                l2capProcessConnectReq
 .text.l2capParseConnectRsp
                0x000000000000cb40       0x5e c:\Users\DuRuofu\Downloads\CH583EVT\EVT\EXAM\BLE\LIB\libCH58xBLE.a(l2cap_input.o)
                0x000000000000cb40                l2capParseConnectRsp
 .text.l2capParseSignalHdr
                0x000000000000cb9e       0x22 c:\Users\DuRuofu\Downloads\CH583EVT\EVT\EXAM\BLE\LIB\libCH58xBLE.a(l2cap_input.o)
                0x000000000000cb9e                l2capParseSignalHdr
 .text.l2capParsePacket
                0x000000000000cbc0       0x8c c:\Users\DuRuofu\Downloads\CH583EVT\EVT\EXAM\BLE\LIB\libCH58xBLE.a(l2cap_input.o)
                0x000000000000cbc0                l2capParsePacket
 .text.l2capProcessReq
                0x000000000000cc4c      0x15a c:\Users\DuRuofu\Downloads\CH583EVT\EVT\EXAM\BLE\LIB\libCH58xBLE.a(l2cap_input.o)
                0x000000000000cc4c                l2capProcessReq
 .text.l2capProcessRsp
                0x000000000000cda6      0x150 c:\Users\DuRuofu\Downloads\CH583EVT\EVT\EXAM\BLE\LIB\libCH58xBLE.a(l2cap_input.o)
                0x000000000000cda6                l2capProcessRsp
 .text.l2capProcessRxData
                0x000000000000cef6       0xf8 c:\Users\DuRuofu\Downloads\CH583EVT\EVT\EXAM\BLE\LIB\libCH58xBLE.a(l2cap_input.o)
                0x000000000000cef6                l2capProcessRxData
 .text.l2capNotifyData
                0x000000000000cfee       0x5e c:\Users\DuRuofu\Downloads\CH583EVT\EVT\EXAM\BLE\LIB\libCH58xBLE.a(l2cap_output.o)
                0x000000000000cfee                l2capNotifyData
 .text.l2capNotifySignal
                0x000000000000d04c       0x7a c:\Users\DuRuofu\Downloads\CH583EVT\EVT\EXAM\BLE\LIB\libCH58xBLE.a(l2cap_output.o)
                0x000000000000d04c                l2capNotifySignal
 .text.l2capNotifyCreditEvt
                0x000000000000d0c6       0xa0 c:\Users\DuRuofu\Downloads\CH583EVT\EVT\EXAM\BLE\LIB\libCH58xBLE.a(l2cap_output.o)
                0x000000000000d0c6                l2capNotifyCreditEvt
 .text.l2capNotifyChannelEstEvt
                0x000000000000d166       0x5c c:\Users\DuRuofu\Downloads\CH583EVT\EVT\EXAM\BLE\LIB\libCH58xBLE.a(l2cap_output.o)
                0x000000000000d166                l2capNotifyChannelEstEvt
 .text.l2capNotifyChannelTermEvt
                0x000000000000d1c2       0x3e c:\Users\DuRuofu\Downloads\CH583EVT\EVT\EXAM\BLE\LIB\libCH58xBLE.a(l2cap_output.o)
                0x000000000000d1c2                l2capNotifyChannelTermEvt
 .text.l2capNotifyEvent
                0x000000000000d200       0x66 c:\Users\DuRuofu\Downloads\CH583EVT\EVT\EXAM\BLE\LIB\libCH58xBLE.a(l2cap_output.o)
                0x000000000000d200                l2capNotifyEvent
 .text.l2capStoreFCPkt
                0x000000000000d266       0x32 c:\Users\DuRuofu\Downloads\CH583EVT\EVT\EXAM\BLE\LIB\libCH58xBLE.a(l2cap_output.o)
                0x000000000000d266                l2capStoreFCPkt
 .text.l2capFreeTxSDU
                0x000000000000d298       0x9e c:\Users\DuRuofu\Downloads\CH583EVT\EVT\EXAM\BLE\LIB\libCH58xBLE.a(l2cap_output.o)
                0x000000000000d298                l2capFreeTxSDU
 .text.l2capReassembleSegment
                0x000000000000d336      0x174 c:\Users\DuRuofu\Downloads\CH583EVT\EVT\EXAM\BLE\LIB\libCH58xBLE.a(l2cap_output.o)
                0x000000000000d336                l2capReassembleSegment
 .text.l2capEncapSendData
                0x000000000000d4aa       0xec c:\Users\DuRuofu\Downloads\CH583EVT\EVT\EXAM\BLE\LIB\libCH58xBLE.a(l2cap_output.o)
                0x000000000000d4aa                l2capEncapSendData
 .text.l2capSendFCPkt.part.3
                0x000000000000d596       0x70 c:\Users\DuRuofu\Downloads\CH583EVT\EVT\EXAM\BLE\LIB\libCH58xBLE.a(l2cap_output.o)
 .text.l2capSendSegment
                0x000000000000d606      0x108 c:\Users\DuRuofu\Downloads\CH583EVT\EVT\EXAM\BLE\LIB\libCH58xBLE.a(l2cap_output.o)
                0x000000000000d606                l2capSendSegment
 .text.l2capSendNextSegment
                0x000000000000d70e       0xb4 c:\Users\DuRuofu\Downloads\CH583EVT\EVT\EXAM\BLE\LIB\libCH58xBLE.a(l2cap_output.o)
                0x000000000000d70e                l2capSendNextSegment
 .text.l2capSendPkt
                0x000000000000d7c2       0x3a c:\Users\DuRuofu\Downloads\CH583EVT\EVT\EXAM\BLE\LIB\libCH58xBLE.a(l2cap_output.o)
                0x000000000000d7c2                l2capSendPkt
 .text.L2CAP_SendData
                0x000000000000d7fc       0x82 c:\Users\DuRuofu\Downloads\CH583EVT\EVT\EXAM\BLE\LIB\libCH58xBLE.a(l2cap_output.o)
                0x000000000000d7fc                L2CAP_SendData
 .text.l2capSendCmd
                0x000000000000d87e       0x8a c:\Users\DuRuofu\Downloads\CH583EVT\EVT\EXAM\BLE\LIB\libCH58xBLE.a(l2cap_output.o)
                0x000000000000d87e                l2capSendCmd
 .text.l2capSendReq
                0x000000000000d908       0xbc c:\Users\DuRuofu\Downloads\CH583EVT\EVT\EXAM\BLE\LIB\libCH58xBLE.a(l2cap_output.o)
                0x000000000000d908                l2capSendReq
 .text.l2capBuildDisconnectReq
                0x000000000000d9c4       0x28 c:\Users\DuRuofu\Downloads\CH583EVT\EVT\EXAM\BLE\LIB\libCH58xBLE.a(l2cap_sdu.o)
 .text.l2capBuildParamUpdateReq
                0x000000000000d9ec       0x4c c:\Users\DuRuofu\Downloads\CH583EVT\EVT\EXAM\BLE\LIB\libCH58xBLE.a(l2cap_sdu.o)
 .text.l2capBuildParamUpdateRsp
                0x000000000000da38       0x16 c:\Users\DuRuofu\Downloads\CH583EVT\EVT\EXAM\BLE\LIB\libCH58xBLE.a(l2cap_sdu.o)
 .text.l2capBuildConnectRsp
                0x000000000000da4e       0x5e c:\Users\DuRuofu\Downloads\CH583EVT\EVT\EXAM\BLE\LIB\libCH58xBLE.a(l2cap_sdu.o)
 .text.l2capBuildCmdReject
                0x000000000000daac       0x62 c:\Users\DuRuofu\Downloads\CH583EVT\EVT\EXAM\BLE\LIB\libCH58xBLE.a(l2cap_sdu.o)
                0x000000000000daac                l2capBuildCmdReject
 .text.l2capBuildDisconnectRsp
                0x000000000000db0e       0x28 c:\Users\DuRuofu\Downloads\CH583EVT\EVT\EXAM\BLE\LIB\libCH58xBLE.a(l2cap_sdu.o)
                0x000000000000db0e                l2capBuildDisconnectRsp
 .text.l2capSendConnectRsp
                0x000000000000db36       0xa6 c:\Users\DuRuofu\Downloads\CH583EVT\EVT\EXAM\BLE\LIB\libCH58xBLE.a(l2cap_sdu.o)
                0x000000000000db36                l2capSendConnectRsp
 .text.L2CAP_CmdReject
                0x000000000000dbdc       0x12 c:\Users\DuRuofu\Downloads\CH583EVT\EVT\EXAM\BLE\LIB\libCH58xBLE.a(l2cap_sdu.o)
                0x000000000000dbdc                L2CAP_CmdReject
 .text.L2CAP_DisconnectReq
                0x000000000000dbee       0x2a c:\Users\DuRuofu\Downloads\CH583EVT\EVT\EXAM\BLE\LIB\libCH58xBLE.a(l2cap_sdu.o)
                0x000000000000dbee                L2CAP_DisconnectReq
 .text.L2CAP_ConnParamUpdateReq
                0x000000000000dc18       0x16 c:\Users\DuRuofu\Downloads\CH583EVT\EVT\EXAM\BLE\LIB\libCH58xBLE.a(l2cap_sdu.o)
                0x000000000000dc18                L2CAP_ConnParamUpdateReq
 .text.L2CAP_ConnParamUpdateRsp
                0x000000000000dc2e       0x12 c:\Users\DuRuofu\Downloads\CH583EVT\EVT\EXAM\BLE\LIB\libCH58xBLE.a(l2cap_sdu.o)
                0x000000000000dc2e                L2CAP_ConnParamUpdateRsp
 .text.reportStatusChange
                0x000000000000dc40       0x3e c:\Users\DuRuofu\Downloads\CH583EVT\EVT\EXAM\BLE\LIB\libCH58xBLE.a(linkdb.o)
 .text.linkDB_Init
                0x000000000000dc7e       0xa0 c:\Users\DuRuofu\Downloads\CH583EVT\EVT\EXAM\BLE\LIB\libCH58xBLE.a(linkdb.o)
                0x000000000000dc7e                linkDB_Init
 .text.linkDB_Find
                0x000000000000dd1e       0x30 c:\Users\DuRuofu\Downloads\CH583EVT\EVT\EXAM\BLE\LIB\libCH58xBLE.a(linkdb.o)
                0x000000000000dd1e                linkDB_Find
 .text.linkDB_Authen
                0x000000000000dd4e       0x5c c:\Users\DuRuofu\Downloads\CH583EVT\EVT\EXAM\BLE\LIB\libCH58xBLE.a(linkdb.o)
                0x000000000000dd4e                linkDB_Authen
 .text.linkDB_FindByAddr
                0x000000000000ddaa       0x7e c:\Users\DuRuofu\Downloads\CH583EVT\EVT\EXAM\BLE\LIB\libCH58xBLE.a(linkdb.o)
                0x000000000000ddaa                linkDB_FindByAddr
 .text.linkDB_FindFirst
                0x000000000000de28       0x3c c:\Users\DuRuofu\Downloads\CH583EVT\EVT\EXAM\BLE\LIB\libCH58xBLE.a(linkdb.o)
                0x000000000000de28                linkDB_FindFirst
 .text.linkDB_MTU
                0x000000000000de64       0x18 c:\Users\DuRuofu\Downloads\CH583EVT\EVT\EXAM\BLE\LIB\libCH58xBLE.a(linkdb.o)
                0x000000000000de64                linkDB_MTU
 .text.linkDB_NumActive
                0x000000000000de7c       0x32 c:\Users\DuRuofu\Downloads\CH583EVT\EVT\EXAM\BLE\LIB\libCH58xBLE.a(linkdb.o)
                0x000000000000de7c                linkDB_NumActive
 .text.linkDB_NumConns
                0x000000000000deae        0xa c:\Users\DuRuofu\Downloads\CH583EVT\EVT\EXAM\BLE\LIB\libCH58xBLE.a(linkdb.o)
                0x000000000000deae                linkDB_NumConns
 .text.linkDB_Register
                0x000000000000deb8       0x28 c:\Users\DuRuofu\Downloads\CH583EVT\EVT\EXAM\BLE\LIB\libCH58xBLE.a(linkdb.o)
                0x000000000000deb8                linkDB_Register
 .text.linkDB_Remove
                0x000000000000dee0       0x4c c:\Users\DuRuofu\Downloads\CH583EVT\EVT\EXAM\BLE\LIB\libCH58xBLE.a(linkdb.o)
                0x000000000000dee0                linkDB_Remove
 .text.linkDB_Role
                0x000000000000df2c       0x18 c:\Users\DuRuofu\Downloads\CH583EVT\EVT\EXAM\BLE\LIB\libCH58xBLE.a(linkdb.o)
                0x000000000000df2c                linkDB_Role
 .text.linkDB_State
                0x000000000000df44       0x30 c:\Users\DuRuofu\Downloads\CH583EVT\EVT\EXAM\BLE\LIB\libCH58xBLE.a(linkdb.o)
                0x000000000000df44                linkDB_State
 .text.linkDB_UpdateMTU
                0x000000000000df74       0x28 c:\Users\DuRuofu\Downloads\CH583EVT\EVT\EXAM\BLE\LIB\libCH58xBLE.a(linkdb.o)
                0x000000000000df74                linkDB_UpdateMTU
 .text.linkDB_PerformFunc
                0x000000000000df9c       0x56 c:\Users\DuRuofu\Downloads\CH583EVT\EVT\EXAM\BLE\LIB\libCH58xBLE.a(linkdb.o)
                0x000000000000df9c                linkDB_PerformFunc
 .text.linkDB_PeripheralLinkNum
                0x000000000000dff2       0x42 c:\Users\DuRuofu\Downloads\CH583EVT\EVT\EXAM\BLE\LIB\libCH58xBLE.a(linkdb.o)
                0x000000000000dff2                linkDB_PeripheralLinkNum
 .text.linkDB_GetSMEvtID
                0x000000000000e034       0x5c c:\Users\DuRuofu\Downloads\CH583EVT\EVT\EXAM\BLE\LIB\libCH58xBLE.a(linkdb.o)
                0x000000000000e034                linkDB_GetSMEvtID
 .text.linkDB_Add
                0x000000000000e090       0xb2 c:\Users\DuRuofu\Downloads\CH583EVT\EVT\EXAM\BLE\LIB\libCH58xBLE.a(linkdb.o)
                0x000000000000e090                linkDB_Add
 .text.linkDB_GetHandleFromSMEvtID
                0x000000000000e142       0x36 c:\Users\DuRuofu\Downloads\CH583EVT\EVT\EXAM\BLE\LIB\libCH58xBLE.a(linkdb.o)
                0x000000000000e142                linkDB_GetHandleFromSMEvtID
 .text.linkDB_GetPairingParam
                0x000000000000e178       0x72 c:\Users\DuRuofu\Downloads\CH583EVT\EVT\EXAM\BLE\LIB\libCH58xBLE.a(linkdb.o)
                0x000000000000e178                linkDB_GetPairingParam
 .text.linkDB_NeedSendKey
                0x000000000000e1ea       0x48 c:\Users\DuRuofu\Downloads\CH583EVT\EVT\EXAM\BLE\LIB\libCH58xBLE.a(linkdb.o)
                0x000000000000e1ea                linkDB_NeedSendKey
 .text.smStartRspTimer
                0x000000000000e232       0x3a c:\Users\DuRuofu\Downloads\CH583EVT\EVT\EXAM\BLE\LIB\libCH58xBLE.a(sm.o)
 .text.smStartEncryption
                0x000000000000e26c       0xa0 c:\Users\DuRuofu\Downloads\CH583EVT\EVT\EXAM\BLE\LIB\libCH58xBLE.a(sm.o)
 .text.smFreePairingParams
                0x000000000000e30c       0x7e c:\Users\DuRuofu\Downloads\CH583EVT\EVT\EXAM\BLE\LIB\libCH58xBLE.a(sm.o)
                0x000000000000e30c                smFreePairingParams
 .text.smEndPairing
                0x000000000000e38a       0x60 c:\Users\DuRuofu\Downloads\CH583EVT\EVT\EXAM\BLE\LIB\libCH58xBLE.a(sm.o)
                0x000000000000e38a                smEndPairing
 .text.smLinkCheck
                0x000000000000e3ea       0x34 c:\Users\DuRuofu\Downloads\CH583EVT\EVT\EXAM\BLE\LIB\libCH58xBLE.a(sm.o)
                0x000000000000e3ea                smLinkCheck
 .text.smNextPairingState
                0x000000000000e41e       0x58 c:\Users\DuRuofu\Downloads\CH583EVT\EVT\EXAM\BLE\LIB\libCH58xBLE.a(sm.o)
                0x000000000000e41e                smNextPairingState
 .text.smProcessEncryptChange
                0x000000000000e476       0xf0 c:\Users\DuRuofu\Downloads\CH583EVT\EVT\EXAM\BLE\LIB\libCH58xBLE.a(sm.o)
                0x000000000000e476                smProcessEncryptChange
 .text.smSendSMMsg
                0x000000000000e566       0x5c c:\Users\DuRuofu\Downloads\CH583EVT\EVT\EXAM\BLE\LIB\libCH58xBLE.a(sm.o)
                0x000000000000e566                smSendSMMsg
 .text.smSendFailAndEnd
                0x000000000000e5c2       0x38 c:\Users\DuRuofu\Downloads\CH583EVT\EVT\EXAM\BLE\LIB\libCH58xBLE.a(sm.o)
                0x000000000000e5c2                smSendFailAndEnd
 .text.smProcessPairingReq
                0x000000000000e5fa       0x3c c:\Users\DuRuofu\Downloads\CH583EVT\EVT\EXAM\BLE\LIB\libCH58xBLE.a(sm.o)
                0x000000000000e5fa                smProcessPairingReq
 .text.smSetPairingReqRsp
                0x000000000000e636       0x3c c:\Users\DuRuofu\Downloads\CH583EVT\EVT\EXAM\BLE\LIB\libCH58xBLE.a(sm.o)
                0x000000000000e636                smSetPairingReqRsp
 .text.SM_StartEncryption
                0x000000000000e672       0x16 c:\Users\DuRuofu\Downloads\CH583EVT\EVT\EXAM\BLE\LIB\libCH58xBLE.a(sm.o)
                0x000000000000e672                SM_StartEncryption
 .text.sm_dhkey
                0x000000000000e688       0x3a c:\Users\DuRuofu\Downloads\CH583EVT\EVT\EXAM\BLE\LIB\libCH58xBLE.a(sm.o)
                0x000000000000e688                sm_dhkey
 .text.sm_c1    0x000000000000e6c2       0xb4 c:\Users\DuRuofu\Downloads\CH583EVT\EVT\EXAM\BLE\LIB\libCH58xBLE.a(sm.o)
                0x000000000000e6c2                sm_c1
 .text.smDetermineKeySize
                0x000000000000e776       0x20 c:\Users\DuRuofu\Downloads\CH583EVT\EVT\EXAM\BLE\LIB\libCH58xBLE.a(sm.o)
                0x000000000000e776                smDetermineKeySize
 .text.smpParsePairingReq
                0x000000000000e796      0x118 c:\Users\DuRuofu\Downloads\CH583EVT\EVT\EXAM\BLE\LIB\libCH58xBLE.a(sm.o)
                0x000000000000e796                smpParsePairingReq
 .text.smpParseEncInfo
                0x000000000000e8ae       0x2a c:\Users\DuRuofu\Downloads\CH583EVT\EVT\EXAM\BLE\LIB\libCH58xBLE.a(sm.o)
                0x000000000000e8ae                smpParseEncInfo
 .text.smpParseIdentityAddrInfo
                0x000000000000e8d8       0x34 c:\Users\DuRuofu\Downloads\CH583EVT\EVT\EXAM\BLE\LIB\libCH58xBLE.a(sm.o)
                0x000000000000e8d8                smpParseIdentityAddrInfo
 .text.smpParseIdentityInfo
                0x000000000000e90c       0x2a c:\Users\DuRuofu\Downloads\CH583EVT\EVT\EXAM\BLE\LIB\libCH58xBLE.a(sm.o)
                0x000000000000e90c                smpParseIdentityInfo
 .text.smpParseMasterID
                0x000000000000e936       0x3c c:\Users\DuRuofu\Downloads\CH583EVT\EVT\EXAM\BLE\LIB\libCH58xBLE.a(sm.o)
                0x000000000000e936                smpParseMasterID
 .text.smpParsePairingConfirm
                0x000000000000e972       0x2a c:\Users\DuRuofu\Downloads\CH583EVT\EVT\EXAM\BLE\LIB\libCH58xBLE.a(sm.o)
                0x000000000000e972                smpParsePairingConfirm
 .text.smpParsePairingFailed
                0x000000000000e99c       0x1c c:\Users\DuRuofu\Downloads\CH583EVT\EVT\EXAM\BLE\LIB\libCH58xBLE.a(sm.o)
                0x000000000000e99c                smpParsePairingFailed
 .text.smpParsePairingRandom
                0x000000000000e9b8       0x2a c:\Users\DuRuofu\Downloads\CH583EVT\EVT\EXAM\BLE\LIB\libCH58xBLE.a(sm.o)
                0x000000000000e9b8                smpParsePairingRandom
 .text.smpParseSigningInfo
                0x000000000000e9e2       0x2a c:\Users\DuRuofu\Downloads\CH583EVT\EVT\EXAM\BLE\LIB\libCH58xBLE.a(sm.o)
                0x000000000000e9e2                smpParseSigningInfo
 .text.smpParsePairingPublicKey
                0x000000000000ea0c       0x2c c:\Users\DuRuofu\Downloads\CH583EVT\EVT\EXAM\BLE\LIB\libCH58xBLE.a(sm.o)
                0x000000000000ea0c                smpParsePairingPublicKey
 .text.smpParsePairingDHKeyCheck
                0x000000000000ea38       0x2a c:\Users\DuRuofu\Downloads\CH583EVT\EVT\EXAM\BLE\LIB\libCH58xBLE.a(sm.o)
                0x000000000000ea38                smpParsePairingDHKeyCheck
 .text.smProcessDataMsg
                0x000000000000ea62       0xfc c:\Users\DuRuofu\Downloads\CH583EVT\EVT\EXAM\BLE\LIB\libCH58xBLE.a(sm.o)
                0x000000000000ea62                smProcessDataMsg
 .text.smProcessTMOSMsg
                0x000000000000eb5e      0x164 c:\Users\DuRuofu\Downloads\CH583EVT\EVT\EXAM\BLE\LIB\libCH58xBLE.a(sm.o)
                0x000000000000eb5e                smProcessTMOSMsg
 .text.SM_CalcRandomAddr
                0x000000000000ecc2       0x54 c:\Users\DuRuofu\Downloads\CH583EVT\EVT\EXAM\BLE\LIB\libCH58xBLE.a(sm.o)
                0x000000000000ecc2                SM_CalcRandomAddr
 .text.SM_GenerateAuthenSig
                0x000000000000ed16       0xe6 c:\Users\DuRuofu\Downloads\CH583EVT\EVT\EXAM\BLE\LIB\libCH58xBLE.a(sm.o)
                0x000000000000ed16                SM_GenerateAuthenSig
 .text.SM_PasskeyUpdate
                0x000000000000edfc       0xe8 c:\Users\DuRuofu\Downloads\CH583EVT\EVT\EXAM\BLE\LIB\libCH58xBLE.a(sm.o)
                0x000000000000edfc                SM_PasskeyUpdate
 .text.SM_ResolveRandomAddrs
                0x000000000000eee4       0x5e c:\Users\DuRuofu\Downloads\CH583EVT\EVT\EXAM\BLE\LIB\libCH58xBLE.a(sm.o)
                0x000000000000eee4                SM_ResolveRandomAddrs
 .text.SM_StartPairing
                0x000000000000ef42       0xc2 c:\Users\DuRuofu\Downloads\CH583EVT\EVT\EXAM\BLE\LIB\libCH58xBLE.a(sm.o)
                0x000000000000ef42                SM_StartPairing
 .text.SM_VerifyAuthenSig
                0x000000000000f004      0x150 c:\Users\DuRuofu\Downloads\CH583EVT\EVT\EXAM\BLE\LIB\libCH58xBLE.a(sm.o)
                0x000000000000f004                SM_VerifyAuthenSig
 .text.SM_ProcessEvent
                0x000000000000f154       0xb4 c:\Users\DuRuofu\Downloads\CH583EVT\EVT\EXAM\BLE\LIB\libCH58xBLE.a(sm.o)
                0x000000000000f154                SM_ProcessEvent
 .text.SM_ParamInit