Archive member included to satisfy reference by file (symbol)

e:\DuRuofu\Project\fr-ble-light\software\ch582\SRC\StdPeriphDriver\libISP583.a(ISP583.o)
                              ./StdPeriphDriver/CH58x_flash.o (FLASH_EEPROM_CMD)
d:/programfiles/mounriver/mounriver_studio2/resources/app/resources/win32/components/wch/toolchain/risc-v embedded gcc/bin/../lib/gcc/riscv-none-embed/8.2.0/../../../../riscv-none-embed/lib/rv32imac/ilp32\libg_nano.a(lib_a-printf.o)
                              ./StdPeriphDriver/CH58x_usb2hostClass.o (printf)
d:/programfiles/mounriver/mounriver_studio2/resources/app/resources/win32/components/wch/toolchain/risc-v embedded gcc/bin/../lib/gcc/riscv-none-embed/8.2.0/../../../../riscv-none-embed/lib/rv32imac/ilp32\libg_nano.a(lib_a-putchar.o)
                              ./StdPeriphDriver/CH58x_usb2hostClass.o (putchar)
d:/programfiles/mounriver/mounriver_studio2/resources/app/resources/win32/components/wch/toolchain/risc-v embedded gcc/bin/../lib/gcc/riscv-none-embed/8.2.0/../../../../riscv-none-embed/lib/rv32imac/ilp32\libg_nano.a(lib_a-puts.o)
                              ./src/Main.o (puts)
d:/programfiles/mounriver/mounriver_studio2/resources/app/resources/win32/components/wch/toolchain/risc-v embedded gcc/bin/../lib/gcc/riscv-none-embed/8.2.0/../../../../riscv-none-embed/lib/rv32imac/ilp32\libg_nano.a(lib_a-wbuf.o)
                              d:/programfiles/mounriver/mounriver_studio2/resources/app/resources/win32/components/wch/toolchain/risc-v embedded gcc/bin/../lib/gcc/riscv-none-embed/8.2.0/../../../../riscv-none-embed/lib/rv32imac/ilp32\libg_nano.a(lib_a-puts.o) (__swbuf_r)
d:/programfiles/mounriver/mounriver_studio2/resources/app/resources/win32/components/wch/toolchain/risc-v embedded gcc/bin/../lib/gcc/riscv-none-embed/8.2.0/../../../../riscv-none-embed/lib/rv32imac/ilp32\libg_nano.a(lib_a-wsetup.o)
                              d:/programfiles/mounriver/mounriver_studio2/resources/app/resources/win32/components/wch/toolchain/risc-v embedded gcc/bin/../lib/gcc/riscv-none-embed/8.2.0/../../../../riscv-none-embed/lib/rv32imac/ilp32\libg_nano.a(lib_a-puts.o) (__swsetup_r)
d:/programfiles/mounriver/mounriver_studio2/resources/app/resources/win32/components/wch/toolchain/risc-v embedded gcc/bin/../lib/gcc/riscv-none-embed/8.2.0/../../../../riscv-none-embed/lib/rv32imac/ilp32\libg_nano.a(lib_a-fflush.o)
                              d:/programfiles/mounriver/mounriver_studio2/resources/app/resources/win32/components/wch/toolchain/risc-v embedded gcc/bin/../lib/gcc/riscv-none-embed/8.2.0/../../../../riscv-none-embed/lib/rv32imac/ilp32\libg_nano.a(lib_a-wbuf.o) (_fflush_r)
d:/programfiles/mounriver/mounriver_studio2/resources/app/resources/win32/components/wch/toolchain/risc-v embedded gcc/bin/../lib/gcc/riscv-none-embed/8.2.0/../../../../riscv-none-embed/lib/rv32imac/ilp32\libg_nano.a(lib_a-findfp.o)
                              d:/programfiles/mounriver/mounriver_studio2/resources/app/resources/win32/components/wch/toolchain/risc-v embedded gcc/bin/../lib/gcc/riscv-none-embed/8.2.0/../../../../riscv-none-embed/lib/rv32imac/ilp32\libg_nano.a(lib_a-printf.o) (__sinit)
d:/programfiles/mounriver/mounriver_studio2/resources/app/resources/win32/components/wch/toolchain/risc-v embedded gcc/bin/../lib/gcc/riscv-none-embed/8.2.0/../../../../riscv-none-embed/lib/rv32imac/ilp32\libg_nano.a(lib_a-fwalk.o)
                              d:/programfiles/mounriver/mounriver_studio2/resources/app/resources/win32/components/wch/toolchain/risc-v embedded gcc/bin/../lib/gcc/riscv-none-embed/8.2.0/../../../../riscv-none-embed/lib/rv32imac/ilp32\libg_nano.a(lib_a-findfp.o) (_fwalk)
d:/programfiles/mounriver/mounriver_studio2/resources/app/resources/win32/components/wch/toolchain/risc-v embedded gcc/bin/../lib/gcc/riscv-none-embed/8.2.0/../../../../riscv-none-embed/lib/rv32imac/ilp32\libg_nano.a(lib_a-impure.o)
                              d:/programfiles/mounriver/mounriver_studio2/resources/app/resources/win32/components/wch/toolchain/risc-v embedded gcc/bin/../lib/gcc/riscv-none-embed/8.2.0/../../../../riscv-none-embed/lib/rv32imac/ilp32\libg_nano.a(lib_a-fflush.o) (_global_impure_ptr)
d:/programfiles/mounriver/mounriver_studio2/resources/app/resources/win32/components/wch/toolchain/risc-v embedded gcc/bin/../lib/gcc/riscv-none-embed/8.2.0/../../../../riscv-none-embed/lib/rv32imac/ilp32\libg_nano.a(lib_a-makebuf.o)
                              d:/programfiles/mounriver/mounriver_studio2/resources/app/resources/win32/components/wch/toolchain/risc-v embedded gcc/bin/../lib/gcc/riscv-none-embed/8.2.0/../../../../riscv-none-embed/lib/rv32imac/ilp32\libg_nano.a(lib_a-wsetup.o) (__smakebuf_r)
d:/programfiles/mounriver/mounriver_studio2/resources/app/resources/win32/components/wch/toolchain/risc-v embedded gcc/bin/../lib/gcc/riscv-none-embed/8.2.0/../../../../riscv-none-embed/lib/rv32imac/ilp32\libg_nano.a(lib_a-memset.o)
[...]
Memory Configuration

Name             Origin             Length             Attributes
FLASH            0x0000000000000000 0x0000000000070000 xr
RAM              0x0000000020000000 0x0000000000008000 xrw
*default*        0x0000000000000000 0xffffffffffffffff

Linker script and memory map

LOAD ./src/Main.o
LOAD ./StdPeriphDriver/CH58x_clk.o
LOAD ./StdPeriphDriver/CH58x_flash.o
LOAD ./StdPeriphDriver/CH58x_gpio.o
LOAD ./StdPeriphDriver/CH58x_i2c.o
LOAD ./StdPeriphDriver/CH58x_pwr.o
LOAD ./StdPeriphDriver/CH58x_spi1.o
LOAD ./StdPeriphDriver/CH58x_sys.o
LOAD ./StdPeriphDriver/CH58x_uart0.o
LOAD ./StdPeriphDriver/CH58x_uart1.o
LOAD ./StdPeriphDriver/CH58x_usb2dev.o
LOAD ./StdPeriphDriver/CH58x_usb2hostBase.o
LOAD ./StdPeriphDriver/CH58x_usb2hostClass.o
LOAD ./Startup/startup_CH583.o
LOAD ./RVMSIS/core_riscv.o
LOAD e:\DuRuofu\Project\fr-ble-light\software\ch582\SRC\StdPeriphDriver\libISP583.a
LOAD d:/programfiles/mounriver/mounriver_studio2/resources/app/resources/win32/components/wch/toolchain/risc-v embedded gcc/bin/../lib/gcc/riscv-none-embed/8.2.0/../../../../riscv-none-embed/lib/rv32imac/ilp32\libm.a
LOAD d:/programfiles/mounriver/mounriver_studio2/resources/app/resources/win32/components/wch/toolchain/risc-v embedded gcc/bin/../lib/gcc/riscv-none-embed/8.2.0/rv32imac/ilp32\libgcc.a
LOAD d:/programfiles/mounriver/mounriver_studio2/resources/app/resources/win32/components/wch/toolchain/risc-v embedded gcc/bin/../lib/gcc/riscv-none-embed/8.2.0/../../../../riscv-none-embed/lib/rv32imac/ilp32\libg_nano.a
LOAD d:/programfiles/mounriver/mounriver_studio2/resources/app/resources/win32/components/wch/toolchain/risc-v embedded gcc/bin/../lib/gcc/riscv-none-embed/8.2.0/../../../../riscv-none-embed/lib/rv32imac/ilp32\libc_nano.a
LOAD d:/programfiles/mounriver/mounriver_studio2/resources/app/resources/win32/components/wch/toolchain/risc-v embedded gcc/bin/../lib/gcc/riscv-none-embed/8.2.0/rv32imac/ilp32\libgcc.a
START GROUP
LOAD d:/programfiles/mounriver/mounriver_studio2/resources/app/resources/win32/components/wch/toolchain/risc-v embedded gcc/bin/../lib/gcc/riscv-none-embed/8.2.0/rv32imac/ilp32\libgcc.a
LOAD d:/programfiles/mounriver/mounriver_studio2/resources/app/resources/win32/components/wch/toolchain/risc-v embedded gcc/bin/../lib/gcc/riscv-none-embed/8.2.0/../../../../riscv-none-embed/lib/rv32imac/ilp32\libc_nano.a
LOAD d:/programfiles/mounriver/mounriver_studio2/resources/app/resources/win32/components/wch/toolchain/risc-v embedded gcc/bin/../lib/gcc/riscv-none-embed/8.2.0/../../../../riscv-none-embed/lib/rv32imac/ilp32\libnosys.a
END GROUP
START GROUP
LOAD d:/programfiles/mounriver/mounriver_studio2/resources/app/resources/win32/components/wch/toolchain/risc-v embedded gcc/bin/../lib/gcc/riscv-none-embed/8.2.0/rv32imac/ilp32\libgcc.a
LOAD d:/programfiles/mounriver/mounriver_studio2/resources/app/resources/win32/components/wch/toolchain/risc-v embedded gcc/bin/../lib/gcc/riscv-none-embed/8.2.0/../../../../riscv-none-embed/lib/rv32imac/ilp32\libc_nano.a
LOAD d:/programfiles/mounriver/mounriver_studio2/resources/app/resources/win32/components/wch/toolchain/risc-v embedded gcc/bin/../lib/gcc/riscv-none-embed/8.2.0/../../../../riscv-none-embed/lib/rv32imac/ilp32\libnosys.a
END GROUP
                0x0000000000000200                __stack_size = 0x200
                [!provide]                        PROVIDE (_stack_size = __stack_size)

.init           0x0000000000000000        0x4
                0x0000000000000000                _sinit = .
                0x0000000000000000                . = ALIGN (0x4)
 *(SORT_NONE(.init))
 .init          0x0000000000000000        0x4 ./Startup/startup_CH583.o
                0x0000000000000000                _start
                0x0000000000000004                . = ALIGN (0x4)
                0x0000000000000004                _einit = .

.highcodelalign
                0x0000000000000004        0x0
                0x0000000000000004                . = ALIGN (0x4)
                0x0000000000000004                PROVIDE (_highcode_lma = .)

.highcode       0x0000000020000000     0x10d4 load address 0x0000000000000004
                0x0000000020000000                . = ALIGN (0x4)
                0x0000000020000000                PROVIDE (_highcode_vma_start = .)
 *(.vector)
 .vector        0x0000000020000000       0x90 ./Startup/startup_CH583.o
 *(SORT_NONE(.vector_handler))
 .vector_handler
                0x0000000020000090        0x2 ./Startup/startup_CH583.o
                0x0000000020000090                GPIOA_IRQHandler
                0x0000000020000090                SysTick_Handler
                0x0000000020000090                NMI_Handler
                0x0000000020000090                UART1_IRQHandler
                0x0000000020000090                UART0_IRQHandler
                0x0000000020000090                BB_IRQHandler
                0x0000000020000090                Break_Point_Handler
                0x0000000020000090                TMR0_IRQHandler
                0x0000000020000090                Ecall_M_Mode_Handler
                0x0000000020000090                RTC_IRQHandler
                0x0000000020000090                UART2_IRQHandler
                0x0000000020000090                PWMX_IRQHandler
                0x0000000020000090                ADC_IRQHandler
                0x0000000020000090                TMR2_IRQHandler
                0x0000000020000090                USB_IRQHandler
                0x0000000020000090                I2C_IRQHandler
                0x0000000020000090                USB2_IRQHandler
                0x0000000020000090                LLE_IRQHandler
                0x0000000020000090                WDOG_BAT_IRQHandler
                0x0000000020000090                Ecall_U_Mode_Handler
                0x0000000020000090                TMR3_IRQHandler
                0x0000000020000090                SW_Handler
                0x0000000020000090                SPI0_IRQHandler
                0x0000000020000090                UART3_IRQHandler
                0x0000000020000090                TMR1_IRQHandler
 *(.highcode)
 .highcode      0x0000000020000092        0xe ./src/Main.o
                0x0000000020000092                GPIOB_IRQHandler
 .highcode      0x00000000200000a0      0x720 ./StdPeriphDriver/CH58x_pwr.o
                0x00000000200000a0                LowPower_Idle
                0x00000000200000e0                LowPower_Halt
                0x00000000200002ca                LowPower_Sleep
                0x000000002000055e                LowPower_Shutdown
 .highcode      0x00000000200007c0      0x4ec ./StdPeriphDriver/CH58x_sys.o
                0x00000000200007c0                SetSysClock
                0x0000000020000b46                SYS_ResetExecute
                0x0000000020000bb8                HardFault_Handler
                0x0000000020000c76                mDelayuS
                0x0000000020000c84                mDelaymS
 .highcode      0x0000000020000cac      0x426 e:\DuRuofu\Project\fr-ble-light\software\ch582\SRC\StdPeriphDriver\libISP583.a(ISP583.o)
                0x0000000020000cac                FLASH_ROM_BEG
                0x0000000020000cbe                FLASH_ROM_END
                0x0000000020000ccc                FLASH_ROM_IN
                0x0000000020000cda                FLASH_ROM_OUT
                0x0000000020000ce8                FLASH_ROM_ADDR
                0x0000000020000d30                FLASH_ROM_WAIT
                0x0000000020000d68                FLASH_EEPROM_CMD
 *(.highcode.*)
                0x00000000200010d4                . = ALIGN (0x4)
 *fill*         0x00000000200010d2        0x2 
                0x00000000200010d4                PROVIDE (_highcode_vma_end = .)

.text           0x00000000000010d8     0x1374
                0x00000000000010d8                . = ALIGN (0x4)
 *(SORT_NONE(.handle_reset))
 .handle_reset  0x00000000000010d8       0xd6 ./Startup/startup_CH583.o
                0x00000000000010d8                handle_reset
 *(.text)
 .text          0x00000000000011ae       0xa8 d:/programfiles/mounriver/mounriver_studio2/resources/app/resources/win32/components/wch/toolchain/risc-v embedded gcc/bin/../lib/gcc/riscv-none-embed/8.2.0/../../../../riscv-none-embed/lib/rv32imac/ilp32\libg_nano.a(lib_a-memset.o)
                0x00000000000011ae                memset
 *(.text.*)
 .text.startup.main
                0x0000000000001256      0x106 ./src/Main.o
                0x0000000000001256                main
 .text.HSECFG_Current
                0x000000000000135c       0x74 ./StdPeriphDriver/CH58x_clk.o
                0x000000000000135c                HSECFG_Current
 .text.GPIOA_ModeCfg
                0x00000000000013d0       0xa6 ./StdPeriphDriver/CH58x_gpio.o
                0x00000000000013d0                GPIOA_ModeCfg
 .text.GPIOB_ModeCfg
                0x0000000000001476       0xa6 ./StdPeriphDriver/CH58x_gpio.o
                0x0000000000001476                GPIOB_ModeCfg
 .text.GPIOB_ITModeCfg
                0x000000000000151c       0x8a ./StdPeriphDriver/CH58x_gpio.o
                0x000000000000151c                GPIOB_ITModeCfg
 .text.PWR_PeriphWakeUpCfg
                0x00000000000015a6      0x180 ./StdPeriphDriver/CH58x_pwr.o
                0x00000000000015a6                PWR_PeriphWakeUpCfg
 .text.GetSysClock
                0x0000000000001726       0x42 ./StdPeriphDriver/CH58x_sys.o
                0x0000000000001726                GetSysClock
 .text._write   0x0000000000001768       0x28 ./StdPeriphDriver/CH58x_sys.o
                0x0000000000001768                _write
 .text._sbrk    0x0000000000001790       0x30 ./StdPeriphDriver/CH58x_sys.o
                0x0000000000001790                _sbrk
 .text.UART1_BaudRateCfg
                0x00000000000017c0       0x30 ./StdPeriphDriver/CH58x_uart1.o
                0x00000000000017c0                UART1_BaudRateCfg
 .text.UART1_DefInit
                0x00000000000017f0       0x32 ./StdPeriphDriver/CH58x_uart1.o
                0x00000000000017f0                UART1_DefInit
 .text._puts_r  0x0000000000001822       0xda d:/programfiles/mounriver/mounriver_studio2/resources/app/resources/win32/components/wch/toolchain/risc-v embedded gcc/bin/../lib/gcc/riscv-none-embed/8.2.0/../../../../riscv-none-embed/lib/rv32imac/ilp32\libg_nano.a(lib_a-puts.o)
                0x0000000000001822                _puts_r
 .text.puts     0x00000000000018fc        0xe d:/programfiles/mounriver/mounriver_studio2/resources/app/resources/win32/components/wch/toolchain/risc-v embedded gcc/bin/../lib/gcc/riscv-none-embed/8.2.0/../../../../riscv-none-embed/lib/rv32imac/ilp32\libg_nano.a(lib_a-puts.o)
                0x00000000000018fc                puts
 .text.__swbuf_r
                0x000000000000190a       0xc0 d:/programfiles/mounriver/mounriver_studio2/resources/app/resources/win32/components/wch/toolchain/risc-v embedded gcc/bin/../lib/gcc/riscv-none-embed/8.2.0/../../../../riscv-none-embed/lib/rv32imac/ilp32\libg_nano.a(lib_a-wbuf.o)
                0x000000000000190a                __swbuf_r
 .text.__swsetup_r
                0x00000000000019ca      0x110 d:/programfiles/mounriver/mounriver_studio2/resources/app/resources/win32/components/wch/toolchain/risc-v embedded gcc/bin/../lib/gcc/riscv-none-embed/8.2.0/../../../../riscv-none-embed/lib/rv32imac/ilp32\libg_nano.a(lib_a-wsetup.o)
                0x00000000000019ca                __swsetup_r
 .text.__sflush_r
                0x0000000000001ada      0x13c d:/programfiles/mounriver/mounriver_studio2/resources/app/resources/win32/components/wch/toolchain/risc-v embedded gcc/bin/../lib/gcc/riscv-none-embed/8.2.0/../../../../riscv-none-embed/lib/rv32imac/ilp32\libg_nano.a(lib_a-fflush.o)
                0x0000000000001ada                __sflush_r
 .text._fflush_r
                0x0000000000001c16       0x64 d:/programfiles/mounriver/mounriver_studio2/resources/app/resources/win32/components/wch/toolchain/risc-v embedded gcc/bin/../lib/gcc/riscv-none-embed/8.2.0/../../../../riscv-none-embed/lib/rv32imac/ilp32\libg_nano.a(lib_a-fflush.o)
                0x0000000000001c16                _fflush_r
 .text.std      0x0000000000001c7a       0x6a d:/programfiles/mounriver/mounriver_studio2/resources/app/resources/win32/components/wch/toolchain/risc-v embedded gcc/bin/../lib/gcc/riscv-none-embed/8.2.0/../../../../riscv-none-embed/lib/rv32imac/ilp32\libg_nano.a(lib_a-findfp.o)
 .text._cleanup_r
                0x0000000000001ce4        0xa d:/programfiles/mounriver/mounriver_studio2/resources/app/resources/win32/components/wch/toolchain/risc-v embedded gcc/bin/../lib/gcc/riscv-none-embed/8.2.0/../../../../riscv-none-embed/lib/rv32imac/ilp32\libg_nano.a(lib_a-findfp.o)
                0x0000000000001ce4                _cleanup_r
 .text.__sfmoreglue
                0x0000000000001cee       0x46 d:/programfiles/mounriver/mounriver_studio2/resources/app/resources/win32/components/wch/toolchain/risc-v embedded gcc/bin/../lib/gcc/riscv-none-embed/8.2.0/../../../../riscv-none-embed/lib/rv32imac/ilp32\libg_nano.a(lib_a-findfp.o)
                0x0000000000001cee                __sfmoreglue
 .text.__sinit  0x0000000000001d34       0x6a d:/programfiles/mounriver/mounriver_studio2/resources/app/resources/win32/components/wch/toolchain/risc-v embedded gcc/bin/../lib/gcc/riscv-none-embed/8.2.0/../../../../riscv-none-embed/lib/rv32imac/ilp32\libg_nano.a(lib_a-findfp.o)
                0x0000000000001d34                __sinit
 .text.__sfp    0x0000000000001d9e       0xa0 d:/programfiles/mounriver/mounriver_studio2/resources/app/resources/win32/components/wch/toolchain/risc-v embedded gcc/bin/../lib/gcc/riscv-none-embed/8.2.0/../../../../riscv-none-embed/lib/rv32imac/ilp32\libg_nano.a(lib_a-findfp.o)
                0x0000000000001d9e                __sfp
 .text._fwalk_reent
                0x0000000000001e3e       0x6c d:/programfiles/mounriver/mounriver_studio2/resources/app/resources/win32/components/wch/toolchain/risc-v embedded gcc/bin/../lib/gcc/riscv-none-embed/8.2.0/../../../../riscv-none-embed/lib/rv32imac/ilp32\libg_nano.a(lib_a-fwalk.o)
                0x0000000000001e3e                _fwalk_reent
 .text.__swhatbuf_r
                0x0000000000001eaa       0x58 d:/programfiles/mounriver/mounriver_studio2/resources/app/resources/win32/components/wch/toolchain/risc-v embedded gcc/bin/../lib/gcc/riscv-none-embed/8.2.0/../../../../riscv-none-embed/lib/rv32imac/ilp32\libg_nano.a(lib_a-makebuf.o)
                0x0000000000001eaa                __swhatbuf_r
 .text.__smakebuf_r
                0x0000000000001f02       0x9c d:/programfiles/mounriver/mounriver_studio2/resources/app/resources/win32/components/wch/toolchain/risc-v embedded gcc/bin/../lib/gcc/riscv-none-embed/8.2.0/../../../../riscv-none-embed/lib/rv32imac/ilp32\libg_nano.a(lib_a-makebuf.o)
                0x0000000000001f02                __smakebuf_r
 .text._free_r  0x0000000000001f9e       0xa4 d:/programfiles/mounriver/mounriver_studio2/resources/app/resources/win32/components/wch/toolchain/risc-v embedded gcc/bin/../lib/gcc/riscv-none-embed/8.2.0/../../../../riscv-none-embed/lib/rv32imac/ilp32\libg_nano.a(lib_a-nano-freer.o)
                0x0000000000001f9e                _free_r
 .text._malloc_r
                0x0000000000002042       0xce d:/programfiles/mounriver/mounriver_studio2/resources/app/resources/win32/components/wch/toolchain/risc-v embedded gcc/bin/../lib/gcc/riscv-none-embed/8.2.0/../../../../riscv-none-embed/lib/rv32imac/ilp32\libg_nano.a(lib_a-nano-mallocr.o)
                0x0000000000002042                _malloc_r
 .text._sbrk_r  0x0000000000002110       0x2a d:/programfiles/mounriver/mounriver_studio2/resources/app/resources/win32/components/wch/toolchain/risc-v embedded gcc/bin/../lib/gcc/riscv-none-embed/8.2.0/../../../../riscv-none-embed/lib/rv32imac/ilp32\libg_nano.a(lib_a-sbrkr.o)
                0x0000000000002110                _sbrk_r
 .text.__sread  0x000000000000213a       0x30 d:/programfiles/mounriver/mounriver_studio2/resources/app/resources/win32/components/wch/toolchain/risc-v embedded gcc/bin/../lib/gcc/riscv-none-embed/8.2.0/../../../../riscv-none-embed/lib/rv32imac/ilp32\libg_nano.a(lib_a-stdio.o)
                0x000000000000213a                __sread
 .text.__swrite
                0x000000000000216a       0x4e d:/programfiles/mounriver/mounriver_studio2/resources/app/resources/win32/components/wch/toolchain/risc-v embedded gcc/bin/../lib/gcc/riscv-none-embed/8.2.0/../../../../riscv-none-embed/lib/rv32imac/ilp32\libg_nano.a(lib_a-stdio.o)
                0x000000000000216a                __swrite
 .text.__sseek  0x00000000000021b8       0x36 d:/programfiles/mounriver/mounriver_studio2/resources/app/resources/win32/components/wch/toolchain/risc-v embedded gcc/bin/../lib/gcc/riscv-none-embed/8.2.0/../../../../riscv-none-embed/lib/rv32imac/ilp32\libg_nano.a(lib_a-stdio.o)
                0x00000000000021b8                __sseek
 .text.__sclose
                0x00000000000021ee        0x6 d:/programfiles/mounriver/mounriver_studio2/resources/app/resources/win32/components/wch/toolchain/risc-v embedded gcc/bin/../lib/gcc/riscv-none-embed/8.2.0/../../../../riscv-none-embed/lib/rv32imac/ilp32\libg_nano.a(lib_a-stdio.o)
                0x00000000000021ee                __sclose
 .text._write_r
                0x00000000000021f4       0x2e d:/programfiles/mounriver/mounriver_studio2/resources/app/resources/win32/components/wch/toolchain/risc-v embedded gcc/bin/../lib/gcc/riscv-none-embed/8.2.0/../../../../riscv-none-embed/lib/rv32imac/ilp32\libg_nano.a(lib_a-writer.o)
                0x00000000000021f4                _write_r
 .text._close_r
                0x0000000000002222       0x28 d:/programfiles/mounriver/mounriver_studio2/resources/app/resources/win32/components/wch/toolchain/risc-v embedded gcc/bin/../lib/gcc/riscv-none-embed/8.2.0/../../../../riscv-none-embed/lib/rv32imac/ilp32\libg_nano.a(lib_a-closer.o)
                0x0000000000002222                _close_r
 .text._fstat_r
                0x000000000000224a       0x2a d:/programfiles/mounriver/mounriver_studio2/resources/app/resources/win32/components/wch/toolchain/risc-v embedded gcc/bin/../lib/gcc/riscv-none-embed/8.2.0/../../../../riscv-none-embed/lib/rv32imac/ilp32\libg_nano.a(lib_a-fstatr.o)
                0x000000000000224a                _fstat_r
 .text._isatty_r
                0x0000000000002274       0x28 d:/programfiles/mounriver/mounriver_studio2/resources/app/resources/win32/components/wch/toolchain/risc-v embedded gcc/bin/../lib/gcc/riscv-none-embed/8.2.0/../../../../riscv-none-embed/lib/rv32imac/ilp32\libg_nano.a(lib_a-isattyr.o)
                0x0000000000002274                _isatty_r
 .text._lseek_r
                0x000000000000229c       0x2c d:/programfiles/mounriver/mounriver_studio2/resources/app/resources/win32/components/wch/toolchain/risc-v embedded gcc/bin/../lib/gcc/riscv-none-embed/8.2.0/../../../../riscv-none-embed/lib/rv32imac/ilp32\libg_nano.a(lib_a-lseekr.o)
                0x000000000000229c                _lseek_r
 .text.__malloc_lock
                0x00000000000022c8        0x2 d:/programfiles/mounriver/mounriver_studio2/resources/app/resources/win32/components/wch/toolchain/risc-v embedded gcc/bin/../lib/gcc/riscv-none-embed/8.2.0/../../../../riscv-none-embed/lib/rv32imac/ilp32\libg_nano.a(lib_a-mlock.o)
                0x00000000000022c8                __malloc_lock
 .text.__malloc_unlock
                0x00000000000022ca        0x2 d:/programfiles/mounriver/mounriver_studio2/resources/app/resources/win32/components/wch/toolchain/risc-v embedded gcc/bin/../lib/gcc/riscv-none-embed/8.2.0/../../../../riscv-none-embed/lib/rv32imac/ilp32\libg_nano.a(lib_a-mlock.o)
                0x00000000000022ca                __malloc_unlock
 .text._read_r  0x00000000000022cc       0x2c d:/programfiles/mounriver/mounriver_studio2/resources/app/resources/win32/components/wch/toolchain/risc-v embedded gcc/bin/../lib/gcc/riscv-none-embed/8.2.0/../../../../riscv-none-embed/lib/rv32imac/ilp32\libg_nano.a(lib_a-readr.o)
                0x00000000000022cc                _read_r
 .text._close   0x00000000000022f8        0xc d:/programfiles/mounriver/mounriver_studio2/resources/app/resources/win32/components/wch/toolchain/risc-v embedded gcc/bin/../lib/gcc/riscv-none-embed/8.2.0/../../../../riscv-none-embed/lib/rv32imac/ilp32\libnosys.a(close.o)
                0x00000000000022f8                _close
 .text._fstat   0x0000000000002304        0xc d:/programfiles/mounriver/mounriver_studio2/resources/app/resources/win32/components/wch/toolchain/risc-v embedded gcc/bin/../lib/gcc/riscv-none-embed/8.2.0/../../../../riscv-none-embed/lib/rv32imac/ilp32\libnosys.a(fstat.o)
                0x0000000000002304                _fstat
 .text._isatty  0x0000000000002310        0xc d:/programfiles/mounriver/mounriver_studio2/resources/app/resources/win32/components/wch/toolchain/risc-v embedded gcc/bin/../lib/gcc/riscv-none-embed/8.2.0/../../../../riscv-none-embed/lib/rv32imac/ilp32\libnosys.a(isatty.o)
                0x0000000000002310                _isatty
 .text._lseek   0x000000000000231c        0xc d:/programfiles/mounriver/mounriver_studio2/resources/app/resources/win32/components/wch/toolchain/risc-v embedded gcc/bin/../lib/gcc/riscv-none-embed/8.2.0/../../../../riscv-none-embed/lib/rv32imac/ilp32\libnosys.a(lseek.o)
                0x000000000000231c                _lseek
 .text._read    0x0000000000002328        0xc d:/programfiles/mounriver/mounriver_studio2/resources/app/resources/win32/components/wch/toolchain/risc-v embedded gcc/bin/../lib/gcc/riscv-none-embed/8.2.0/../../../../riscv-none-embed/lib/rv32imac/ilp32\libnosys.a(read.o)
                0x0000000000002328                _read
 *(.rodata)
 *(.rodata*)
 .rodata.main.str1.4
                0x0000000000002334       0x8c ./src/Main.o
                                         0x8a (size before relaxing)
 .rodata.GPIOA_ModeCfg
                0x00000000000023c0       0x14 ./StdPeriphDriver/CH58x_gpio.o
 .rodata.GPIOB_ModeCfg
                0x00000000000023d4       0x14 ./StdPeriphDriver/CH58x_gpio.o
 .rodata.__sf_fake_stderr
                0x00000000000023e8       0x20 d:/programfiles/mounriver/mounriver_studio2/resources/app/resources/win32/components/wch/toolchain/risc-v embedded gcc/bin/../lib/gcc/riscv-none-embed/8.2.0/../../../../riscv-none-embed/lib/rv32imac/ilp32\libg_nano.a(lib_a-findfp.o)
                0x00000000000023e8                __sf_fake_stderr
 .rodata.__sf_fake_stdin
                0x0000000000002408       0x20 d:/programfiles/mounriver/mounriver_studio2/resources/app/resources/win32/components/wch/toolchain/risc-v embedded gcc/bin/../lib/gcc/riscv-none-embed/8.2.0/../../../../riscv-none-embed/lib/rv32imac/ilp32\libg_nano.a(lib_a-findfp.o)
                0x0000000000002408                __sf_fake_stdin
 .rodata.__sf_fake_stdout
                0x0000000000002428       0x20 d:/programfiles/mounriver/mounriver_studio2/resources/app/resources/win32/components/wch/toolchain/risc-v embedded gcc/bin/../lib/gcc/riscv-none-embed/8.2.0/../../../../riscv-none-embed/lib/rv32imac/ilp32\libg_nano.a(lib_a-findfp.o)
                0x0000000000002428                __sf_fake_stdout
 *(.sdata2.*)
 .sdata2._global_impure_ptr
                0x0000000000002448        0x4 d:/programfiles/mounriver/mounriver_studio2/resources/app/resources/win32/components/wch/toolchain/risc-v embedded gcc/bin/../lib/gcc/riscv-none-embed/8.2.0/../../../../riscv-none-embed/lib/rv32imac/ilp32\libg_nano.a(lib_a-impure.o)
                0x0000000000002448                _global_impure_ptr
 *(.glue_7)
 *(.glue_7t)
 *(.gnu.linkonce.t.*)
                0x000000000000244c                . = ALIGN (0x4)

.rela.dyn       0x000000000000244c        0x0
 .rela.text._sbrk
                0x000000000000244c        0x0 ./src/Main.o
 .rela.sdata.curbrk.4069
                0x000000000000244c        0x0 ./src/Main.o
 .rela.init     0x000000000000244c        0x0 ./src/Main.o
 .rela.vector   0x000000000000244c        0x0 ./src/Main.o
 .rela.handle_reset
                0x000000000000244c        0x0 ./src/Main.o
 .rela.text._sbrk_r
                0x000000000000244c        0x0 ./src/Main.o
 .rela.text._write_r
                0x000000000000244c        0x0 ./src/Main.o
 .rela.text._close_r
                0x000000000000244c        0x0 ./src/Main.o
 .rela.text._fstat_r
                0x000000000000244c        0x0 ./src/Main.o
 .rela.text._isatty_r
                0x000000000000244c        0x0 ./src/Main.o
 .rela.text._lseek_r
                0x000000000000244c        0x0 ./src/Main.o
 .rela.text._read_r
                0x000000000000244c        0x0 ./src/Main.o
 .rela.text._close
                0x000000000000244c        0x0 ./src/Main.o
 .rela.text._fstat
                0x000000000000244c        0x0 ./src/Main.o
 .rela.text._isatty
                0x000000000000244c        0x0 ./src/Main.o
 .rela.text._lseek
                0x000000000000244c        0x0 ./src/Main.o
 .rela.text._read
                0x000000000000244c        0x0 ./src/Main.o

.fini           0x000000000000244c        0x0
 *(SORT_NONE(.fini))
                0x000000000000244c                . = ALIGN (0x4)
                [!provide]                        PROVIDE (_etext = .)
                [!provide]                        PROVIDE (_eitcm = .)

.preinit_array  0x000000000000244c        0x0
                [!provide]                        PROVIDE (__preinit_array_start = .)
 *(.preinit_array)
                [!provide]                        PROVIDE (__preinit_array_end = .)

.init_array     0x000000000000244c        0x0
                [!provide]                        PROVIDE (__init_array_start = .)
 *(SORT_BY_INIT_PRIORITY(.init_array.*) SORT_BY_INIT_PRIORITY(.ctors.*))
 *(.init_array EXCLUDE_FILE(*crtend?.o *crtend.o *crtbegin?.o *crtbegin.o) .ctors)
                [!provide]                        PROVIDE (__init_array_end = .)

.fini_array     0x000000000000244c        0x0
                [!provide]                        PROVIDE (__fini_array_start = .)
 *(SORT_BY_INIT_PRIORITY(.fini_array.*) SORT_BY_INIT_PRIORITY(.dtors.*))
 *(.fini_array EXCLUDE_FILE(*crtend?.o *crtend.o *crtbegin?.o *crtbegin.o) .dtors)
                [!provide]                        PROVIDE (__fini_array_end = .)

.ctors
 *crtbegin.o(.ctors)
 *crtbegin?.o(.ctors)
 *(EXCLUDE_FILE(*crtend?.o *crtend.o) .ctors)
 *(SORT_BY_NAME(.ctors.*))
 *(.ctors)

.dtors
 *crtbegin.o(.dtors)
 *crtbegin?.o(.dtors)
 *(EXCLUDE_FILE(*crtend?.o *crtend.o) .dtors)
 *(SORT_BY_NAME(.dtors.*))
 *(.dtors)

.dlalign        0x000000000000244c        0x0
                0x000000000000244c                . = ALIGN (0x4)
                0x000000000000244c                PROVIDE (_data_lma = .)

.data           0x00000000200010d4       0x6c load address 0x000000000000244c
                0x00000000200010d4                . = ALIGN (0x4)
                0x00000000200010d4                PROVIDE (_data_vma = .)
 *(.gnu.linkonce.r.*)
 *(.data .data.*)
 .data.impure_data
                0x00000000200010d4       0x60 d:/programfiles/mounriver/mounriver_studio2/resources/app/resources/win32/components/wch/toolchain/risc-v embedded gcc/bin/../lib/gcc/riscv-none-embed/8.2.0/../../../../riscv-none-embed/lib/rv32imac/ilp32\libg_nano.a(lib_a-impure.o)
 *(.gnu.linkonce.d.*)
                0x0000000020001138                . = ALIGN (0x8)
 *fill*         0x0000000020001134        0x4 
                0x0000000020001938                PROVIDE (__global_pointer$ = (. + 0x800))
 *(.sdata .sdata.*)
 .sdata.curbrk.4069
                0x0000000020001138        0x4 ./StdPeriphDriver/CH58x_sys.o
 .sdata._impure_ptr
                0x000000002000113c        0x4 d:/programfiles/mounriver/mounriver_studio2/resources/app/resources/win32/components/wch/toolchain/risc-v embedded gcc/bin/../lib/gcc/riscv-none-embed/8.2.0/../../../../riscv-none-embed/lib/rv32imac/ilp32\libg_nano.a(lib_a-impure.o)
                0x000000002000113c                _impure_ptr
 *(.gnu.linkonce.s.*)
                0x0000000020001140                . = ALIGN (0x8)
 *(.srodata.cst16)
 *(.srodata.cst8)
 *(.srodata.cst4)
 *(.srodata.cst2)
 *(.srodata .srodata.*)
                0x0000000020001140                . = ALIGN (0x4)
                0x0000000020001140                PROVIDE (_edata = .)

.bss            0x0000000020001140       0x10 load address 0x00000000000024b8
                0x0000000020001140                . = ALIGN (0x4)
                0x0000000020001140                PROVIDE (_sbss = .)
 *(.sbss*)
 .sbss.IRQ_STA  0x0000000020001140        0x4 ./StdPeriphDriver/CH58x_sys.o
                0x0000000020001140                IRQ_STA
 .sbss.__malloc_free_list
                0x0000000020001144        0x4 d:/programfiles/mounriver/mounriver_studio2/resources/app/resources/win32/components/wch/toolchain/risc-v embedded gcc/bin/../lib/gcc/riscv-none-embed/8.2.0/../../../../riscv-none-embed/lib/rv32imac/ilp32\libg_nano.a(lib_a-nano-mallocr.o)
                0x0000000020001144                __malloc_free_list
 .sbss.__malloc_sbrk_start
                0x0000000020001148        0x4 d:/programfiles/mounriver/mounriver_studio2/resources/app/resources/win32/components/wch/toolchain/risc-v embedded gcc/bin/../lib/gcc/riscv-none-embed/8.2.0/../../../../riscv-none-embed/lib/rv32imac/ilp32\libg_nano.a(lib_a-nano-mallocr.o)
                0x0000000020001148                __malloc_sbrk_start
 *(.gnu.linkonce.sb.*)
 *(.bss*)
 *(.gnu.linkonce.b.*)
 *(COMMON*)
 COMMON         0x000000002000114c        0x4 d:/programfiles/mounriver/mounriver_studio2/resources/app/resources/win32/components/wch/toolchain/risc-v embedded gcc/bin/../lib/gcc/riscv-none-embed/8.2.0/../../../../riscv-none-embed/lib/rv32imac/ilp32\libg_nano.a(lib_a-reent.o)
                0x000000002000114c                errno
                0x0000000020001150                . = ALIGN (0x4)
                0x0000000020001150                PROVIDE (_ebss = .)
                0x0000000020001150                PROVIDE (_end = _ebss)
                [!provide]                        PROVIDE (end = .)

.stack          0x0000000020007e00      0x200
                0x0000000020007e00                PROVIDE (_heap_end = .)
                0x0000000020007e00                . = ALIGN (0x4)
                [!provide]                        PROVIDE (_susrstack = .)
                0x0000000020008000                . = (. + __stack_size)
 *fill*         0x0000000020007e00      0x200 
                0x0000000020008000                PROVIDE (_eusrstack = .)
OUTPUT(PM.elf elf32-littleriscv)

.debug_info     0x0000000000000000     0x8c87
 .debug_info    0x0000000000000000     0x13bc ./src/Main.o
 .debug_info    0x00000000000013bc     0x218d ./StdPeriphDriver/CH58x_clk.o
 .debug_info    0x0000000000003549      0xe73 ./StdPeriphDriver/CH58x_gpio.o
 .debug_info    0x00000000000043bc     0x1ffa ./StdPeriphDriver/CH58x_pwr.o
 .debug_info    0x00000000000063b6     0x1a64 ./StdPeriphDriver/CH58x_sys.o
 .debug_info    0x0000000000007e1a      0xe4b ./StdPeriphDriver/CH58x_uart1.o
 .debug_info    0x0000000000008c65       0x22 ./Startup/startup_CH583.o

.debug_abbrev   0x0000000000000000     0x1491
 .debug_abbrev  0x0000000000000000      0x2d1 ./src/Main.o
 .debug_abbrev  0x00000000000002d1      0x436 ./StdPeriphDriver/CH58x_clk.o
 .debug_abbrev  0x0000000000000707      0x268 ./StdPeriphDriver/CH58x_gpio.o
 .debug_abbrev  0x000000000000096f      0x401 ./StdPeriphDriver/CH58x_pwr.o
 .debug_abbrev  0x0000000000000d70      0x465 ./StdPeriphDriver/CH58x_sys.o
 .debug_abbrev  0x00000000000011d5      0x2aa ./StdPeriphDriver/CH58x_uart1.o
 .debug_abbrev  0x000000000000147f       0x12 ./Startup/startup_CH583.o

.debug_loc      0x0000000000000000     0x2674
 .debug_loc     0x0000000000000000       0x14 ./src/Main.o
 .debug_loc     0x0000000000000014      0xfd2 ./StdPeriphDriver/CH58x_clk.o
 .debug_loc     0x0000000000000fe6      0x361 ./StdPeriphDriver/CH58x_gpio.o
 .debug_loc     0x0000000000001347      0xa6e ./StdPeriphDriver/CH58x_pwr.o
 .debug_loc     0x0000000000001db5      0x6d2 ./StdPeriphDriver/CH58x_sys.o
 .debug_loc     0x0000000000002487      0x1ed ./StdPeriphDriver/CH58x_uart1.o

.debug_aranges  0x0000000000000000      0x270
 .debug_aranges
                0x0000000000000000       0x28 ./src/Main.o
 .debug_aranges
                0x0000000000000028       0x90 ./StdPeriphDriver/CH58x_clk.o
 .debug_aranges
                0x00000000000000b8       0x48 ./StdPeriphDriver/CH58x_gpio.o
 .debug_aranges
                0x0000000000000100       0x60 ./StdPeriphDriver/CH58x_pwr.o
 .debug_aranges
                0x0000000000000160       0x90 ./StdPeriphDriver/CH58x_sys.o
 .debug_aranges
                0x00000000000001f0       0x50 ./StdPeriphDriver/CH58x_uart1.o
 .debug_aranges
                0x0000000000000240       0x30 ./Startup/startup_CH583.o

.debug_ranges   0x0000000000000000      0x2e8
 .debug_ranges  0x0000000000000000       0x18 ./src/Main.o
 .debug_ranges  0x0000000000000018       0xe0 ./StdPeriphDriver/CH58x_clk.o
 .debug_ranges  0x00000000000000f8       0x38 ./StdPeriphDriver/CH58x_gpio.o
 .debug_ranges  0x0000000000000130       0xa0 ./StdPeriphDriver/CH58x_pwr.o
 .debug_ranges  0x00000000000001d0       0xb0 ./StdPeriphDriver/CH58x_sys.o
 .debug_ranges  0x0000000000000280       0x40 ./StdPeriphDriver/CH58x_uart1.o
 .debug_ranges  0x00000000000002c0       0x28 ./Startup/startup_CH583.o

.debug_line     0x0000000000000000     0x89b9
 .debug_line    0x0000000000000000      0x4a8 ./src/Main.o
 .debug_line    0x00000000000004a8     0x34d2 ./StdPeriphDriver/CH58x_clk.o
 .debug_line    0x000000000000397a      0x854 ./StdPeriphDriver/CH58x_gpio.o
 .debug_line    0x00000000000041ce     0x25ae ./StdPeriphDriver/CH58x_pwr.o
 .debug_line    0x000000000000677c     0x19e6 ./StdPeriphDriver/CH58x_sys.o
 .debug_line    0x0000000000008162      0x688 ./StdPeriphDriver/CH58x_uart1.o
 .debug_line    0x00000000000087ea      0x1cf ./Startup/startup_CH583.o

.debug_str      0x0000000000000000     0x16e0
 .debug_str     0x0000000000000000      0xd0b ./src/Main.o
                                        0xdac (size before relaxing)
 .debug_str     0x0000000000000d0b      0x49f ./StdPeriphDriver/CH58x_clk.o
                                        0xd6d (size before relaxing)
 .debug_str     0x00000000000011aa       0xb4 ./StdPeriphDriver/CH58x_gpio.o
                                        0xa1c (size before relaxing)
 .debug_str     0x000000000000125e      0x19f ./StdPeriphDriver/CH58x_pwr.o
                                        0xd19 (size before relaxing)
 .debug_str     0x00000000000013fd      0x17f ./StdPeriphDriver/CH58x_sys.o
                                        0xce0 (size before relaxing)
 .debug_str     0x000000000000157c      0x10d ./StdPeriphDriver/CH58x_uart1.o
                                        0x9c1 (size before relaxing)
 .debug_str     0x0000000000001689       0x57 ./Startup/startup_CH583.o
                                         0x93 (size before relaxing)

.comment        0x0000000000000000       0x33
 .comment       0x0000000000000000       0x33 ./src/Main.o
                                         0x34 (size before relaxing)
 .comment       0x0000000000000033       0x34 ./StdPeriphDriver/CH58x_clk.o
 .comment       0x0000000000000033       0x34 ./StdPeriphDriver/CH58x_gpio.o
 .comment       0x0000000000000033       0x34 ./StdPeriphDriver/CH58x_pwr.o
 .comment       0x0000000000000033       0x34 ./StdPeriphDriver/CH58x_sys.o
 .comment       0x0000000000000033       0x34 ./StdPeriphDriver/CH58x_uart1.o
 .comment       0x0000000000000033       0x34 e:\DuRuofu\Project\fr-ble-light\software\ch582\SRC\StdPeriphDriver\libISP583.a(ISP583.o)

.debug_frame    0x0000000000000000      0xc58
 .debug_frame   0x0000000000000000       0x38 ./src/Main.o
 .debug_frame   0x0000000000000038      0x194 ./StdPeriphDriver/CH58x_clk.o
 .debug_frame   0x00000000000001cc       0x70 ./StdPeriphDriver/CH58x_gpio.o
 .debug_frame   0x000000000000023c      0x118 ./StdPeriphDriver/CH58x_pwr.o
 .debug_frame   0x0000000000000354      0x124 ./StdPeriphDriver/CH58x_sys.o
 .debug_frame   0x0000000000000478       0x9c ./StdPeriphDriver/CH58x_uart1.o
 .debug_frame   0x0000000000000514       0x54 d:/programfiles/mounriver/mounriver_studio2/resources/app/resources/win32/components/wch/toolchain/risc-v embedded gcc/bin/../lib/gcc/riscv-none-embed/8.2.0/../../../../riscv-none-embed/lib/rv32imac/ilp32\libg_nano.a(lib_a-puts.o)
 .debug_frame   0x0000000000000568       0x50 d:/programfiles/mounriver/mounriver_studio2/resources/app/resources/win32/components/wch/toolchain/risc-v embedded gcc/bin/../lib/gcc/riscv-none-embed/8.2.0/../../../../riscv-none-embed/lib/rv32imac/ilp32\libg_nano.a(lib_a-wbuf.o)
 .debug_frame   0x00000000000005b8       0x3c d:/programfiles/mounriver/mounriver_studio2/resources/app/resources/win32/components/wch/toolchain/risc-v embedded gcc/bin/../lib/gcc/riscv-none-embed/8.2.0/../../../../riscv-none-embed/lib/rv32imac/ilp32\libg_nano.a(lib_a-wsetup.o)
 .debug_frame   0x00000000000005f4       0x7c d:/programfiles/mounriver/mounriver_studio2/resources/app/resources/win32/components/wch/toolchain/risc-v embedded gcc/bin/../lib/gcc/riscv-none-embed/8.2.0/../../../../riscv-none-embed/lib/rv32imac/ilp32\libg_nano.a(lib_a-fflush.o)
 .debug_frame   0x0000000000000670      0x148 d:/programfiles/mounriver/mounriver_studio2/resources/app/resources/win32/components/wch/toolchain/risc-v embedded gcc/bin/../lib/gcc/riscv-none-embed/8.2.0/../../../../riscv-none-embed/lib/rv32imac/ilp32\libg_nano.a(lib_a-findfp.o)
 .debug_frame   0x00000000000007b8       0x88 d:/programfiles/mounriver/mounriver_studio2/resources/app/resources/win32/components/wch/toolchain/risc-v embedded gcc/bin/../lib/gcc/riscv-none-embed/8.2.0/../../../../riscv-none-embed/lib/rv32imac/ilp32\libg_nano.a(lib_a-fwalk.o)
 .debug_frame   0x0000000000000840       0x64 d:/programfiles/mounriver/mounriver_studio2/resources/app/resources/win32/components/wch/toolchain/risc-v embedded gcc/bin/../lib/gcc/riscv-none-embed/8.2.0/../../../../riscv-none-embed/lib/rv32imac/ilp32\libg_nano.a(lib_a-makebuf.o)
 .debug_frame   0x00000000000008a4       0x40 d:/programfiles/mounriver/mounriver_studio2/resources/app/resources/win32/components/wch/toolchain/risc-v embedded gcc/bin/../lib/gcc/riscv-none-embed/8.2.0/../../../../riscv-none-embed/lib/rv32imac/ilp32\libg_nano.a(lib_a-nano-freer.o)
 .debug_frame   0x00000000000008e4       0x40 d:/programfiles/mounriver/mounriver_studio2/resources/app/resources/win32/components/wch/toolchain/risc-v embedded gcc/bin/../lib/gcc/riscv-none-embed/8.2.0/../../../../riscv-none-embed/lib/rv32imac/ilp32\libg_nano.a(lib_a-nano-mallocr.o)
 .debug_frame   0x0000000000000924       0x30 d:/programfiles/mounriver/mounriver_studio2/resources/app/resources/win32/components/wch/toolchain/risc-v embedded gcc/bin/../lib/gcc/riscv-none-embed/8.2.0/../../../../riscv-none-embed/lib/rv32imac/ilp32\libg_nano.a(lib_a-sbrkr.o)
 .debug_frame   0x0000000000000954       0xa4 d:/programfiles/mounriver/mounriver_studio2/resources/app/resources/win32/components/wch/toolchain/risc-v embedded gcc/bin/../lib/gcc/riscv-none-embed/8.2.0/../../../../riscv-none-embed/lib/rv32imac/ilp32\libg_nano.a(lib_a-stdio.o)
 .debug_frame   0x00000000000009f8       0x30 d:/programfiles/mounriver/mounriver_studio2/resources/app/resources/win32/components/wch/toolchain/risc-v embedded gcc/bin/../lib/gcc/riscv-none-embed/8.2.0/../../../../riscv-none-embed/lib/rv32imac/ilp32\libg_nano.a(lib_a-writer.o)
 .debug_frame   0x0000000000000a28       0x30 d:/programfiles/mounriver/mounriver_studio2/resources/app/resources/win32/components/wch/toolchain/risc-v embedded gcc/bin/../lib/gcc/riscv-none-embed/8.2.0/../../../../riscv-none-embed/lib/rv32imac/ilp32\libg_nano.a(lib_a-closer.o)
 .debug_frame   0x0000000000000a58       0x30 d:/programfiles/mounriver/mounriver_studio2/resources/app/resources/win32/components/wch/toolchain/risc-v embedded gcc/bin/../lib/gcc/riscv-none-embed/8.2.0/../../../../riscv-none-embed/lib/rv32imac/ilp32\libg_nano.a(lib_a-fstatr.o)
 .debug_frame   0x0000000000000a88       0x30 d:/programfiles/mounriver/mounriver_studio2/resources/app/resources/win32/components/wch/toolchain/risc-v embedded gcc/bin/../lib/gcc/riscv-none-embed/8.2.0/../../../../riscv-none-embed/lib/rv32imac/ilp32\libg_nano.a(lib_a-isattyr.o)
 .debug_frame   0x0000000000000ab8       0x30 d:/programfiles/mounriver/mounriver_studio2/resources/app/resources/win32/components/wch/toolchain/risc-v embedded gcc/bin/../lib/gcc/riscv-none-embed/8.2.0/../../../../riscv-none-embed/lib/rv32imac/ilp32\libg_nano.a(lib_a-lseekr.o)
 .debug_frame   0x0000000000000ae8       0x30 d:/programfiles/mounriver/mounriver_studio2/resources/app/resources/win32/components/wch/toolchain/risc-v embedded gcc/bin/../lib/gcc/riscv-none-embed/8.2.0/../../../../riscv-none-embed/lib/rv32imac/ilp32\libg_nano.a(lib_a-mlock.o)
 .debug_frame   0x0000000000000b18       0x30 d:/programfiles/mounriver/mounriver_studio2/resources/app/resources/win32/components/wch/toolchain/risc-v embedded gcc/bin/../lib/gcc/riscv-none-embed/8.2.0/../../../../riscv-none-embed/lib/rv32imac/ilp32\libg_nano.a(lib_a-readr.o)
 .debug_frame   0x0000000000000b48       0x70 d:/programfiles/mounriver/mounriver_studio2/resources/app/resources/win32/components/wch/toolchain/risc-v embedded gcc/bin/../lib/gcc/riscv-none-embed/8.2.0/../../../../riscv-none-embed/lib/rv32imac/ilp32\libg_nano.a(lib_a-reent.o)
 .debug_frame   0x0000000000000bb8       0x20 d:/programfiles/mounriver/mounriver_studio2/resources/app/resources/win32/components/wch/toolchain/risc-v embedded gcc/bin/../lib/gcc/riscv-none-embed/8.2.0/../../../../riscv-none-embed/lib/rv32imac/ilp32\libnosys.a(close.o)
 .debug_frame   0x0000000000000bd8       0x20 d:/programfiles/mounriver/mounriver_studio2/resources/app/resources/win32/components/wch/toolchain/risc-v embedded gcc/bin/../lib/gcc/riscv-none-embed/8.2.0/../../../../riscv-none-embed/lib/rv32imac/ilp32\libnosys.a(fstat.o)
 .debug_frame   0x0000000000000bf8       0x20 d:/programfiles/mounriver/mounriver_studio2/resources/app/resources/win32/components/wch/toolchain/risc-v embedded gcc/bin/../lib/gcc/riscv-none-embed/8.2.0/../../../../riscv-none-embed/lib/rv32imac/ilp32\libnosys.a(isatty.o)
 .debug_frame   0x0000000000000c18       0x20 d:/programfiles/mounriver/mounriver_studio2/resources/app/resources/win32/components/wch/toolchain/risc-v embedded gcc/bin/../lib/gcc/riscv-none-embed/8.2.0/../../../../riscv-none-embed/lib/rv32imac/ilp32\libnosys.a(lseek.o)
 .debug_frame   0x0000000000000c38       0x20 d:/programfiles/mounriver/mounriver_studio2/resources/app/resources/win32/components/wch/toolchain/risc-v embedded gcc/bin/../lib/gcc/riscv-none-embed/8.2.0/../../../../riscv-none-embed/lib/rv32imac/ilp32\libnosys.a(read.o)

.stab           0x0000000000000000       0x84
 .stab          0x0000000000000000       0x24 d:/programfiles/mounriver/mounriver_studio2/resources/app/resources/win32/components/wch/toolchain/risc-v embedded gcc/bin/../lib/gcc/riscv-none-embed/8.2.0/../../../../riscv-none-embed/lib/rv32imac/ilp32\libnosys.a(close.o)
 .stab          0x0000000000000024       0x18 d:/programfiles/mounriver/mounriver_studio2/resources/app/resources/win32/components/wch/toolchain/risc-v embedded gcc/bin/../lib/gcc/riscv-none-embed/8.2.0/../../../../riscv-none-embed/lib/rv32imac/ilp32\libnosys.a(fstat.o)
                                         0x24 (size before relaxing)
 .stab          0x000000000000003c       0x18 d:/programfiles/mounriver/mounriver_studio2/resources/app/resources/win32/components/wch/toolchain/risc-v embedded gcc/bin/../lib/gcc/riscv-none-embed/8.2.0/../../../../riscv-none-embed/lib/rv32imac/ilp32\libnosys.a(isatty.o)
                                         0x24 (size before relaxing)
 .stab          0x0000000000000054       0x18 d:/programfiles/mounriver/mounriver_studio2/resources/app/resources/win32/components/wch/toolchain/risc-v embedded gcc/bin/../lib/gcc/riscv-none-embed/8.2.0/../../../../riscv-none-embed/lib/rv32imac/ilp32\libnosys.a(lseek.o)
                                         0x24 (size before relaxing)
 .stab          0x000000000000006c       0x18 d:/programfiles/mounriver/mounriver_studio2/resources/app/resources/win32/components/wch/toolchain/risc-v embedded gcc/bin/../lib/gcc/riscv-none-embed/8.2.0/../../../../riscv-none-embed/lib/rv32imac/ilp32\libnosys.a(read.o)
                                         0x24 (size before relaxing)

.stabstr        0x0000000000000000      0x117
 .stabstr       0x0000000000000000      0x117 d:/programfiles/mounriver/mounriver_studio2/resources/app/resources/win32/components/wch/toolchain/risc-v embedded gcc/bin/../lib/gcc/riscv-none-embed/8.2.0/../../../../riscv-none-embed/lib/rv32imac/ilp32\libnosys.a(close.o)
