
01_demo_pwm.elf:     file format elf32-littleriscv
01_demo_pwm.elf
architecture: riscv:rv32, flags 0x00000112:
EXEC_P, HAS_SYMS, D_PAGED
start address 0x00000000

Program Header:
    LOAD off    0x00001000 vaddr 0x00000000 paddr 0x00000000 align 2**12
         filesz 0x00000b80 memsz 0x00000b80 flags r-x
    LOAD off    0x00002000 vaddr 0x20000000 paddr 0x00000b80 align 2**12
         filesz 0x00000040 memsz 0x0000005c flags rw-
    LOAD off    0x00002700 vaddr 0x20000700 paddr 0x20000700 align 2**12
         filesz 0x00000000 memsz 0x00000100 flags rw-

Sections:
Idx Name          Size      VMA       LMA       File off  Algn
  0 .init         000000a0  00000000  00000000  00001000  2**2
                  CONTENTS, ALLOC, LOAD, READONLY, CODE
  1 .highcodelalign 00000000  000000a0  000000a0  00002040  2**0
                  CONTENTS
  2 .highcode     00000000  20000000  20000000  00002040  2**0
                  CONTENTS
  3 .text         00000ae0  000000a0  000000a0  000010a0  2**2
                  CONTENTS, ALLOC, LOAD, READONLY, CODE
  4 .fini         00000000  00000b80  00000b80  00002040  2**0
                  CONTENTS, ALLOC, LOAD, CODE
  5 .dalign       00000000  20000000  20000000  00002040  2**0
                  CONTENTS
  6 .dlalign      00000000  00000b80  00000b80  00002040  2**0
                  CONTENTS
  7 .data         00000040  20000000  00000b80  00002000  2**2
                  CONTENTS, ALLOC, LOAD, DATA
  8 .bss          0000001c  20000040  00000bc0  00002040  2**2
                  ALLOC
  9 .stack        00000100  20000700  20000700  00002700  2**0
                  ALLOC
 10 .debug_info   0000a868  00000000  00000000  00002040  2**0
                  CONTENTS, READONLY, DEBUGGING
 11 .debug_abbrev 00001c73  00000000  00000000  0000c8a8  2**0
                  CONTENTS, READONLY, DEBUGGING
 12 .debug_aranges 00000698  00000000  00000000  0000e520  2**3
                  CONTENTS, READONLY, DEBUGGING
 13 .debug_ranges 00000698  00000000  00000000  0000ebb8  2**3
                  CONTENTS, READONLY, DEBUGGING
 14 .debug_line   0000833a  00000000  00000000  0000f250  2**0
                  CONTENTS, READONLY, DEBUGGING
 15 .debug_str    00002321  00000000  00000000  0001758a  2**0
                  CONTENTS, READONLY, DEBUGGING
 16 .comment      00000033  00000000  00000000  000198ab  2**0
                  CONTENTS, READONLY
 17 .debug_frame  00000e00  00000000  00000000  000198e0  2**2
                  CONTENTS, READONLY, DEBUGGING
 18 .debug_loc    0000319a  00000000  00000000  0001a6e0  2**0
                  CONTENTS, READONLY, DEBUGGING
SYMBOL TABLE:
00000000 l    d  .init	00000000 .init
000000a0 l    d  .highcodelalign	00000000 .highcodelalign
20000000 l    d  .highcode	00000000 .highcode
000000a0 l    d  .text	00000000 .text
00000b80 l    d  .fini	00000000 .fini
20000000 l    d  .dalign	00000000 .dalign
00000b80 l    d  .dlalign	00000000 .dlalign
20000000 l    d  .data	00000000 .data
20000040 l    d  .bss	00000000 .bss
20000700 l    d  .stack	00000000 .stack
00000000 l    d  .debug_info	00000000 .debug_info
00000000 l    d  .debug_abbrev	00000000 .debug_abbrev
00000000 l    d  .debug_aranges	00000000 .debug_aranges
00000000 l    d  .debug_ranges	00000000 .debug_ranges
00000000 l    d  .debug_line	00000000 .debug_line
00000000 l    d  .debug_str	00000000 .debug_str
00000000 l    d  .comment	00000000 .comment
00000000 l    d  .debug_frame	00000000 .debug_frame
00000000 l    d  .debug_loc	00000000 .debug_loc
00000000 l    df *ABS*	00000000 ch32v00x_it.c
00000000 l    df *ABS*	00000000 main.c
00000000 l    df *ABS*	00000000 system_ch32v00x.c
00000000 l    df *ABS*	00000000 ch32v00x_gpio.c
00000000 l    df *ABS*	00000000 ch32v00x_misc.c
00000000 l    df *ABS*	00000000 ch32v00x_rcc.c
2000001c l     O .data	00000014 ADCPrescTable
20000030 l     O .data	00000010 APBAHBPrescTable
00000000 l    df *ABS*	00000000 ch32v00x_tim.c
00000000 l    df *ABS*	00000000 ch32v00x_usart.c
00000000 l    df *ABS*	00000000 debug.c
20000058 l     O .bss	00000002 p_ms
2000005a l     O .bss	00000001 p_us
000001c0 g     F .text	00000118 PWM_Set
20000840 g       .data	00000000 __global_pointer$
0000066e  w      .text	00000000 TIM1_CC_IRQHandler
20000040 g     O .bss	00000010 g_rxbuf
20000004 g     O .data	00000004 g_freq
00000134 g     F .text	00000010 HardFault_Handler
20000000 g     O .data	00000002 g_duty
0000066e  w      .text	00000000 SysTick_Handler
0000066e  w      .text	00000000 PVD_IRQHandler
00000132 g     F .text	00000002 NMI_Handler
00000aba g     F .text	0000000a USART_GetFlagStatus
20000040 g       .bss	00000000 _sbss
00000100 g       *ABS*	00000000 __stack_size
000000aa g     F .text	0000000a .hidden __riscv_restore_2
0000098a g     F .text	00000016 TIM_CtrlPWMOutputs
00000972 g     F .text	00000018 TIM_Cmd
20000018 g     O .data	00000004 SystemCoreClock
00000ab2 g     F .text	00000008 USART_ReceiveData
000000bc g     F .text	0000002c .hidden __udivsi3
000000a0 g       .init	00000000 _einit
00000872 g     F .text	0000001e RCC_APB2PeriphClockCmd
00000720 g     F .text	0000007c GPIO_Init
20000054 g     O .bss	00000004 NVIC_Priority_Group
0000066e  w      .text	00000000 SPI1_IRQHandler
00000a94 g     F .text	00000016 USART_Cmd
000000a0 g     F .text	0000000a .hidden __riscv_save_1
000000aa g     F .text	0000000a .hidden __riscv_restore_0
0000066e  w      .text	00000000 AWU_IRQHandler
000008de g     F .text	00000094 TIM_OC3Init
0000066e  w      .text	00000000 EXTI7_0_IRQHandler
0000031e g     F .text	0000004c UART_SendU32
20000700 g       .stack	00000000 _heap_end
0000066e  w      .text	00000000 DMA1_Channel4_IRQHandler
00000144 g     F .text	0000007c USART1_CFG
0000066e  w      .text	00000000 ADC1_IRQHandler
2000005c g       .bss	00000000 _ebss
0000066e  w      .text	00000000 DMA1_Channel7_IRQHandler
000009ba g     F .text	0000000e TIM_OC3PreloadConfig
00000ac4 g     F .text	00000034 Delay_Init
000009a0 g     F .text	0000001a TIM_ARRPreloadConfig
000000e8 g     F .text	00000008 .hidden __umodsi3
0000066e  w      .text	00000000 I2C1_EV_IRQHandler
00000306 g     F .text	00000018 UART_SendString
000007b4 g     F .text	000000be RCC_GetClocksFreq
0000066e  w      .text	00000000 DMA1_Channel6_IRQHandler
000009c8 g     F .text	000000cc USART_Init
0000066e  w      .text	00000000 RCC_IRQHandler
0000066e  w      .text	00000000 TIM1_TRG_COM_IRQHandler
0000066e  w      .text	00000000 DMA1_Channel1_IRQHandler
00000000 g       .init	00000000 _start
20000008 g     O .data	00000010 AHBPrescTable
20000000 g       .highcode	00000000 _highcode_vma_start
20000000 g       .dalign	00000000 _data_vma
000002d8 g     F .text	0000002e UART_SendChar
000007a2 g     F .text	00000012 RCC_AdjustHSICalibrationValue
00000448 g     F .text	0000009a main
20000050 g     O .bss	00000001 g_rxlen
0000066e  w      .text	00000000 DMA1_Channel5_IRQHandler
000000b4 g     F .text	00000058 .hidden __divsi3
000000a0 g       .highcodelalign	00000000 _highcode_lma
000004e2 g     F .text	00000108 SystemInit
00000000 g       .init	00000000 _sinit
0000066e  w      .text	00000000 DMA1_Channel3_IRQHandler
0000066e  w      .text	00000000 TIM1_UP_IRQHandler
0000066e  w      .text	00000000 WWDG_IRQHandler
0000066e  w      .text	00000000 TIM2_IRQHandler
20000800 g       .stack	00000000 _eusrstack
000000a0 g     F .text	0000000a .hidden __riscv_save_2
0000066e  w      .text	00000000 SW_Handler
0000066e  w      .text	00000000 TIM1_BRK_IRQHandler
00000aaa g     F .text	00000008 USART_SendData
20000040 g       .data	00000000 _edata
2000005c g       .bss	00000000 _end
20000000 g       .highcode	00000000 _highcode_vma_end
00000890 g     F .text	0000004e TIM_TimeBaseInit
00000b80 g       .dlalign	00000000 _data_lma
0000036a g     F .text	000000de Cmd_Process
000005ea g     F .text	00000084 SystemCoreClockUpdate
0000010c g     F .text	00000024 .hidden __modsi3
0000066e  w      .text	00000000 DMA1_Channel2_IRQHandler
00000670  w      .text	00000000 handle_reset
000000a0 g     F .text	0000000a .hidden __riscv_save_0
0000066e  w      .text	00000000 FLASH_IRQHandler
0000066e  w      .text	00000000 USART1_IRQHandler
0000066e  w      .text	00000000 I2C1_ER_IRQHandler
0000079c g     F .text	00000006 NVIC_PriorityGroupConfig
000000aa g     F .text	0000000a .hidden __riscv_restore_1



Disassembly of section .init:

00000000 <_sinit>:
   0:	6700006f          	j	670 <handle_reset>
   4:	0000                	unimp
   6:	0000                	unimp
   8:	0132                	slli	sp,sp,0xc
   a:	0000                	unimp
   c:	0134                	addi	a3,sp,136
	...
  2e:	0000                	unimp
  30:	066e                	slli	a2,a2,0x1b
  32:	0000                	unimp
  34:	0000                	unimp
  36:	0000                	unimp
  38:	066e                	slli	a2,a2,0x1b
  3a:	0000                	unimp
  3c:	0000                	unimp
  3e:	0000                	unimp
  40:	066e                	slli	a2,a2,0x1b
  42:	0000                	unimp
  44:	066e                	slli	a2,a2,0x1b
  46:	0000                	unimp
  48:	066e                	slli	a2,a2,0x1b
  4a:	0000                	unimp
  4c:	066e                	slli	a2,a2,0x1b
  4e:	0000                	unimp
  50:	066e                	slli	a2,a2,0x1b
  52:	0000                	unimp
  54:	066e                	slli	a2,a2,0x1b
  56:	0000                	unimp
  58:	066e                	slli	a2,a2,0x1b
  5a:	0000                	unimp
  5c:	066e                	slli	a2,a2,0x1b
  5e:	0000                	unimp
  60:	066e                	slli	a2,a2,0x1b
  62:	0000                	unimp
  64:	066e                	slli	a2,a2,0x1b
  66:	0000                	unimp
  68:	066e                	slli	a2,a2,0x1b
  6a:	0000                	unimp
  6c:	066e                	slli	a2,a2,0x1b
  6e:	0000                	unimp
  70:	066e                	slli	a2,a2,0x1b
  72:	0000                	unimp
  74:	066e                	slli	a2,a2,0x1b
  76:	0000                	unimp
  78:	066e                	slli	a2,a2,0x1b
  7a:	0000                	unimp
  7c:	066e                	slli	a2,a2,0x1b
  7e:	0000                	unimp
  80:	066e                	slli	a2,a2,0x1b
  82:	0000                	unimp
  84:	066e                	slli	a2,a2,0x1b
  86:	0000                	unimp
  88:	066e                	slli	a2,a2,0x1b
  8a:	0000                	unimp
  8c:	066e                	slli	a2,a2,0x1b
  8e:	0000                	unimp
  90:	066e                	slli	a2,a2,0x1b
  92:	0000                	unimp
  94:	066e                	slli	a2,a2,0x1b
  96:	0000                	unimp
  98:	066e                	slli	a2,a2,0x1b
  9a:	0000                	unimp
  9c:	0000                	unimp
	...

Disassembly of section .text:

000000a0 <__riscv_save_0>:
  a0:	1151                	addi	sp,sp,-12
  a2:	c026                	sw	s1,0(sp)
  a4:	c222                	sw	s0,4(sp)
  a6:	c406                	sw	ra,8(sp)
  a8:	8282                	jr	t0

000000aa <__riscv_restore_0>:
  aa:	4482                	lw	s1,0(sp)
  ac:	4412                	lw	s0,4(sp)
  ae:	40a2                	lw	ra,8(sp)
  b0:	0131                	addi	sp,sp,12
  b2:	8082                	ret

000000b4 <__divsi3>:
  b4:	02054e63          	bltz	a0,f0 <__umodsi3+0x8>
  b8:	0405c363          	bltz	a1,fe <__umodsi3+0x16>

000000bc <__udivsi3>:
  bc:	862e                	mv	a2,a1
  be:	85aa                	mv	a1,a0
  c0:	557d                	li	a0,-1
  c2:	c215                	beqz	a2,e6 <__udivsi3+0x2a>
  c4:	4685                	li	a3,1
  c6:	00b67863          	bgeu	a2,a1,d6 <__udivsi3+0x1a>
  ca:	00c05663          	blez	a2,d6 <__udivsi3+0x1a>
  ce:	0606                	slli	a2,a2,0x1
  d0:	0686                	slli	a3,a3,0x1
  d2:	feb66ce3          	bltu	a2,a1,ca <__udivsi3+0xe>
  d6:	4501                	li	a0,0
  d8:	00c5e463          	bltu	a1,a2,e0 <__udivsi3+0x24>
  dc:	8d91                	sub	a1,a1,a2
  de:	8d55                	or	a0,a0,a3
  e0:	8285                	srli	a3,a3,0x1
  e2:	8205                	srli	a2,a2,0x1
  e4:	faf5                	bnez	a3,d8 <__udivsi3+0x1c>
  e6:	8082                	ret

000000e8 <__umodsi3>:
  e8:	8286                	mv	t0,ra
  ea:	3fc9                	jal	bc <__udivsi3>
  ec:	852e                	mv	a0,a1
  ee:	8282                	jr	t0
  f0:	40a00533          	neg	a0,a0
  f4:	0005d763          	bgez	a1,102 <__stack_size+0x2>
  f8:	40b005b3          	neg	a1,a1
  fc:	b7c1                	j	bc <__udivsi3>
  fe:	40b005b3          	neg	a1,a1
 102:	8286                	mv	t0,ra
 104:	3f65                	jal	bc <__udivsi3>
 106:	40a00533          	neg	a0,a0
 10a:	8282                	jr	t0

0000010c <__modsi3>:
 10c:	8286                	mv	t0,ra
 10e:	0005c763          	bltz	a1,11c <__modsi3+0x10>
 112:	00054963          	bltz	a0,124 <__modsi3+0x18>
 116:	375d                	jal	bc <__udivsi3>
 118:	852e                	mv	a0,a1
 11a:	8282                	jr	t0
 11c:	40b005b3          	neg	a1,a1
 120:	fe055be3          	bgez	a0,116 <__modsi3+0xa>
 124:	40a00533          	neg	a0,a0
 128:	3f51                	jal	bc <__udivsi3>
 12a:	40b00533          	neg	a0,a1
 12e:	8282                	jr	t0
	...

00000132 <NMI_Handler>:
 132:	a001                	j	132 <NMI_Handler>

00000134 <HardFault_Handler>:
 134:	beef07b7          	lui	a5,0xbeef0
 138:	e000e737          	lui	a4,0xe000e
 13c:	08078793          	addi	a5,a5,128 # beef0080 <__global_pointer$+0x9eeef840>
 140:	c73c                	sw	a5,72(a4)
 142:	a001                	j	142 <HardFault_Handler+0xe>

00000144 <USART1_CFG>:
 144:	f5dff2ef          	jal	t0,a0 <__riscv_save_0>
 148:	6511                	lui	a0,0x4
 14a:	1111                	addi	sp,sp,-28
 14c:	4585                	li	a1,1
 14e:	02050513          	addi	a0,a0,32 # 4020 <_data_lma+0x34a0>
 152:	c002                	sw	zero,0(sp)
 154:	c202                	sw	zero,4(sp)
 156:	c402                	sw	zero,8(sp)
 158:	c602                	sw	zero,12(sp)
 15a:	c802                	sw	zero,16(sp)
 15c:	ca02                	sw	zero,20(sp)
 15e:	cc02                	sw	zero,24(sp)
 160:	712000ef          	jal	ra,872 <RCC_APB2PeriphClockCmd>
 164:	02000793          	li	a5,32
 168:	807c                	sh	a5,0(sp)
 16a:	40011437          	lui	s0,0x40011
 16e:	478d                	li	a5,3
 170:	c23e                	sw	a5,4(sp)
 172:	858a                	mv	a1,sp
 174:	47e1                	li	a5,24
 176:	40040513          	addi	a0,s0,1024 # 40011400 <__global_pointer$+0x20010bc0>
 17a:	c43e                	sw	a5,8(sp)
 17c:	2355                	jal	720 <GPIO_Init>
 17e:	04000793          	li	a5,64
 182:	807c                	sh	a5,0(sp)
 184:	858a                	mv	a1,sp
 186:	4791                	li	a5,4
 188:	40040513          	addi	a0,s0,1024
 18c:	c43e                	sw	a5,8(sp)
 18e:	2b49                	jal	720 <GPIO_Init>
 190:	67f1                	lui	a5,0x1c
 192:	40014437          	lui	s0,0x40014
 196:	20078793          	addi	a5,a5,512 # 1c200 <_data_lma+0x1b680>
 19a:	c63e                	sw	a5,12(sp)
 19c:	006c                	addi	a1,sp,12
 19e:	000c07b7          	lui	a5,0xc0
 1a2:	80040513          	addi	a0,s0,-2048 # 40013800 <__global_pointer$+0x20012fc0>
 1a6:	ca3e                	sw	a5,20(sp)
 1a8:	c802                	sw	zero,16(sp)
 1aa:	00011c23          	sh	zero,24(sp)
 1ae:	01b000ef          	jal	ra,9c8 <USART_Init>
 1b2:	4585                	li	a1,1
 1b4:	80040513          	addi	a0,s0,-2048
 1b8:	0dd000ef          	jal	ra,a94 <USART_Cmd>
 1bc:	0171                	addi	sp,sp,28
 1be:	b5f5                	j	aa <__riscv_restore_0>

000001c0 <PWM_Set>:
 1c0:	ee1ff2ef          	jal	t0,a0 <__riscv_save_0>
 1c4:	7179                	addi	sp,sp,-48
 1c6:	ca02                	sw	zero,20(sp)
 1c8:	cc02                	sw	zero,24(sp)
 1ca:	ce02                	sw	zero,28(sp)
 1cc:	d002                	sw	zero,32(sp)
 1ce:	d202                	sw	zero,36(sp)
 1d0:	d402                	sw	zero,40(sp)
 1d2:	d602                	sw	zero,44(sp)
 1d4:	c402                	sw	zero,8(sp)
 1d6:	c602                	sw	zero,12(sp)
 1d8:	00011823          	sh	zero,16(sp)
 1dc:	84ae                	mv	s1,a1
 1de:	4785                	li	a5,1
 1e0:	c901                	beqz	a0,1f0 <PWM_Set+0x30>
 1e2:	6709                	lui	a4,0x2
 1e4:	f4070713          	addi	a4,a4,-192 # 1f40 <_data_lma+0x13c0>
 1e8:	87aa                	mv	a5,a0
 1ea:	00a77363          	bgeu	a4,a0,1f0 <PWM_Set+0x30>
 1ee:	87ba                	mv	a5,a4
 1f0:	00579593          	slli	a1,a5,0x5
 1f4:	20000737          	lui	a4,0x20000
 1f8:	8d9d                	sub	a1,a1,a5
 1fa:	058a                	slli	a1,a1,0x2
 1fc:	01872703          	lw	a4,24(a4) # 20000018 <SystemCoreClock>
 200:	95be                	add	a1,a1,a5
 202:	058e                	slli	a1,a1,0x3
 204:	4505                	li	a0,1
 206:	00b76663          	bltu	a4,a1,212 <PWM_Set+0x52>
 20a:	853a                	mv	a0,a4
 20c:	c03e                	sw	a5,0(sp)
 20e:	357d                	jal	bc <__udivsi3>
 210:	4782                	lw	a5,0(sp)
 212:	3e800693          	li	a3,1000
 216:	fff50713          	addi	a4,a0,-1
 21a:	8426                	mv	s0,s1
 21c:	0096f463          	bgeu	a3,s1,224 <PWM_Set+0x64>
 220:	3e800413          	li	s0,1000
 224:	6505                	lui	a0,0x1
 226:	4585                	li	a1,1
 228:	81050513          	addi	a0,a0,-2032 # 810 <RCC_GetClocksFreq+0x5c>
 22c:	c23a                	sw	a4,4(sp)
 22e:	c03e                	sw	a5,0(sp)
 230:	2589                	jal	872 <RCC_APB2PeriphClockCmd>
 232:	46a1                	li	a3,8
 234:	82f4                	sh	a3,20(sp)
 236:	46e1                	li	a3,24
 238:	ce36                	sw	a3,28(sp)
 23a:	084c                	addi	a1,sp,20
 23c:	468d                	li	a3,3
 23e:	40011537          	lui	a0,0x40011
 242:	cc36                	sw	a3,24(sp)
 244:	29f1                	jal	720 <GPIO_Init>
 246:	40013537          	lui	a0,0x40013
 24a:	c0050513          	addi	a0,a0,-1024 # 40012c00 <__global_pointer$+0x200123c0>
 24e:	4581                	li	a1,0
 250:	722000ef          	jal	ra,972 <TIM_Cmd>
 254:	4712                	lw	a4,4(sp)
 256:	0442                	slli	s0,s0,0x10
 258:	8041                	srli	s0,s0,0x10
 25a:	853a                	mv	a0,a4
 25c:	6741                	lui	a4,0x10
 25e:	4782                	lw	a5,0(sp)
 260:	00e56463          	bltu	a0,a4,268 <PWM_Set+0xa8>
 264:	fff70513          	addi	a0,a4,-1 # ffff <_data_lma+0xf47f>
 268:	400134b7          	lui	s1,0x40013
 26c:	8468                	sh	a0,8(sp)
 26e:	3e700713          	li	a4,999
 272:	002c                	addi	a1,sp,8
 274:	c0048513          	addi	a0,s1,-1024 # 40012c00 <__global_pointer$+0x200123c0>
 278:	c03e                	sw	a5,0(sp)
 27a:	c63a                	sw	a4,12(sp)
 27c:	00011523          	sh	zero,10(sp)
 280:	2d01                	jal	890 <TIM_TimeBaseInit>
 282:	6741                	lui	a4,0x10
 284:	06070713          	addi	a4,a4,96 # 10060 <_data_lma+0xf4e0>
 288:	100c                	addi	a1,sp,32
 28a:	c0048513          	addi	a0,s1,-1024
 28e:	d03a                	sw	a4,32(sp)
 290:	02811323          	sh	s0,38(sp)
 294:	02011423          	sh	zero,40(sp)
 298:	2599                	jal	8de <TIM_OC3Init>
 29a:	c0048513          	addi	a0,s1,-1024
 29e:	4585                	li	a1,1
 2a0:	6ea000ef          	jal	ra,98a <TIM_CtrlPWMOutputs>
 2a4:	c0048513          	addi	a0,s1,-1024
 2a8:	4581                	li	a1,0
 2aa:	710000ef          	jal	ra,9ba <TIM_OC3PreloadConfig>
 2ae:	c0048513          	addi	a0,s1,-1024
 2b2:	4585                	li	a1,1
 2b4:	6ec000ef          	jal	ra,9a0 <TIM_ARRPreloadConfig>
 2b8:	4585                	li	a1,1
 2ba:	c0048513          	addi	a0,s1,-1024
 2be:	6b4000ef          	jal	ra,972 <TIM_Cmd>
 2c2:	4782                	lw	a5,0(sp)
 2c4:	20000737          	lui	a4,0x20000
 2c8:	00f72223          	sw	a5,4(a4) # 20000004 <g_freq>
 2cc:	200007b7          	lui	a5,0x20000
 2d0:	00879023          	sh	s0,0(a5) # 20000000 <_highcode_vma_end>
 2d4:	6145                	addi	sp,sp,48
 2d6:	bbd1                	j	aa <__riscv_restore_0>

000002d8 <UART_SendChar>:
 2d8:	dc9ff2ef          	jal	t0,a0 <__riscv_save_0>
 2dc:	40014437          	lui	s0,0x40014
 2e0:	84aa                	mv	s1,a0
 2e2:	80040793          	addi	a5,s0,-2048 # 40013800 <__global_pointer$+0x20012fc0>
 2e6:	853e                	mv	a0,a5
 2e8:	08000593          	li	a1,128
 2ec:	7ce000ef          	jal	ra,aba <USART_GetFlagStatus>
 2f0:	400147b7          	lui	a5,0x40014
 2f4:	80078793          	addi	a5,a5,-2048 # 40013800 <__global_pointer$+0x20012fc0>
 2f8:	d57d                	beqz	a0,2e6 <UART_SendChar+0xe>
 2fa:	85a6                	mv	a1,s1
 2fc:	80040513          	addi	a0,s0,-2048
 300:	7aa000ef          	jal	ra,aaa <USART_SendData>
 304:	b35d                	j	aa <__riscv_restore_0>

00000306 <UART_SendString>:
 306:	d9bff2ef          	jal	t0,a0 <__riscv_save_0>
 30a:	842a                	mv	s0,a0
 30c:	00040503          	lb	a0,0(s0)
 310:	e111                	bnez	a0,314 <UART_SendString+0xe>
 312:	bb61                	j	aa <__riscv_restore_0>
 314:	0ff57513          	andi	a0,a0,255
 318:	0405                	addi	s0,s0,1
 31a:	3f7d                	jal	2d8 <UART_SendChar>
 31c:	bfc5                	j	30c <UART_SendString+0x6>

0000031e <UART_SendU32>:
 31e:	d83ff2ef          	jal	t0,a0 <__riscv_save_0>
 322:	1141                	addi	sp,sp,-16
 324:	e511                	bnez	a0,330 <UART_SendU32+0x12>
 326:	03000513          	li	a0,48
 32a:	377d                	jal	2d8 <UART_SendChar>
 32c:	0141                	addi	sp,sp,16
 32e:	bbb5                	j	aa <__riscv_restore_0>
 330:	84aa                	mv	s1,a0
 332:	0058                	addi	a4,sp,4
 334:	4401                	li	s0,0
 336:	45a9                	li	a1,10
 338:	8526                	mv	a0,s1
 33a:	c03a                	sw	a4,0(sp)
 33c:	3375                	jal	e8 <__umodsi3>
 33e:	4702                	lw	a4,0(sp)
 340:	03050513          	addi	a0,a0,48
 344:	45a9                	li	a1,10
 346:	a308                	sb	a0,0(a4)
 348:	8526                	mv	a0,s1
 34a:	3b8d                	jal	bc <__udivsi3>
 34c:	4702                	lw	a4,0(sp)
 34e:	46a5                	li	a3,9
 350:	0405                	addi	s0,s0,1
 352:	0705                	addi	a4,a4,1
 354:	0096e963          	bltu	a3,s1,366 <UART_SendU32+0x48>
 358:	147d                	addi	s0,s0,-1
 35a:	005c                	addi	a5,sp,4
 35c:	97a2                	add	a5,a5,s0
 35e:	2388                	lbu	a0,0(a5)
 360:	3fa5                	jal	2d8 <UART_SendChar>
 362:	f87d                	bnez	s0,358 <UART_SendU32+0x3a>
 364:	b7e1                	j	32c <UART_SendU32+0xe>
 366:	84aa                	mv	s1,a0
 368:	b7f9                	j	336 <UART_SendU32+0x18>

0000036a <Cmd_Process>:
 36a:	8101c303          	lbu	t1,-2032(gp) # 20000050 <g_rxlen>
 36e:	200007b7          	lui	a5,0x20000
 372:	4705                	li	a4,1
 374:	4501                	li	a0,0
 376:	04078793          	addi	a5,a5,64 # 20000040 <_edata>
 37a:	42a5                	li	t0,9
 37c:	0ff77693          	andi	a3,a4,255
 380:	0466e863          	bltu	a3,t1,3d0 <Cmd_Process+0x66>
 384:	d1dff2ef          	jal	t0,a0 <__riscv_save_0>
 388:	239c                	lbu	a5,0(a5)
 38a:	04600713          	li	a4,70
 38e:	0df7f793          	andi	a5,a5,223
 392:	06e79163          	bne	a5,a4,3f4 <Cmd_Process+0x8a>
 396:	20000437          	lui	s0,0x20000
 39a:	00040413          	mv	s0,s0
 39e:	200e                	lhu	a1,0(s0)
 3a0:	3505                	jal	1c0 <PWM_Set>
 3a2:	00001537          	lui	a0,0x1
 3a6:	af850513          	addi	a0,a0,-1288 # af8 <Delay_Init+0x34>
 3aa:	3fb1                	jal	306 <UART_SendString>
 3ac:	200007b7          	lui	a5,0x20000
 3b0:	0047a503          	lw	a0,4(a5) # 20000004 <g_freq>
 3b4:	37ad                	jal	31e <UART_SendU32>
 3b6:	00001537          	lui	a0,0x1
 3ba:	b0050513          	addi	a0,a0,-1280 # b00 <Delay_Init+0x3c>
 3be:	37a1                	jal	306 <UART_SendString>
 3c0:	200a                	lhu	a0,0(s0)
 3c2:	3fb1                	jal	31e <UART_SendU32>
 3c4:	00001537          	lui	a0,0x1
 3c8:	b0c50513          	addi	a0,a0,-1268 # b0c <Delay_Init+0x48>
 3cc:	3f2d                	jal	306 <UART_SendString>
 3ce:	b9f1                	j	aa <__riscv_restore_0>
 3d0:	00e786b3          	add	a3,a5,a4
 3d4:	2290                	lbu	a2,0(a3)
 3d6:	0705                	addi	a4,a4,1
 3d8:	fd060693          	addi	a3,a2,-48
 3dc:	0ff6f693          	andi	a3,a3,255
 3e0:	06d2e363          	bltu	t0,a3,446 <Cmd_Process+0xdc>
 3e4:	00251593          	slli	a1,a0,0x2
 3e8:	952e                	add	a0,a0,a1
 3ea:	0506                	slli	a0,a0,0x1
 3ec:	fd050513          	addi	a0,a0,-48
 3f0:	9532                	add	a0,a0,a2
 3f2:	b769                	j	37c <Cmd_Process+0x12>
 3f4:	04400713          	li	a4,68
 3f8:	04e79263          	bne	a5,a4,43c <Cmd_Process+0xd2>
 3fc:	3e800793          	li	a5,1000
 400:	00a7f463          	bgeu	a5,a0,408 <Cmd_Process+0x9e>
 404:	3e800513          	li	a0,1000
 408:	20000437          	lui	s0,0x20000
 40c:	00440413          	addi	s0,s0,4 # 20000004 <g_freq>
 410:	01051593          	slli	a1,a0,0x10
 414:	4008                	lw	a0,0(s0)
 416:	81c1                	srli	a1,a1,0x10
 418:	3365                	jal	1c0 <PWM_Set>
 41a:	00001537          	lui	a0,0x1
 41e:	af850513          	addi	a0,a0,-1288 # af8 <Delay_Init+0x34>
 422:	35d5                	jal	306 <UART_SendString>
 424:	4008                	lw	a0,0(s0)
 426:	3de5                	jal	31e <UART_SendU32>
 428:	00001537          	lui	a0,0x1
 42c:	b0050513          	addi	a0,a0,-1280 # b00 <Delay_Init+0x3c>
 430:	3dd9                	jal	306 <UART_SendString>
 432:	200007b7          	lui	a5,0x20000
 436:	0007d503          	lhu	a0,0(a5) # 20000000 <_highcode_vma_end>
 43a:	b761                	j	3c2 <Cmd_Process+0x58>
 43c:	00001537          	lui	a0,0x1
 440:	b1450513          	addi	a0,a0,-1260 # b14 <Delay_Init+0x50>
 444:	b761                	j	3cc <Cmd_Process+0x62>
 446:	8082                	ret

00000448 <main>:
 448:	c59ff2ef          	jal	t0,a0 <__riscv_save_0>
 44c:	4505                	li	a0,1
 44e:	26b9                	jal	79c <NVIC_PriorityGroupConfig>
 450:	2a69                	jal	5ea <SystemCoreClockUpdate>
 452:	2d8d                	jal	ac4 <Delay_Init>
 454:	39c5                	jal	144 <USART1_CFG>
 456:	200007b7          	lui	a5,0x20000
 45a:	0007d583          	lhu	a1,0(a5) # 20000000 <_highcode_vma_end>
 45e:	200007b7          	lui	a5,0x20000
 462:	0047a503          	lw	a0,4(a5) # 20000004 <g_freq>
 466:	3ba9                	jal	1c0 <PWM_Set>
 468:	00001537          	lui	a0,0x1
 46c:	b2450513          	addi	a0,a0,-1244 # b24 <Delay_Init+0x60>
 470:	3d59                	jal	306 <UART_SendString>
 472:	00001537          	lui	a0,0x1
 476:	b3c50513          	addi	a0,a0,-1220 # b3c <Delay_Init+0x78>
 47a:	3571                	jal	306 <UART_SendString>
 47c:	00001537          	lui	a0,0x1
 480:	b5c50513          	addi	a0,a0,-1188 # b5c <Delay_Init+0x98>
 484:	3549                	jal	306 <UART_SendString>
 486:	400144b7          	lui	s1,0x40014
 48a:	80048793          	addi	a5,s1,-2048 # 40013800 <__global_pointer$+0x20012fc0>
 48e:	853e                	mv	a0,a5
 490:	02000593          	li	a1,32
 494:	251d                	jal	aba <USART_GetFlagStatus>
 496:	400147b7          	lui	a5,0x40014
 49a:	80078793          	addi	a5,a5,-2048 # 40013800 <__global_pointer$+0x20012fc0>
 49e:	d965                	beqz	a0,48e <main+0x46>
 4a0:	80048513          	addi	a0,s1,-2048
 4a4:	2539                	jal	ab2 <USART_ReceiveData>
 4a6:	0ff57513          	andi	a0,a0,255
 4aa:	47b5                	li	a5,13
 4ac:	81018493          	addi	s1,gp,-2032 # 20000050 <g_rxlen>
 4b0:	00f50563          	beq	a0,a5,4ba <main+0x72>
 4b4:	47a9                	li	a5,10
 4b6:	00f51863          	bne	a0,a5,4c6 <main+0x7e>
 4ba:	209c                	lbu	a5,0(s1)
 4bc:	c391                	beqz	a5,4c0 <main+0x78>
 4be:	3575                	jal	36a <Cmd_Process>
 4c0:	00048023          	sb	zero,0(s1)
 4c4:	b7c9                	j	486 <main+0x3e>
 4c6:	2098                	lbu	a4,0(s1)
 4c8:	47b9                	li	a5,14
 4ca:	fae7eee3          	bltu	a5,a4,486 <main+0x3e>
 4ce:	00170793          	addi	a5,a4,1
 4d2:	a09c                	sb	a5,0(s1)
 4d4:	200007b7          	lui	a5,0x20000
 4d8:	04078793          	addi	a5,a5,64 # 20000040 <_edata>
 4dc:	97ba                	add	a5,a5,a4
 4de:	a388                	sb	a0,0(a5)
 4e0:	b75d                	j	486 <main+0x3e>

000004e2 <SystemInit>:
 4e2:	bbfff2ef          	jal	t0,a0 <__riscv_save_0>
 4e6:	40021437          	lui	s0,0x40021
 4ea:	401c                	lw	a5,0(s0)
 4ec:	f8ff0737          	lui	a4,0xf8ff0
 4f0:	1161                	addi	sp,sp,-8
 4f2:	0017e793          	ori	a5,a5,1
 4f6:	c01c                	sw	a5,0(s0)
 4f8:	405c                	lw	a5,4(s0)
 4fa:	4541                	li	a0,16
 4fc:	8ff9                	and	a5,a5,a4
 4fe:	c05c                	sw	a5,4(s0)
 500:	401c                	lw	a5,0(s0)
 502:	fef70737          	lui	a4,0xfef70
 506:	177d                	addi	a4,a4,-1
 508:	8ff9                	and	a5,a5,a4
 50a:	c01c                	sw	a5,0(s0)
 50c:	401c                	lw	a5,0(s0)
 50e:	fffc0737          	lui	a4,0xfffc0
 512:	177d                	addi	a4,a4,-1
 514:	8ff9                	and	a5,a5,a4
 516:	c01c                	sw	a5,0(s0)
 518:	405c                	lw	a5,4(s0)
 51a:	7741                	lui	a4,0xffff0
 51c:	177d                	addi	a4,a4,-1
 51e:	8ff9                	and	a5,a5,a4
 520:	c05c                	sw	a5,4(s0)
 522:	009f07b7          	lui	a5,0x9f0
 526:	c41c                	sw	a5,8(s0)
 528:	2cad                	jal	7a2 <RCC_AdjustHSICalibrationValue>
 52a:	4c1c                	lw	a5,24(s0)
 52c:	00020637          	lui	a2,0x20
 530:	0207e793          	ori	a5,a5,32
 534:	cc1c                	sw	a5,24(s0)
 536:	400117b7          	lui	a5,0x40011
 53a:	4007a703          	lw	a4,1024(a5) # 40011400 <__global_pointer$+0x20010bc0>
 53e:	40078693          	addi	a3,a5,1024
 542:	f0f77713          	andi	a4,a4,-241
 546:	40e7a023          	sw	a4,1024(a5)
 54a:	4007a703          	lw	a4,1024(a5)
 54e:	08076713          	ori	a4,a4,128
 552:	40e7a023          	sw	a4,1024(a5)
 556:	4789                	li	a5,2
 558:	ca9c                	sw	a5,16(a3)
 55a:	c002                	sw	zero,0(sp)
 55c:	c202                	sw	zero,4(sp)
 55e:	4c1c                	lw	a5,24(s0)
 560:	40010737          	lui	a4,0x40010
 564:	66a1                	lui	a3,0x8
 566:	0017e793          	ori	a5,a5,1
 56a:	cc1c                	sw	a5,24(s0)
 56c:	435c                	lw	a5,4(a4)
 56e:	8fd5                	or	a5,a5,a3
 570:	c35c                	sw	a5,4(a4)
 572:	401c                	lw	a5,0(s0)
 574:	6741                	lui	a4,0x10
 576:	400216b7          	lui	a3,0x40021
 57a:	8fd9                	or	a5,a5,a4
 57c:	c01c                	sw	a5,0(s0)
 57e:	6709                	lui	a4,0x2
 580:	429c                	lw	a5,0(a3)
 582:	8ff1                	and	a5,a5,a2
 584:	c23e                	sw	a5,4(sp)
 586:	4782                	lw	a5,0(sp)
 588:	0785                	addi	a5,a5,1
 58a:	c03e                	sw	a5,0(sp)
 58c:	4792                	lw	a5,4(sp)
 58e:	e781                	bnez	a5,596 <SystemInit+0xb4>
 590:	4782                	lw	a5,0(sp)
 592:	fee797e3          	bne	a5,a4,580 <SystemInit+0x9e>
 596:	400217b7          	lui	a5,0x40021
 59a:	439c                	lw	a5,0(a5)
 59c:	00e79713          	slli	a4,a5,0xe
 5a0:	04075363          	bgez	a4,5e6 <SystemInit+0x104>
 5a4:	4785                	li	a5,1
 5a6:	c23e                	sw	a5,4(sp)
 5a8:	4712                	lw	a4,4(sp)
 5aa:	4785                	li	a5,1
 5ac:	02f71b63          	bne	a4,a5,5e2 <SystemInit+0x100>
 5b0:	400227b7          	lui	a5,0x40022
 5b4:	4398                	lw	a4,0(a5)
 5b6:	400216b7          	lui	a3,0x40021
 5ba:	9b71                	andi	a4,a4,-4
 5bc:	c398                	sw	a4,0(a5)
 5be:	4398                	lw	a4,0(a5)
 5c0:	c398                	sw	a4,0(a5)
 5c2:	400217b7          	lui	a5,0x40021
 5c6:	43d8                	lw	a4,4(a5)
 5c8:	c3d8                	sw	a4,4(a5)
 5ca:	43d8                	lw	a4,4(a5)
 5cc:	9b71                	andi	a4,a4,-4
 5ce:	c3d8                	sw	a4,4(a5)
 5d0:	43d8                	lw	a4,4(a5)
 5d2:	00176713          	ori	a4,a4,1
 5d6:	c3d8                	sw	a4,4(a5)
 5d8:	4711                	li	a4,4
 5da:	42dc                	lw	a5,4(a3)
 5dc:	8bb1                	andi	a5,a5,12
 5de:	fee79ee3          	bne	a5,a4,5da <SystemInit+0xf8>
 5e2:	0121                	addi	sp,sp,8
 5e4:	b4d9                	j	aa <__riscv_restore_0>
 5e6:	c202                	sw	zero,4(sp)
 5e8:	b7c1                	j	5a8 <SystemInit+0xc6>

000005ea <SystemCoreClockUpdate>:
 5ea:	ab7ff2ef          	jal	t0,a0 <__riscv_save_0>
 5ee:	40021737          	lui	a4,0x40021
 5f2:	435c                	lw	a5,4(a4)
 5f4:	20000437          	lui	s0,0x20000
 5f8:	4691                	li	a3,4
 5fa:	8bb1                	andi	a5,a5,12
 5fc:	01840413          	addi	s0,s0,24 # 20000018 <SystemCoreClock>
 600:	04d78363          	beq	a5,a3,646 <SystemCoreClockUpdate+0x5c>
 604:	46a1                	li	a3,8
 606:	04d78563          	beq	a5,a3,650 <SystemCoreClockUpdate+0x66>
 60a:	016e37b7          	lui	a5,0x16e3
 60e:	60078793          	addi	a5,a5,1536 # 16e3600 <_data_lma+0x16e2a80>
 612:	c01c                	sw	a5,0(s0)
 614:	400216b7          	lui	a3,0x40021
 618:	42dc                	lw	a5,4(a3)
 61a:	4008                	lw	a0,0(s0)
 61c:	8391                	srli	a5,a5,0x4
 61e:	00f7f713          	andi	a4,a5,15
 622:	200007b7          	lui	a5,0x20000
 626:	00878793          	addi	a5,a5,8 # 20000008 <AHBPrescTable>
 62a:	97ba                	add	a5,a5,a4
 62c:	238c                	lbu	a1,0(a5)
 62e:	42dc                	lw	a5,4(a3)
 630:	0ff5f593          	andi	a1,a1,255
 634:	0807f793          	andi	a5,a5,128
 638:	00b55733          	srl	a4,a0,a1
 63c:	e399                	bnez	a5,642 <SystemCoreClockUpdate+0x58>
 63e:	3cbd                	jal	bc <__udivsi3>
 640:	872a                	mv	a4,a0
 642:	c018                	sw	a4,0(s0)
 644:	b49d                	j	aa <__riscv_restore_0>
 646:	007a17b7          	lui	a5,0x7a1
 64a:	20078793          	addi	a5,a5,512 # 7a1200 <_data_lma+0x7a0680>
 64e:	b7d1                	j	612 <SystemCoreClockUpdate+0x28>
 650:	435c                	lw	a5,4(a4)
 652:	00f79713          	slli	a4,a5,0xf
 656:	00074763          	bltz	a4,664 <SystemCoreClockUpdate+0x7a>
 65a:	02dc77b7          	lui	a5,0x2dc7
 65e:	c0078793          	addi	a5,a5,-1024 # 2dc6c00 <_data_lma+0x2dc6080>
 662:	bf45                	j	612 <SystemCoreClockUpdate+0x28>
 664:	00f427b7          	lui	a5,0xf42
 668:	40078793          	addi	a5,a5,1024 # f42400 <_data_lma+0xf41880>
 66c:	b75d                	j	612 <SystemCoreClockUpdate+0x28>

0000066e <ADC1_IRQHandler>:
 66e:	a001                	j	66e <ADC1_IRQHandler>

00000670 <handle_reset>:
 670:	20000197          	auipc	gp,0x20000
 674:	1d018193          	addi	gp,gp,464 # 20000840 <__global_pointer$>
 678:	fc018113          	addi	sp,gp,-64 # 20000800 <_eusrstack>
 67c:	0a000513          	li	a0,160
 680:	20000597          	auipc	a1,0x20000
 684:	98058593          	addi	a1,a1,-1664 # 20000000 <_highcode_vma_end>
 688:	20000617          	auipc	a2,0x20000
 68c:	97860613          	addi	a2,a2,-1672 # 20000000 <_highcode_vma_end>
 690:	00c5fa63          	bgeu	a1,a2,6a4 <handle_reset+0x34>
 694:	00052283          	lw	t0,0(a0)
 698:	0055a023          	sw	t0,0(a1)
 69c:	0511                	addi	a0,a0,4
 69e:	0591                	addi	a1,a1,4
 6a0:	fec5eae3          	bltu	a1,a2,694 <handle_reset+0x24>
 6a4:	00000517          	auipc	a0,0x0
 6a8:	4dc50513          	addi	a0,a0,1244 # b80 <_data_lma>
 6ac:	20000597          	auipc	a1,0x20000
 6b0:	95458593          	addi	a1,a1,-1708 # 20000000 <_highcode_vma_end>
 6b4:	20000617          	auipc	a2,0x20000
 6b8:	98c60613          	addi	a2,a2,-1652 # 20000040 <_edata>
 6bc:	00c5fa63          	bgeu	a1,a2,6d0 <handle_reset+0x60>
 6c0:	00052283          	lw	t0,0(a0)
 6c4:	0055a023          	sw	t0,0(a1)
 6c8:	0511                	addi	a0,a0,4
 6ca:	0591                	addi	a1,a1,4
 6cc:	fec5eae3          	bltu	a1,a2,6c0 <handle_reset+0x50>
 6d0:	20000517          	auipc	a0,0x20000
 6d4:	97050513          	addi	a0,a0,-1680 # 20000040 <_edata>
 6d8:	81c18593          	addi	a1,gp,-2020 # 2000005c <_ebss>
 6dc:	00b57763          	bgeu	a0,a1,6ea <handle_reset+0x7a>
 6e0:	00052023          	sw	zero,0(a0)
 6e4:	0511                	addi	a0,a0,4
 6e6:	feb56de3          	bltu	a0,a1,6e0 <handle_reset+0x70>
 6ea:	000022b7          	lui	t0,0x2
 6ee:	88028293          	addi	t0,t0,-1920 # 1880 <_data_lma+0xd00>
 6f2:	30029073          	csrw	mstatus,t0
 6f6:	428d                	li	t0,3
 6f8:	80429073          	csrw	0x804,t0
 6fc:	00000297          	auipc	t0,0x0
 700:	90428293          	addi	t0,t0,-1788 # 0 <_sinit>
 704:	0032e293          	ori	t0,t0,3
 708:	30529073          	csrw	mtvec,t0
 70c:	dd7ff0ef          	jal	ra,4e2 <SystemInit>
 710:	00000297          	auipc	t0,0x0
 714:	d3828293          	addi	t0,t0,-712 # 448 <main>
 718:	34129073          	csrw	mepc,t0
 71c:	30200073          	mret

00000720 <GPIO_Init>:
 720:	4594                	lw	a3,8(a1)
 722:	0106f793          	andi	a5,a3,16
 726:	00f6f293          	andi	t0,a3,15
 72a:	c781                	beqz	a5,732 <GPIO_Init+0x12>
 72c:	41dc                	lw	a5,4(a1)
 72e:	00f2e2b3          	or	t0,t0,a5
 732:	0005d383          	lhu	t2,0(a1)
 736:	0ff3f793          	andi	a5,t2,255
 73a:	c3a5                	beqz	a5,79a <GPIO_Init+0x7a>
 73c:	00052303          	lw	t1,0(a0)
 740:	1161                	addi	sp,sp,-8
 742:	c222                	sw	s0,4(sp)
 744:	c026                	sw	s1,0(sp)
 746:	4781                	li	a5,0
 748:	02800413          	li	s0,40
 74c:	04800493          	li	s1,72
 750:	4705                	li	a4,1
 752:	00f71633          	sll	a2,a4,a5
 756:	00c3f733          	and	a4,t2,a2
 75a:	02e61263          	bne	a2,a4,77e <GPIO_Init+0x5e>
 75e:	00279593          	slli	a1,a5,0x2
 762:	473d                	li	a4,15
 764:	00b71733          	sll	a4,a4,a1
 768:	fff74713          	not	a4,a4
 76c:	00677333          	and	t1,a4,t1
 770:	00b295b3          	sll	a1,t0,a1
 774:	0065e333          	or	t1,a1,t1
 778:	00869d63          	bne	a3,s0,792 <GPIO_Init+0x72>
 77c:	c950                	sw	a2,20(a0)
 77e:	0785                	addi	a5,a5,1
 780:	4721                	li	a4,8
 782:	fce797e3          	bne	a5,a4,750 <GPIO_Init+0x30>
 786:	4412                	lw	s0,4(sp)
 788:	00652023          	sw	t1,0(a0)
 78c:	4482                	lw	s1,0(sp)
 78e:	0121                	addi	sp,sp,8
 790:	8082                	ret
 792:	fe9696e3          	bne	a3,s1,77e <GPIO_Init+0x5e>
 796:	c910                	sw	a2,16(a0)
 798:	b7dd                	j	77e <GPIO_Init+0x5e>
 79a:	8082                	ret

0000079c <NVIC_PriorityGroupConfig>:
 79c:	80a1aa23          	sw	a0,-2028(gp) # 20000054 <NVIC_Priority_Group>
 7a0:	8082                	ret

000007a2 <RCC_AdjustHSICalibrationValue>:
 7a2:	40021737          	lui	a4,0x40021
 7a6:	431c                	lw	a5,0(a4)
 7a8:	050e                	slli	a0,a0,0x3
 7aa:	f077f793          	andi	a5,a5,-249
 7ae:	8d5d                	or	a0,a0,a5
 7b0:	c308                	sw	a0,0(a4)
 7b2:	8082                	ret

000007b4 <RCC_GetClocksFreq>:
 7b4:	8edff2ef          	jal	t0,a0 <__riscv_save_0>
 7b8:	40021737          	lui	a4,0x40021
 7bc:	435c                	lw	a5,4(a4)
 7be:	4691                	li	a3,4
 7c0:	842a                	mv	s0,a0
 7c2:	8bb1                	andi	a5,a5,12
 7c4:	08d78363          	beq	a5,a3,84a <RCC_GetClocksFreq+0x96>
 7c8:	46a1                	li	a3,8
 7ca:	08d78563          	beq	a5,a3,854 <RCC_GetClocksFreq+0xa0>
 7ce:	016e37b7          	lui	a5,0x16e3
 7d2:	60078793          	addi	a5,a5,1536 # 16e3600 <_data_lma+0x16e2a80>
 7d6:	c01c                	sw	a5,0(s0)
 7d8:	400216b7          	lui	a3,0x40021
 7dc:	42dc                	lw	a5,4(a3)
 7de:	8391                	srli	a5,a5,0x4
 7e0:	00f7f713          	andi	a4,a5,15
 7e4:	200007b7          	lui	a5,0x20000
 7e8:	03078793          	addi	a5,a5,48 # 20000030 <APBAHBPrescTable>
 7ec:	97ba                	add	a5,a5,a4
 7ee:	238c                	lbu	a1,0(a5)
 7f0:	42dc                	lw	a5,4(a3)
 7f2:	4018                	lw	a4,0(s0)
 7f4:	0ff5f593          	andi	a1,a1,255
 7f8:	0807f793          	andi	a5,a5,128
 7fc:	00b75533          	srl	a0,a4,a1
 800:	e781                	bnez	a5,808 <RCC_GetClocksFreq+0x54>
 802:	853a                	mv	a0,a4
 804:	8b9ff0ef          	jal	ra,bc <__udivsi3>
 808:	c048                	sw	a0,4(s0)
 80a:	c408                	sw	a0,8(s0)
 80c:	c448                	sw	a0,12(s0)
 80e:	400217b7          	lui	a5,0x40021
 812:	43dc                	lw	a5,4(a5)
 814:	468d                	li	a3,3
 816:	83ad                	srli	a5,a5,0xb
 818:	8bfd                	andi	a5,a5,31
 81a:	0037d713          	srli	a4,a5,0x3
 81e:	078a                	slli	a5,a5,0x2
 820:	8bf1                	andi	a5,a5,28
 822:	8fd9                	or	a5,a5,a4
 824:	0137f613          	andi	a2,a5,19
 828:	0037f713          	andi	a4,a5,3
 82c:	00c6f463          	bgeu	a3,a2,834 <RCC_GetClocksFreq+0x80>
 830:	ff478713          	addi	a4,a5,-12 # 40020ff4 <__global_pointer$+0x200207b4>
 834:	200007b7          	lui	a5,0x20000
 838:	01c78793          	addi	a5,a5,28 # 2000001c <ADCPrescTable>
 83c:	97ba                	add	a5,a5,a4
 83e:	238c                	lbu	a1,0(a5)
 840:	87dff0ef          	jal	ra,bc <__udivsi3>
 844:	c808                	sw	a0,16(s0)
 846:	865ff06f          	j	aa <__riscv_restore_0>
 84a:	007a17b7          	lui	a5,0x7a1
 84e:	20078793          	addi	a5,a5,512 # 7a1200 <_data_lma+0x7a0680>
 852:	b751                	j	7d6 <RCC_GetClocksFreq+0x22>
 854:	435c                	lw	a5,4(a4)
 856:	00f79713          	slli	a4,a5,0xf
 85a:	00074763          	bltz	a4,868 <RCC_GetClocksFreq+0xb4>
 85e:	02dc77b7          	lui	a5,0x2dc7
 862:	c0078793          	addi	a5,a5,-1024 # 2dc6c00 <_data_lma+0x2dc6080>
 866:	bf85                	j	7d6 <RCC_GetClocksFreq+0x22>
 868:	00f427b7          	lui	a5,0xf42
 86c:	40078793          	addi	a5,a5,1024 # f42400 <_data_lma+0xf41880>
 870:	b79d                	j	7d6 <RCC_GetClocksFreq+0x22>

00000872 <RCC_APB2PeriphClockCmd>:
 872:	c599                	beqz	a1,880 <RCC_APB2PeriphClockCmd+0xe>
 874:	40021737          	lui	a4,0x40021
 878:	4f1c                	lw	a5,24(a4)
 87a:	8d5d                	or	a0,a0,a5
 87c:	cf08                	sw	a0,24(a4)
 87e:	8082                	ret
 880:	400217b7          	lui	a5,0x40021
 884:	4f98                	lw	a4,24(a5)
 886:	fff54513          	not	a0,a0
 88a:	8d79                	and	a0,a0,a4
 88c:	cf88                	sw	a0,24(a5)
 88e:	8082                	ret

00000890 <TIM_TimeBaseInit>:
 890:	211e                	lhu	a5,0(a0)
 892:	40013737          	lui	a4,0x40013
 896:	c0070713          	addi	a4,a4,-1024 # 40012c00 <__global_pointer$+0x200123c0>
 89a:	07c2                	slli	a5,a5,0x10
 89c:	83c1                	srli	a5,a5,0x10
 89e:	00e50663          	beq	a0,a4,8aa <TIM_TimeBaseInit+0x1a>
 8a2:	40000737          	lui	a4,0x40000
 8a6:	00e51663          	bne	a0,a4,8b2 <TIM_TimeBaseInit+0x22>
 8aa:	21ba                	lhu	a4,2(a1)
 8ac:	f8f7f793          	andi	a5,a5,-113
 8b0:	8fd9                	or	a5,a5,a4
 8b2:	21fa                	lhu	a4,6(a1)
 8b4:	cff7f793          	andi	a5,a5,-769
 8b8:	07c2                	slli	a5,a5,0x10
 8ba:	83c1                	srli	a5,a5,0x10
 8bc:	8fd9                	or	a5,a5,a4
 8be:	a11e                	sh	a5,0(a0)
 8c0:	21de                	lhu	a5,4(a1)
 8c2:	b55e                	sh	a5,44(a0)
 8c4:	219e                	lhu	a5,0(a1)
 8c6:	b51e                	sh	a5,40(a0)
 8c8:	400137b7          	lui	a5,0x40013
 8cc:	c0078793          	addi	a5,a5,-1024 # 40012c00 <__global_pointer$+0x200123c0>
 8d0:	00f51463          	bne	a0,a5,8d8 <TIM_TimeBaseInit+0x48>
 8d4:	259c                	lbu	a5,8(a1)
 8d6:	b91e                	sh	a5,48(a0)
 8d8:	4785                	li	a5,1
 8da:	a95e                	sh	a5,20(a0)
 8dc:	8082                	ret

000008de <TIM_OC3Init>:
 8de:	311e                	lhu	a5,32(a0)
 8e0:	2192                	lhu	a2,0(a1)
 8e2:	0085d303          	lhu	t1,8(a1)
 8e6:	07c2                	slli	a5,a5,0x10
 8e8:	83c1                	srli	a5,a5,0x10
 8ea:	eff7f793          	andi	a5,a5,-257
 8ee:	07c2                	slli	a5,a5,0x10
 8f0:	83c1                	srli	a5,a5,0x10
 8f2:	b11e                	sh	a5,32(a0)
 8f4:	311e                	lhu	a5,32(a0)
 8f6:	2156                	lhu	a3,4(a0)
 8f8:	2d5a                	lhu	a4,28(a0)
 8fa:	07c2                	slli	a5,a5,0x10
 8fc:	83c1                	srli	a5,a5,0x10
 8fe:	0742                	slli	a4,a4,0x10
 900:	8341                	srli	a4,a4,0x10
 902:	f8c77713          	andi	a4,a4,-116
 906:	8f51                	or	a4,a4,a2
 908:	21b2                	lhu	a2,2(a1)
 90a:	dff7f793          	andi	a5,a5,-513
 90e:	06c2                	slli	a3,a3,0x10
 910:	00666633          	or	a2,a2,t1
 914:	0622                	slli	a2,a2,0x8
 916:	8fd1                	or	a5,a5,a2
 918:	01079613          	slli	a2,a5,0x10
 91c:	400137b7          	lui	a5,0x40013
 920:	c0078793          	addi	a5,a5,-1024 # 40012c00 <__global_pointer$+0x200123c0>
 924:	82c1                	srli	a3,a3,0x10
 926:	8241                	srli	a2,a2,0x10
 928:	02f51f63          	bne	a0,a5,966 <TIM_OC3Init+0x88>
 92c:	77fd                	lui	a5,0xfffff
 92e:	7ff78793          	addi	a5,a5,2047 # fffff7ff <__global_pointer$+0xdfffefbf>
 932:	8ff1                	and	a5,a5,a2
 934:	25b2                	lhu	a2,10(a1)
 936:	00c5d303          	lhu	t1,12(a1)
 93a:	0622                	slli	a2,a2,0x8
 93c:	8fd1                	or	a5,a5,a2
 93e:	21d2                	lhu	a2,4(a1)
 940:	07c2                	slli	a5,a5,0x10
 942:	83c1                	srli	a5,a5,0x10
 944:	0622                	slli	a2,a2,0x8
 946:	bff7f793          	andi	a5,a5,-1025
 94a:	8fd1                	or	a5,a5,a2
 94c:	01079613          	slli	a2,a5,0x10
 950:	77f5                	lui	a5,0xffffd
 952:	17fd                	addi	a5,a5,-1
 954:	8efd                	and	a3,a3,a5
 956:	25fe                	lhu	a5,14(a1)
 958:	8241                	srli	a2,a2,0x10
 95a:	0067e7b3          	or	a5,a5,t1
 95e:	0792                	slli	a5,a5,0x4
 960:	8edd                	or	a3,a3,a5
 962:	06c2                	slli	a3,a3,0x10
 964:	82c1                	srli	a3,a3,0x10
 966:	21fe                	lhu	a5,6(a1)
 968:	a156                	sh	a3,4(a0)
 96a:	ad5a                	sh	a4,28(a0)
 96c:	dd5c                	sw	a5,60(a0)
 96e:	b112                	sh	a2,32(a0)
 970:	8082                	ret

00000972 <TIM_Cmd>:
 972:	211e                	lhu	a5,0(a0)
 974:	c589                	beqz	a1,97e <TIM_Cmd+0xc>
 976:	0017e793          	ori	a5,a5,1
 97a:	a11e                	sh	a5,0(a0)
 97c:	8082                	ret
 97e:	07c2                	slli	a5,a5,0x10
 980:	83c1                	srli	a5,a5,0x10
 982:	9bf9                	andi	a5,a5,-2
 984:	07c2                	slli	a5,a5,0x10
 986:	83c1                	srli	a5,a5,0x10
 988:	bfcd                	j	97a <TIM_Cmd+0x8>

0000098a <TIM_CtrlPWMOutputs>:
 98a:	04455783          	lhu	a5,68(a0)
 98e:	c591                	beqz	a1,99a <TIM_CtrlPWMOutputs+0x10>
 990:	6721                	lui	a4,0x8
 992:	8fd9                	or	a5,a5,a4
 994:	04f51223          	sh	a5,68(a0)
 998:	8082                	ret
 99a:	07c6                	slli	a5,a5,0x11
 99c:	83c5                	srli	a5,a5,0x11
 99e:	bfdd                	j	994 <TIM_CtrlPWMOutputs+0xa>

000009a0 <TIM_ARRPreloadConfig>:
 9a0:	211e                	lhu	a5,0(a0)
 9a2:	c589                	beqz	a1,9ac <TIM_ARRPreloadConfig+0xc>
 9a4:	0807e793          	ori	a5,a5,128
 9a8:	a11e                	sh	a5,0(a0)
 9aa:	8082                	ret
 9ac:	07c2                	slli	a5,a5,0x10
 9ae:	83c1                	srli	a5,a5,0x10
 9b0:	f7f7f793          	andi	a5,a5,-129
 9b4:	07c2                	slli	a5,a5,0x10
 9b6:	83c1                	srli	a5,a5,0x10
 9b8:	bfc5                	j	9a8 <TIM_ARRPreloadConfig+0x8>

000009ba <TIM_OC3PreloadConfig>:
 9ba:	2d5e                	lhu	a5,28(a0)
 9bc:	07c2                	slli	a5,a5,0x10
 9be:	83c1                	srli	a5,a5,0x10
 9c0:	9bdd                	andi	a5,a5,-9
 9c2:	8ddd                	or	a1,a1,a5
 9c4:	ad4e                	sh	a1,28(a0)
 9c6:	8082                	ret

000009c8 <USART_Init>:
 9c8:	ed8ff2ef          	jal	t0,a0 <__riscv_save_0>
 9cc:	2916                	lhu	a3,16(a0)
 9ce:	77f5                	lui	a5,0xffffd
 9d0:	17fd                	addi	a5,a5,-1
 9d2:	8ff5                	and	a5,a5,a3
 9d4:	21f6                	lhu	a3,6(a1)
 9d6:	25da                	lhu	a4,12(a1)
 9d8:	1121                	addi	sp,sp,-24
 9da:	8fd5                	or	a5,a5,a3
 9dc:	a91e                	sh	a5,16(a0)
 9de:	2556                	lhu	a3,12(a0)
 9e0:	77fd                	lui	a5,0xfffff
 9e2:	9f378793          	addi	a5,a5,-1549 # ffffe9f3 <__global_pointer$+0xdfffe1b3>
 9e6:	8ff5                	and	a5,a5,a3
 9e8:	21d6                	lhu	a3,4(a1)
 9ea:	842a                	mv	s0,a0
 9ec:	c02e                	sw	a1,0(sp)
 9ee:	8fd5                	or	a5,a5,a3
 9f0:	2596                	lhu	a3,8(a1)
 9f2:	8fd5                	or	a5,a5,a3
 9f4:	25b6                	lhu	a3,10(a1)
 9f6:	8fd5                	or	a5,a5,a3
 9f8:	a55e                	sh	a5,12(a0)
 9fa:	295e                	lhu	a5,20(a0)
 9fc:	07c2                	slli	a5,a5,0x10
 9fe:	83c1                	srli	a5,a5,0x10
 a00:	cff7f793          	andi	a5,a5,-769
 a04:	8f5d                	or	a4,a4,a5
 a06:	a95a                	sh	a4,20(a0)
 a08:	0048                	addi	a0,sp,4
 a0a:	336d                	jal	7b4 <RCC_GetClocksFreq>
 a0c:	400147b7          	lui	a5,0x40014
 a10:	80078793          	addi	a5,a5,-2048 # 40013800 <__global_pointer$+0x20012fc0>
 a14:	4582                	lw	a1,0(sp)
 a16:	06f41263          	bne	s0,a5,a7a <USART_Init+0xb2>
 a1a:	47c2                	lw	a5,16(sp)
 a1c:	245a                	lhu	a4,12(s0)
 a1e:	00179513          	slli	a0,a5,0x1
 a22:	953e                	add	a0,a0,a5
 a24:	0742                	slli	a4,a4,0x10
 a26:	050e                	slli	a0,a0,0x3
 a28:	8741                	srai	a4,a4,0x10
 a2a:	953e                	add	a0,a0,a5
 a2c:	418c                	lw	a1,0(a1)
 a2e:	04075863          	bgez	a4,a7e <USART_Init+0xb6>
 a32:	0586                	slli	a1,a1,0x1
 a34:	e88ff0ef          	jal	ra,bc <__udivsi3>
 a38:	06400593          	li	a1,100
 a3c:	c02a                	sw	a0,0(sp)
 a3e:	e7eff0ef          	jal	ra,bc <__udivsi3>
 a42:	4782                	lw	a5,0(sp)
 a44:	00451493          	slli	s1,a0,0x4
 a48:	06400593          	li	a1,100
 a4c:	853e                	mv	a0,a5
 a4e:	e9aff0ef          	jal	ra,e8 <__umodsi3>
 a52:	245e                	lhu	a5,12(s0)
 a54:	07c2                	slli	a5,a5,0x10
 a56:	87c1                	srai	a5,a5,0x10
 a58:	0207d563          	bgez	a5,a82 <USART_Init+0xba>
 a5c:	050e                	slli	a0,a0,0x3
 a5e:	06400593          	li	a1,100
 a62:	03250513          	addi	a0,a0,50
 a66:	e56ff0ef          	jal	ra,bc <__udivsi3>
 a6a:	891d                	andi	a0,a0,7
 a6c:	8cc9                	or	s1,s1,a0
 a6e:	04c2                	slli	s1,s1,0x10
 a70:	80c1                	srli	s1,s1,0x10
 a72:	a406                	sh	s1,8(s0)
 a74:	0161                	addi	sp,sp,24
 a76:	e34ff06f          	j	aa <__riscv_restore_0>
 a7a:	47b2                	lw	a5,12(sp)
 a7c:	b745                	j	a1c <USART_Init+0x54>
 a7e:	058a                	slli	a1,a1,0x2
 a80:	bf55                	j	a34 <USART_Init+0x6c>
 a82:	0512                	slli	a0,a0,0x4
 a84:	06400593          	li	a1,100
 a88:	03250513          	addi	a0,a0,50
 a8c:	e30ff0ef          	jal	ra,bc <__udivsi3>
 a90:	893d                	andi	a0,a0,15
 a92:	bfe9                	j	a6c <USART_Init+0xa4>

00000a94 <USART_Cmd>:
 a94:	c591                	beqz	a1,aa0 <USART_Cmd+0xc>
 a96:	255e                	lhu	a5,12(a0)
 a98:	6709                	lui	a4,0x2
 a9a:	8fd9                	or	a5,a5,a4
 a9c:	a55e                	sh	a5,12(a0)
 a9e:	8082                	ret
 aa0:	255a                	lhu	a4,12(a0)
 aa2:	77f9                	lui	a5,0xffffe
 aa4:	17fd                	addi	a5,a5,-1
 aa6:	8ff9                	and	a5,a5,a4
 aa8:	bfd5                	j	a9c <USART_Cmd+0x8>

00000aaa <USART_SendData>:
 aaa:	1ff5f593          	andi	a1,a1,511
 aae:	a14e                	sh	a1,4(a0)
 ab0:	8082                	ret

00000ab2 <USART_ReceiveData>:
 ab2:	214a                	lhu	a0,4(a0)
 ab4:	1ff57513          	andi	a0,a0,511
 ab8:	8082                	ret

00000aba <USART_GetFlagStatus>:
 aba:	210a                	lhu	a0,0(a0)
 abc:	8d6d                	and	a0,a0,a1
 abe:	00a03533          	snez	a0,a0
 ac2:	8082                	ret

00000ac4 <Delay_Init>:
 ac4:	ddcff2ef          	jal	t0,a0 <__riscv_save_0>
 ac8:	200007b7          	lui	a5,0x20000
 acc:	0187a503          	lw	a0,24(a5) # 20000018 <SystemCoreClock>
 ad0:	007a15b7          	lui	a1,0x7a1
 ad4:	20058593          	addi	a1,a1,512 # 7a1200 <_data_lma+0x7a0680>
 ad8:	de4ff0ef          	jal	ra,bc <__udivsi3>
 adc:	0ff57513          	andi	a0,a0,255
 ae0:	80a18d23          	sb	a0,-2022(gp) # 2000005a <p_us>
 ae4:	00551793          	slli	a5,a0,0x5
 ae8:	8f89                	sub	a5,a5,a0
 aea:	078a                	slli	a5,a5,0x2
 aec:	953e                	add	a0,a0,a5
 aee:	050e                	slli	a0,a0,0x3
 af0:	80a19c23          	sh	a0,-2024(gp) # 20000058 <p_ms>
 af4:	db6ff06f          	j	aa <__riscv_restore_0>
 af8:	7246                	flw	ft4,112(sp)
 afa:	7165                	addi	sp,sp,-400
 afc:	003d                	c.nop	15
 afe:	0000                	unimp
 b00:	7a48                	flw	fa0,52(a2)
 b02:	202c                	lbu	a1,2(s0)
 b04:	7544                	flw	fs1,44(a0)
 b06:	7974                	flw	fa3,116(a0)
 b08:	003d                	c.nop	15
 b0a:	0000                	unimp
 b0c:	3030312f          	0x3030312f
 b10:	0d30                	addi	a2,sp,664
 b12:	000a                	c.slli	zero,0x2
 b14:	6e75                	lui	t3,0x1d
 b16:	776f6e6b          	0x776f6e6b
 b1a:	206e                	lhu	a1,6(s0)
 b1c:	0d646d63          	bltu	s0,s6,bf6 <_data_lma+0x76>
 b20:	000a                	c.slli	zero,0x2
 b22:	0000                	unimp
 b24:	0a0d                	addi	s4,s4,3
 b26:	3d3d                	jal	964 <TIM_OC3Init+0x86>
 b28:	203d                	jal	b56 <Delay_Init+0x92>
 b2a:	3130                	lbu	a2,3(a0)
 b2c:	645f 6d65 5f6f      	0x5f6f6d65645f
 b32:	7770                	flw	fa2,108(a4)
 b34:	206d                	jal	bde <_data_lma+0x5e>
 b36:	3d3d                	jal	974 <TIM_Cmd+0x2>
 b38:	0d3d                	addi	s10,s10,15
 b3a:	000a                	c.slli	zero,0x2
 b3c:	3c46                	lhu	s1,60(s0)
 b3e:	7266                	flw	ft4,120(sp)
 b40:	7165                	addi	sp,sp,-400
 b42:	203e                	lhu	a5,2(s0)
 b44:	20746573          	csrrsi	a0,0x207,8
 b48:	7266                	flw	ft4,120(sp)
 b4a:	7165                	addi	sp,sp,-400
 b4c:	6575                	lui	a0,0x1d
 b4e:	636e                	flw	ft6,216(sp)
 b50:	2079                	jal	bde <_data_lma+0x5e>
 b52:	4828                	lw	a0,80(s0)
 b54:	297a                	lhu	a4,22(a0)
 b56:	0a0d                	addi	s4,s4,3
 b58:	0000                	unimp
 b5a:	0000                	unimp
 b5c:	3c44                	lbu	s1,29(s0)
 b5e:	7564                	flw	fs1,108(a0)
 b60:	7974                	flw	fa3,116(a0)
 b62:	203e                	lhu	a5,2(s0)
 b64:	20746573          	csrrsi	a0,0x207,8
 b68:	7564                	flw	fs1,108(a0)
 b6a:	7974                	flw	fa3,116(a0)
 b6c:	2820                	lbu	s0,18(s0)
 b6e:	2d30                	lbu	a2,26(a0)
 b70:	3031                	jal	37c <Cmd_Process+0x12>
 b72:	3030                	lbu	a2,3(s0)
 b74:	202c                	lbu	a1,2(s0)
 b76:	2e30                	lbu	a2,26(a2)
 b78:	2531                	jal	1184 <_data_lma+0x604>
 b7a:	0d29                	addi	s10,s10,10
 b7c:	000a                	c.slli	zero,0x2
	...
