
00_demo_uart.elf:     file format elf32-littleriscv
00_demo_uart.elf
architecture: riscv:rv32, flags 0x00000112:
EXEC_P, HAS_SYMS, D_PAGED
start address 0x00000000

Program Header:
    LOAD off    0x00001000 vaddr 0x00000000 paddr 0x00000000 align 2**12
         filesz 0x000006e4 memsz 0x000006e4 flags r-x
    LOAD off    0x00002000 vaddr 0x20000000 paddr 0x000006e4 align 2**12
         filesz 0x00000038 memsz 0x00000044 flags rw-
    LOAD off    0x00002700 vaddr 0x20000700 paddr 0x20000700 align 2**12
         filesz 0x00000000 memsz 0x00000100 flags rw-

Sections:
Idx Name          Size      VMA       LMA       File off  Algn
  0 .init         000000a0  00000000  00000000  00001000  2**2
                  CONTENTS, ALLOC, LOAD, READONLY, CODE
  1 .highcodelalign 00000000  000000a0  000000a0  00002038  2**0
                  CONTENTS
  2 .highcode     00000000  20000000  20000000  00002038  2**0
                  CONTENTS
  3 .text         00000644  000000a0  000000a0  000010a0  2**2
                  CONTENTS, ALLOC, LOAD, READONLY, CODE
  4 .fini         00000000  000006e4  000006e4  00002038  2**0
                  CONTENTS, ALLOC, LOAD, CODE
  5 .dalign       00000000  20000000  20000000  00002038  2**0
                  CONTENTS
  6 .dlalign      00000000  000006e4  000006e4  00002038  2**0
                  CONTENTS
  7 .data         00000038  20000000  000006e4  00002000  2**2
                  CONTENTS, ALLOC, LOAD, DATA
  8 .bss          0000000c  20000038  0000071c  00002038  2**2
                  ALLOC
  9 .stack        00000100  20000700  20000700  00002700  2**0
                  ALLOC
 10 .debug_info   00007786  00000000  00000000  00002038  2**0
                  CONTENTS, READONLY, DEBUGGING
 11 .debug_abbrev 00001772  00000000  00000000  000097be  2**0
                  CONTENTS, READONLY, DEBUGGING
 12 .debug_aranges 00000398  00000000  00000000  0000af30  2**3
                  CONTENTS, READONLY, DEBUGGING
 13 .debug_ranges 00000360  00000000  00000000  0000b2c8  2**3
                  CONTENTS, READONLY, DEBUGGING
 14 .debug_line   00004c5c  00000000  00000000  0000b628  2**0
                  CONTENTS, READONLY, DEBUGGING
 15 .debug_str    000016da  00000000  00000000  00010284  2**0
                  CONTENTS, READONLY, DEBUGGING
 16 .comment      00000033  00000000  00000000  0001195e  2**0
                  CONTENTS, READONLY
 17 .debug_frame  00000720  00000000  00000000  00011994  2**2
                  CONTENTS, READONLY, DEBUGGING
 18 .debug_loc    0000158c  00000000  00000000  000120b4  2**0
                  CONTENTS, READONLY, DEBUGGING
SYMBOL TABLE:
00000000 l    d  .init	00000000 .init
000000a0 l    d  .highcodelalign	00000000 .highcodelalign
20000000 l    d  .highcode	00000000 .highcode
000000a0 l    d  .text	00000000 .text
000006e4 l    d  .fini	00000000 .fini
20000000 l    d  .dalign	00000000 .dalign
000006e4 l    d  .dlalign	00000000 .dlalign
20000000 l    d  .data	00000000 .data
20000038 l    d  .bss	00000000 .bss
20000700 l    d  .stack	00000000 .stack
00000000 l    d  .debug_info	00000000 .debug_info
00000000 l    d  .debug_abbrev	00000000 .debug_abbrev
00000000 l    d  .debug_aranges	00000000 .debug_aranges
00000000 l    d  .debug_ranges	00000000 .debug_ranges
00000000 l    d  .debug_line	00000000 .debug_line
00000000 l    d  .debug_str	00000000 .debug_str
00000000 l    d  .comment	00000000 .comment
00000000 l    d  .debug_frame	00000000 .debug_frame
00000000 l    d  .debug_loc	00000000 .debug_loc
00000000 l    df *ABS*	00000000 ch32v00x_it.c
00000000 l    df *ABS*	00000000 main.c
00000000 l    df *ABS*	00000000 system_ch32v00x.c
00000000 l    df *ABS*	00000000 ch32v00x_gpio.c
00000000 l    df *ABS*	00000000 ch32v00x_misc.c
00000000 l    df *ABS*	00000000 ch32v00x_rcc.c
20000014 l     O .data	00000014 ADCPrescTable
20000028 l     O .data	00000010 APBAHBPrescTable
00000000 l    df *ABS*	00000000 ch32v00x_usart.c
00000000 l    df *ABS*	00000000 debug.c
20000040 l     O .bss	00000002 p_ms
20000042 l     O .bss	00000001 p_us
20000838 g       .data	00000000 __global_pointer$
000003a8  w      .text	00000000 TIM1_CC_IRQHandler
00000134 g     F .text	00000010 HardFault_Handler
000003a8  w      .text	00000000 SysTick_Handler
000003a8  w      .text	00000000 PVD_IRQHandler
00000132 g     F .text	00000002 NMI_Handler
000006aa g     F .text	0000000a USART_GetFlagStatus
20000038 g       .bss	00000000 _sbss
00000100 g       *ABS*	00000000 __stack_size
000000aa g     F .text	0000000a .hidden __riscv_restore_2
20000010 g     O .data	00000004 SystemCoreClock
000006a2 g     F .text	00000008 USART_ReceiveData
000000bc g     F .text	0000002c .hidden __udivsi3
000000a0 g       .init	00000000 _einit
000005a6 g     F .text	0000001e RCC_APB2PeriphClockCmd
00000456 g     F .text	0000007c GPIO_Init
2000003c g     O .bss	00000004 NVIC_Priority_Group
000003a8  w      .text	00000000 SPI1_IRQHandler
00000684 g     F .text	00000016 USART_Cmd
000000a0 g     F .text	0000000a .hidden __riscv_save_1
000000aa g     F .text	0000000a .hidden __riscv_restore_0
000003a8  w      .text	00000000 AWU_IRQHandler
000003a8  w      .text	00000000 EXTI7_0_IRQHandler
20000700 g       .stack	00000000 _heap_end
000003a8  w      .text	00000000 DMA1_Channel4_IRQHandler
00000144 g     F .text	00000076 USART1_CFG
000003a8  w      .text	00000000 ADC1_IRQHandler
20000044 g       .bss	00000000 _ebss
000003a8  w      .text	00000000 DMA1_Channel7_IRQHandler
000006b4 g     F .text	00000030 Delay_Init
000000e8 g     F .text	00000008 .hidden __umodsi3
000003a8  w      .text	00000000 I2C1_EV_IRQHandler
000004ee g     F .text	000000b8 RCC_GetClocksFreq
000003a8  w      .text	00000000 DMA1_Channel6_IRQHandler
000005c4 g     F .text	000000c0 USART_Init
000003a8  w      .text	00000000 RCC_IRQHandler
000003a8  w      .text	00000000 TIM1_TRG_COM_IRQHandler
000003a8  w      .text	00000000 DMA1_Channel1_IRQHandler
00000000 g       .init	00000000 _start
20000000 g     O .data	00000010 AHBPrescTable
20000000 g       .highcode	00000000 _highcode_vma_start
20000000 g       .dalign	00000000 _data_vma
000004dc g     F .text	00000012 RCC_AdjustHSICalibrationValue
000001ba g     F .text	00000062 main
000003a8  w      .text	00000000 DMA1_Channel5_IRQHandler
000000b4 g     F .text	00000058 .hidden __divsi3
000000a0 g       .highcodelalign	00000000 _highcode_lma
0000021c g     F .text	00000108 SystemInit
00000000 g       .init	00000000 _sinit
000003a8  w      .text	00000000 DMA1_Channel3_IRQHandler
000003a8  w      .text	00000000 TIM1_UP_IRQHandler
000003a8  w      .text	00000000 WWDG_IRQHandler
000003a8  w      .text	00000000 TIM2_IRQHandler
20000800 g       .stack	00000000 _eusrstack
000000a0 g     F .text	0000000a .hidden __riscv_save_2
000003a8  w      .text	00000000 SW_Handler
000003a8  w      .text	00000000 TIM1_BRK_IRQHandler
0000069a g     F .text	00000008 USART_SendData
20000038 g       .data	00000000 _edata
20000044 g       .bss	00000000 _end
20000000 g       .highcode	00000000 _highcode_vma_end
000006e4 g       .dlalign	00000000 _data_lma
00000324 g     F .text	00000084 SystemCoreClockUpdate
0000010c g     F .text	00000024 .hidden __modsi3
000003a8  w      .text	00000000 DMA1_Channel2_IRQHandler
000003aa  w      .text	00000000 handle_reset
000000a0 g     F .text	0000000a .hidden __riscv_save_0
000003a8  w      .text	00000000 FLASH_IRQHandler
000003a8  w      .text	00000000 USART1_IRQHandler
20000038 g     O .bss	00000001 ch
000003a8  w      .text	00000000 I2C1_ER_IRQHandler
000004d2 g     F .text	0000000a NVIC_PriorityGroupConfig
000000aa g     F .text	0000000a .hidden __riscv_restore_1



Disassembly of section .init:

00000000 <_sinit>:
   0:	3aa0006f          	j	3aa <handle_reset>
   4:	0000                	unimp
   6:	0000                	unimp
   8:	0132                	slli	sp,sp,0xc
   a:	0000                	unimp
   c:	0134                	addi	a3,sp,136
	...
  2e:	0000                	unimp
  30:	03a8                	addi	a0,sp,456
  32:	0000                	unimp
  34:	0000                	unimp
  36:	0000                	unimp
  38:	03a8                	addi	a0,sp,456
  3a:	0000                	unimp
  3c:	0000                	unimp
  3e:	0000                	unimp
  40:	03a8                	addi	a0,sp,456
  42:	0000                	unimp
  44:	03a8                	addi	a0,sp,456
  46:	0000                	unimp
  48:	03a8                	addi	a0,sp,456
  4a:	0000                	unimp
  4c:	03a8                	addi	a0,sp,456
  4e:	0000                	unimp
  50:	03a8                	addi	a0,sp,456
  52:	0000                	unimp
  54:	03a8                	addi	a0,sp,456
  56:	0000                	unimp
  58:	03a8                	addi	a0,sp,456
  5a:	0000                	unimp
  5c:	03a8                	addi	a0,sp,456
  5e:	0000                	unimp
  60:	03a8                	addi	a0,sp,456
  62:	0000                	unimp
  64:	03a8                	addi	a0,sp,456
  66:	0000                	unimp
  68:	03a8                	addi	a0,sp,456
  6a:	0000                	unimp
  6c:	03a8                	addi	a0,sp,456
  6e:	0000                	unimp
  70:	03a8                	addi	a0,sp,456
  72:	0000                	unimp
  74:	03a8                	addi	a0,sp,456
  76:	0000                	unimp
  78:	03a8                	addi	a0,sp,456
  7a:	0000                	unimp
  7c:	03a8                	addi	a0,sp,456
  7e:	0000                	unimp
  80:	03a8                	addi	a0,sp,456
  82:	0000                	unimp
  84:	03a8                	addi	a0,sp,456
  86:	0000                	unimp
  88:	03a8                	addi	a0,sp,456
  8a:	0000                	unimp
  8c:	03a8                	addi	a0,sp,456
  8e:	0000                	unimp
  90:	03a8                	addi	a0,sp,456
  92:	0000                	unimp
  94:	03a8                	addi	a0,sp,456
  96:	0000                	unimp
  98:	03a8                	addi	a0,sp,456
  9a:	0000                	unimp
  9c:	0000                	unimp
	...

Disassembly of section .text:

000000a0 <__riscv_save_0>:
  a0:	1151                	addi	sp,sp,-12
  a2:	c026                	sw	s1,0(sp)
  a4:	c222                	sw	s0,4(sp)
  a6:	c406                	sw	ra,8(sp)
  a8:	8282                	jr	t0

000000aa <__riscv_restore_0>:
  aa:	4482                	lw	s1,0(sp)
  ac:	4412                	lw	s0,4(sp)
  ae:	40a2                	lw	ra,8(sp)
  b0:	0131                	addi	sp,sp,12
  b2:	8082                	ret

000000b4 <__divsi3>:
  b4:	02054e63          	bltz	a0,f0 <__umodsi3+0x8>
  b8:	0405c363          	bltz	a1,fe <__umodsi3+0x16>

000000bc <__udivsi3>:
  bc:	862e                	mv	a2,a1
  be:	85aa                	mv	a1,a0
  c0:	557d                	li	a0,-1
  c2:	c215                	beqz	a2,e6 <__udivsi3+0x2a>
  c4:	4685                	li	a3,1
  c6:	00b67863          	bgeu	a2,a1,d6 <__udivsi3+0x1a>
  ca:	00c05663          	blez	a2,d6 <__udivsi3+0x1a>
  ce:	0606                	slli	a2,a2,0x1
  d0:	0686                	slli	a3,a3,0x1
  d2:	feb66ce3          	bltu	a2,a1,ca <__udivsi3+0xe>
  d6:	4501                	li	a0,0
  d8:	00c5e463          	bltu	a1,a2,e0 <__udivsi3+0x24>
  dc:	8d91                	sub	a1,a1,a2
  de:	8d55                	or	a0,a0,a3
  e0:	8285                	srli	a3,a3,0x1
  e2:	8205                	srli	a2,a2,0x1
  e4:	faf5                	bnez	a3,d8 <__udivsi3+0x1c>
  e6:	8082                	ret

000000e8 <__umodsi3>:
  e8:	8286                	mv	t0,ra
  ea:	3fc9                	jal	bc <__udivsi3>
  ec:	852e                	mv	a0,a1
  ee:	8282                	jr	t0
  f0:	40a00533          	neg	a0,a0
  f4:	0005d763          	bgez	a1,102 <__stack_size+0x2>
  f8:	40b005b3          	neg	a1,a1
  fc:	b7c1                	j	bc <__udivsi3>
  fe:	40b005b3          	neg	a1,a1
 102:	8286                	mv	t0,ra
 104:	3f65                	jal	bc <__udivsi3>
 106:	40a00533          	neg	a0,a0
 10a:	8282                	jr	t0

0000010c <__modsi3>:
 10c:	8286                	mv	t0,ra
 10e:	0005c763          	bltz	a1,11c <__modsi3+0x10>
 112:	00054963          	bltz	a0,124 <__modsi3+0x18>
 116:	375d                	jal	bc <__udivsi3>
 118:	852e                	mv	a0,a1
 11a:	8282                	jr	t0
 11c:	40b005b3          	neg	a1,a1
 120:	fe055be3          	bgez	a0,116 <__modsi3+0xa>
 124:	40a00533          	neg	a0,a0
 128:	3f51                	jal	bc <__udivsi3>
 12a:	40b00533          	neg	a0,a1
 12e:	8282                	jr	t0
	...

00000132 <NMI_Handler>:
 132:	a001                	j	132 <NMI_Handler>

00000134 <HardFault_Handler>:
 134:	beef07b7          	lui	a5,0xbeef0
 138:	e000e737          	lui	a4,0xe000e
 13c:	08078793          	addi	a5,a5,128 # beef0080 <__global_pointer$+0x9eeef848>
 140:	c73c                	sw	a5,72(a4)
 142:	a001                	j	142 <HardFault_Handler+0xe>

00000144 <USART1_CFG>:
 144:	f5dff2ef          	jal	t0,a0 <__riscv_save_0>
 148:	6511                	lui	a0,0x4
 14a:	1111                	addi	sp,sp,-28
 14c:	4585                	li	a1,1
 14e:	02050513          	addi	a0,a0,32 # 4020 <_data_lma+0x393c>
 152:	c002                	sw	zero,0(sp)
 154:	c202                	sw	zero,4(sp)
 156:	c402                	sw	zero,8(sp)
 158:	c602                	sw	zero,12(sp)
 15a:	c802                	sw	zero,16(sp)
 15c:	ca02                	sw	zero,20(sp)
 15e:	cc02                	sw	zero,24(sp)
 160:	2199                	jal	5a6 <RCC_APB2PeriphClockCmd>
 162:	02000793          	li	a5,32
 166:	807c                	sh	a5,0(sp)
 168:	40011437          	lui	s0,0x40011
 16c:	478d                	li	a5,3
 16e:	c23e                	sw	a5,4(sp)
 170:	858a                	mv	a1,sp
 172:	47e1                	li	a5,24
 174:	40040513          	addi	a0,s0,1024 # 40011400 <__global_pointer$+0x20010bc8>
 178:	c43e                	sw	a5,8(sp)
 17a:	2cf1                	jal	456 <GPIO_Init>
 17c:	04000793          	li	a5,64
 180:	807c                	sh	a5,0(sp)
 182:	858a                	mv	a1,sp
 184:	4791                	li	a5,4
 186:	40040513          	addi	a0,s0,1024
 18a:	c43e                	sw	a5,8(sp)
 18c:	24e9                	jal	456 <GPIO_Init>
 18e:	67f1                	lui	a5,0x1c
 190:	40014437          	lui	s0,0x40014
 194:	20078793          	addi	a5,a5,512 # 1c200 <_data_lma+0x1bb1c>
 198:	c63e                	sw	a5,12(sp)
 19a:	006c                	addi	a1,sp,12
 19c:	000c07b7          	lui	a5,0xc0
 1a0:	80040513          	addi	a0,s0,-2048 # 40013800 <__global_pointer$+0x20012fc8>
 1a4:	ca3e                	sw	a5,20(sp)
 1a6:	c802                	sw	zero,16(sp)
 1a8:	00011c23          	sh	zero,24(sp)
 1ac:	2921                	jal	5c4 <USART_Init>
 1ae:	4585                	li	a1,1
 1b0:	80040513          	addi	a0,s0,-2048
 1b4:	29c1                	jal	684 <USART_Cmd>
 1b6:	0171                	addi	sp,sp,28
 1b8:	bdcd                	j	aa <__riscv_restore_0>

000001ba <main>:
 1ba:	ee7ff2ef          	jal	t0,a0 <__riscv_save_0>
 1be:	4505                	li	a0,1
 1c0:	2e09                	jal	4d2 <NVIC_PriorityGroupConfig>
 1c2:	200004b7          	lui	s1,0x20000
 1c6:	2ab9                	jal	324 <SystemCoreClockUpdate>
 1c8:	21f5                	jal	6b4 <Delay_Init>
 1ca:	3fad                	jal	144 <USART1_CFG>
 1cc:	40014437          	lui	s0,0x40014
 1d0:	80040793          	addi	a5,s0,-2048 # 40013800 <__global_pointer$+0x20012fc8>
 1d4:	853e                	mv	a0,a5
 1d6:	02000593          	li	a1,32
 1da:	29c1                	jal	6aa <USART_GetFlagStatus>
 1dc:	400147b7          	lui	a5,0x40014
 1e0:	80078793          	addi	a5,a5,-2048 # 40013800 <__global_pointer$+0x20012fc8>
 1e4:	d965                	beqz	a0,1d4 <main+0x1a>
 1e6:	80040513          	addi	a0,s0,-2048
 1ea:	2965                	jal	6a2 <USART_ReceiveData>
 1ec:	40014437          	lui	s0,0x40014
 1f0:	02a48c23          	sb	a0,56(s1) # 20000038 <_edata>
 1f4:	80040713          	addi	a4,s0,-2048 # 40013800 <__global_pointer$+0x20012fc8>
 1f8:	853a                	mv	a0,a4
 1fa:	08000593          	li	a1,128
 1fe:	2175                	jal	6aa <USART_GetFlagStatus>
 200:	400147b7          	lui	a5,0x40014
 204:	80078713          	addi	a4,a5,-2048 # 40013800 <__global_pointer$+0x20012fc8>
 208:	200007b7          	lui	a5,0x20000
 20c:	03878793          	addi	a5,a5,56 # 20000038 <_edata>
 210:	d565                	beqz	a0,1f8 <main+0x3e>
 212:	238c                	lbu	a1,0(a5)
 214:	80040513          	addi	a0,s0,-2048
 218:	2149                	jal	69a <USART_SendData>
 21a:	bf4d                	j	1cc <main+0x12>

0000021c <SystemInit>:
 21c:	e85ff2ef          	jal	t0,a0 <__riscv_save_0>
 220:	40021437          	lui	s0,0x40021
 224:	401c                	lw	a5,0(s0)
 226:	f8ff0737          	lui	a4,0xf8ff0
 22a:	1161                	addi	sp,sp,-8
 22c:	0017e793          	ori	a5,a5,1
 230:	c01c                	sw	a5,0(s0)
 232:	405c                	lw	a5,4(s0)
 234:	4541                	li	a0,16
 236:	8ff9                	and	a5,a5,a4
 238:	c05c                	sw	a5,4(s0)
 23a:	401c                	lw	a5,0(s0)
 23c:	fef70737          	lui	a4,0xfef70
 240:	177d                	addi	a4,a4,-1
 242:	8ff9                	and	a5,a5,a4
 244:	c01c                	sw	a5,0(s0)
 246:	401c                	lw	a5,0(s0)
 248:	fffc0737          	lui	a4,0xfffc0
 24c:	177d                	addi	a4,a4,-1
 24e:	8ff9                	and	a5,a5,a4
 250:	c01c                	sw	a5,0(s0)
 252:	405c                	lw	a5,4(s0)
 254:	7741                	lui	a4,0xffff0
 256:	177d                	addi	a4,a4,-1
 258:	8ff9                	and	a5,a5,a4
 25a:	c05c                	sw	a5,4(s0)
 25c:	009f07b7          	lui	a5,0x9f0
 260:	c41c                	sw	a5,8(s0)
 262:	2cad                	jal	4dc <RCC_AdjustHSICalibrationValue>
 264:	4c1c                	lw	a5,24(s0)
 266:	00020637          	lui	a2,0x20
 26a:	0207e793          	ori	a5,a5,32
 26e:	cc1c                	sw	a5,24(s0)
 270:	400117b7          	lui	a5,0x40011
 274:	4007a703          	lw	a4,1024(a5) # 40011400 <__global_pointer$+0x20010bc8>
 278:	40078693          	addi	a3,a5,1024
 27c:	f0f77713          	andi	a4,a4,-241
 280:	40e7a023          	sw	a4,1024(a5)
 284:	4007a703          	lw	a4,1024(a5)
 288:	08076713          	ori	a4,a4,128
 28c:	40e7a023          	sw	a4,1024(a5)
 290:	4789                	li	a5,2
 292:	ca9c                	sw	a5,16(a3)
 294:	c002                	sw	zero,0(sp)
 296:	c202                	sw	zero,4(sp)
 298:	4c1c                	lw	a5,24(s0)
 29a:	40010737          	lui	a4,0x40010
 29e:	66a1                	lui	a3,0x8
 2a0:	0017e793          	ori	a5,a5,1
 2a4:	cc1c                	sw	a5,24(s0)
 2a6:	435c                	lw	a5,4(a4)
 2a8:	8fd5                	or	a5,a5,a3
 2aa:	c35c                	sw	a5,4(a4)
 2ac:	401c                	lw	a5,0(s0)
 2ae:	6741                	lui	a4,0x10
 2b0:	400216b7          	lui	a3,0x40021
 2b4:	8fd9                	or	a5,a5,a4
 2b6:	c01c                	sw	a5,0(s0)
 2b8:	6709                	lui	a4,0x2
 2ba:	429c                	lw	a5,0(a3)
 2bc:	8ff1                	and	a5,a5,a2
 2be:	c23e                	sw	a5,4(sp)
 2c0:	4782                	lw	a5,0(sp)
 2c2:	0785                	addi	a5,a5,1
 2c4:	c03e                	sw	a5,0(sp)
 2c6:	4792                	lw	a5,4(sp)
 2c8:	e781                	bnez	a5,2d0 <SystemInit+0xb4>
 2ca:	4782                	lw	a5,0(sp)
 2cc:	fee797e3          	bne	a5,a4,2ba <SystemInit+0x9e>
 2d0:	400217b7          	lui	a5,0x40021
 2d4:	439c                	lw	a5,0(a5)
 2d6:	00e79713          	slli	a4,a5,0xe
 2da:	04075363          	bgez	a4,320 <SystemInit+0x104>
 2de:	4785                	li	a5,1
 2e0:	c23e                	sw	a5,4(sp)
 2e2:	4712                	lw	a4,4(sp)
 2e4:	4785                	li	a5,1
 2e6:	02f71b63          	bne	a4,a5,31c <SystemInit+0x100>
 2ea:	400227b7          	lui	a5,0x40022
 2ee:	4398                	lw	a4,0(a5)
 2f0:	400216b7          	lui	a3,0x40021
 2f4:	9b71                	andi	a4,a4,-4
 2f6:	c398                	sw	a4,0(a5)
 2f8:	4398                	lw	a4,0(a5)
 2fa:	c398                	sw	a4,0(a5)
 2fc:	400217b7          	lui	a5,0x40021
 300:	43d8                	lw	a4,4(a5)
 302:	c3d8                	sw	a4,4(a5)
 304:	43d8                	lw	a4,4(a5)
 306:	9b71                	andi	a4,a4,-4
 308:	c3d8                	sw	a4,4(a5)
 30a:	43d8                	lw	a4,4(a5)
 30c:	00176713          	ori	a4,a4,1
 310:	c3d8                	sw	a4,4(a5)
 312:	4711                	li	a4,4
 314:	42dc                	lw	a5,4(a3)
 316:	8bb1                	andi	a5,a5,12
 318:	fee79ee3          	bne	a5,a4,314 <SystemInit+0xf8>
 31c:	0121                	addi	sp,sp,8
 31e:	b371                	j	aa <__riscv_restore_0>
 320:	c202                	sw	zero,4(sp)
 322:	b7c1                	j	2e2 <SystemInit+0xc6>

00000324 <SystemCoreClockUpdate>:
 324:	d7dff2ef          	jal	t0,a0 <__riscv_save_0>
 328:	40021737          	lui	a4,0x40021
 32c:	435c                	lw	a5,4(a4)
 32e:	20000437          	lui	s0,0x20000
 332:	4691                	li	a3,4
 334:	8bb1                	andi	a5,a5,12
 336:	01040413          	addi	s0,s0,16 # 20000010 <SystemCoreClock>
 33a:	04d78363          	beq	a5,a3,380 <SystemCoreClockUpdate+0x5c>
 33e:	46a1                	li	a3,8
 340:	04d78563          	beq	a5,a3,38a <SystemCoreClockUpdate+0x66>
 344:	016e37b7          	lui	a5,0x16e3
 348:	60078793          	addi	a5,a5,1536 # 16e3600 <_data_lma+0x16e2f1c>
 34c:	c01c                	sw	a5,0(s0)
 34e:	400216b7          	lui	a3,0x40021
 352:	42dc                	lw	a5,4(a3)
 354:	4008                	lw	a0,0(s0)
 356:	8391                	srli	a5,a5,0x4
 358:	00f7f713          	andi	a4,a5,15
 35c:	200007b7          	lui	a5,0x20000
 360:	00078793          	mv	a5,a5
 364:	97ba                	add	a5,a5,a4
 366:	238c                	lbu	a1,0(a5)
 368:	42dc                	lw	a5,4(a3)
 36a:	0ff5f593          	andi	a1,a1,255
 36e:	0807f793          	andi	a5,a5,128
 372:	00b55733          	srl	a4,a0,a1
 376:	e399                	bnez	a5,37c <SystemCoreClockUpdate+0x58>
 378:	3391                	jal	bc <__udivsi3>
 37a:	872a                	mv	a4,a0
 37c:	c018                	sw	a4,0(s0)
 37e:	b335                	j	aa <__riscv_restore_0>
 380:	007a17b7          	lui	a5,0x7a1
 384:	20078793          	addi	a5,a5,512 # 7a1200 <_data_lma+0x7a0b1c>
 388:	b7d1                	j	34c <SystemCoreClockUpdate+0x28>
 38a:	435c                	lw	a5,4(a4)
 38c:	00f79713          	slli	a4,a5,0xf
 390:	00074763          	bltz	a4,39e <SystemCoreClockUpdate+0x7a>
 394:	02dc77b7          	lui	a5,0x2dc7
 398:	c0078793          	addi	a5,a5,-1024 # 2dc6c00 <_data_lma+0x2dc651c>
 39c:	bf45                	j	34c <SystemCoreClockUpdate+0x28>
 39e:	00f427b7          	lui	a5,0xf42
 3a2:	40078793          	addi	a5,a5,1024 # f42400 <_data_lma+0xf41d1c>
 3a6:	b75d                	j	34c <SystemCoreClockUpdate+0x28>

000003a8 <ADC1_IRQHandler>:
 3a8:	a001                	j	3a8 <ADC1_IRQHandler>

000003aa <handle_reset>:
 3aa:	20000197          	auipc	gp,0x20000
 3ae:	48e18193          	addi	gp,gp,1166 # 20000838 <__global_pointer$>
 3b2:	fc818113          	addi	sp,gp,-56 # 20000800 <_eusrstack>
 3b6:	0a000513          	li	a0,160
 3ba:	20000597          	auipc	a1,0x20000
 3be:	c4658593          	addi	a1,a1,-954 # 20000000 <_highcode_vma_end>
 3c2:	20000617          	auipc	a2,0x20000
 3c6:	c3e60613          	addi	a2,a2,-962 # 20000000 <_highcode_vma_end>
 3ca:	00c5fa63          	bgeu	a1,a2,3de <handle_reset+0x34>
 3ce:	00052283          	lw	t0,0(a0)
 3d2:	0055a023          	sw	t0,0(a1)
 3d6:	0511                	addi	a0,a0,4
 3d8:	0591                	addi	a1,a1,4
 3da:	fec5eae3          	bltu	a1,a2,3ce <handle_reset+0x24>
 3de:	6e400513          	li	a0,1764
 3e2:	20000597          	auipc	a1,0x20000
 3e6:	c1e58593          	addi	a1,a1,-994 # 20000000 <_highcode_vma_end>
 3ea:	20000617          	auipc	a2,0x20000
 3ee:	c4e60613          	addi	a2,a2,-946 # 20000038 <_edata>
 3f2:	00c5fa63          	bgeu	a1,a2,406 <handle_reset+0x5c>
 3f6:	00052283          	lw	t0,0(a0)
 3fa:	0055a023          	sw	t0,0(a1)
 3fe:	0511                	addi	a0,a0,4
 400:	0591                	addi	a1,a1,4
 402:	fec5eae3          	bltu	a1,a2,3f6 <handle_reset+0x4c>
 406:	20000517          	auipc	a0,0x20000
 40a:	c3250513          	addi	a0,a0,-974 # 20000038 <_edata>
 40e:	80c18593          	addi	a1,gp,-2036 # 20000044 <_ebss>
 412:	00b57763          	bgeu	a0,a1,420 <handle_reset+0x76>
 416:	00052023          	sw	zero,0(a0)
 41a:	0511                	addi	a0,a0,4
 41c:	feb56de3          	bltu	a0,a1,416 <handle_reset+0x6c>
 420:	000022b7          	lui	t0,0x2
 424:	88028293          	addi	t0,t0,-1920 # 1880 <_data_lma+0x119c>
 428:	30029073          	csrw	mstatus,t0
 42c:	428d                	li	t0,3
 42e:	80429073          	csrw	0x804,t0
 432:	00000297          	auipc	t0,0x0
 436:	bce28293          	addi	t0,t0,-1074 # 0 <_sinit>
 43a:	0032e293          	ori	t0,t0,3
 43e:	30529073          	csrw	mtvec,t0
 442:	ddbff0ef          	jal	ra,21c <SystemInit>
 446:	00000297          	auipc	t0,0x0
 44a:	d7428293          	addi	t0,t0,-652 # 1ba <main>
 44e:	34129073          	csrw	mepc,t0
 452:	30200073          	mret

00000456 <GPIO_Init>:
 456:	4594                	lw	a3,8(a1)
 458:	0106f793          	andi	a5,a3,16
 45c:	00f6f293          	andi	t0,a3,15
 460:	c781                	beqz	a5,468 <GPIO_Init+0x12>
 462:	41dc                	lw	a5,4(a1)
 464:	00f2e2b3          	or	t0,t0,a5
 468:	0005d383          	lhu	t2,0(a1)
 46c:	0ff3f793          	andi	a5,t2,255
 470:	c3a5                	beqz	a5,4d0 <GPIO_Init+0x7a>
 472:	00052303          	lw	t1,0(a0)
 476:	1161                	addi	sp,sp,-8
 478:	c222                	sw	s0,4(sp)
 47a:	c026                	sw	s1,0(sp)
 47c:	4781                	li	a5,0
 47e:	02800413          	li	s0,40
 482:	04800493          	li	s1,72
 486:	4705                	li	a4,1
 488:	00f71633          	sll	a2,a4,a5
 48c:	00c3f733          	and	a4,t2,a2
 490:	02e61263          	bne	a2,a4,4b4 <GPIO_Init+0x5e>
 494:	00279593          	slli	a1,a5,0x2
 498:	473d                	li	a4,15
 49a:	00b71733          	sll	a4,a4,a1
 49e:	fff74713          	not	a4,a4
 4a2:	00677333          	and	t1,a4,t1
 4a6:	00b295b3          	sll	a1,t0,a1
 4aa:	0065e333          	or	t1,a1,t1
 4ae:	00869d63          	bne	a3,s0,4c8 <GPIO_Init+0x72>
 4b2:	c950                	sw	a2,20(a0)
 4b4:	0785                	addi	a5,a5,1
 4b6:	4721                	li	a4,8
 4b8:	fce797e3          	bne	a5,a4,486 <GPIO_Init+0x30>
 4bc:	4412                	lw	s0,4(sp)
 4be:	00652023          	sw	t1,0(a0)
 4c2:	4482                	lw	s1,0(sp)
 4c4:	0121                	addi	sp,sp,8
 4c6:	8082                	ret
 4c8:	fe9696e3          	bne	a3,s1,4b4 <GPIO_Init+0x5e>
 4cc:	c910                	sw	a2,16(a0)
 4ce:	b7dd                	j	4b4 <GPIO_Init+0x5e>
 4d0:	8082                	ret

000004d2 <NVIC_PriorityGroupConfig>:
 4d2:	200007b7          	lui	a5,0x20000
 4d6:	02a7ae23          	sw	a0,60(a5) # 2000003c <NVIC_Priority_Group>
 4da:	8082                	ret

000004dc <RCC_AdjustHSICalibrationValue>:
 4dc:	40021737          	lui	a4,0x40021
 4e0:	431c                	lw	a5,0(a4)
 4e2:	050e                	slli	a0,a0,0x3
 4e4:	f077f793          	andi	a5,a5,-249
 4e8:	8d5d                	or	a0,a0,a5
 4ea:	c308                	sw	a0,0(a4)
 4ec:	8082                	ret

000004ee <RCC_GetClocksFreq>:
 4ee:	bb3ff2ef          	jal	t0,a0 <__riscv_save_0>
 4f2:	40021737          	lui	a4,0x40021
 4f6:	435c                	lw	a5,4(a4)
 4f8:	4691                	li	a3,4
 4fa:	842a                	mv	s0,a0
 4fc:	8bb1                	andi	a5,a5,12
 4fe:	08d78063          	beq	a5,a3,57e <RCC_GetClocksFreq+0x90>
 502:	46a1                	li	a3,8
 504:	08d78263          	beq	a5,a3,588 <RCC_GetClocksFreq+0x9a>
 508:	016e37b7          	lui	a5,0x16e3
 50c:	60078793          	addi	a5,a5,1536 # 16e3600 <_data_lma+0x16e2f1c>
 510:	c01c                	sw	a5,0(s0)
 512:	400216b7          	lui	a3,0x40021
 516:	42dc                	lw	a5,4(a3)
 518:	8391                	srli	a5,a5,0x4
 51a:	00f7f713          	andi	a4,a5,15
 51e:	200007b7          	lui	a5,0x20000
 522:	02878793          	addi	a5,a5,40 # 20000028 <APBAHBPrescTable>
 526:	97ba                	add	a5,a5,a4
 528:	238c                	lbu	a1,0(a5)
 52a:	42dc                	lw	a5,4(a3)
 52c:	4018                	lw	a4,0(s0)
 52e:	0ff5f593          	andi	a1,a1,255
 532:	0807f793          	andi	a5,a5,128
 536:	00b75533          	srl	a0,a4,a1
 53a:	e399                	bnez	a5,540 <RCC_GetClocksFreq+0x52>
 53c:	853a                	mv	a0,a4
 53e:	3ebd                	jal	bc <__udivsi3>
 540:	c048                	sw	a0,4(s0)
 542:	c408                	sw	a0,8(s0)
 544:	c448                	sw	a0,12(s0)
 546:	400217b7          	lui	a5,0x40021
 54a:	43dc                	lw	a5,4(a5)
 54c:	468d                	li	a3,3
 54e:	83ad                	srli	a5,a5,0xb
 550:	8bfd                	andi	a5,a5,31
 552:	0037d713          	srli	a4,a5,0x3
 556:	078a                	slli	a5,a5,0x2
 558:	8bf1                	andi	a5,a5,28
 55a:	8fd9                	or	a5,a5,a4
 55c:	0137f613          	andi	a2,a5,19
 560:	0037f713          	andi	a4,a5,3
 564:	00c6f463          	bgeu	a3,a2,56c <RCC_GetClocksFreq+0x7e>
 568:	ff478713          	addi	a4,a5,-12 # 40020ff4 <__global_pointer$+0x200207bc>
 56c:	200007b7          	lui	a5,0x20000
 570:	01478793          	addi	a5,a5,20 # 20000014 <ADCPrescTable>
 574:	97ba                	add	a5,a5,a4
 576:	238c                	lbu	a1,0(a5)
 578:	3691                	jal	bc <__udivsi3>
 57a:	c808                	sw	a0,16(s0)
 57c:	b63d                	j	aa <__riscv_restore_0>
 57e:	007a17b7          	lui	a5,0x7a1
 582:	20078793          	addi	a5,a5,512 # 7a1200 <_data_lma+0x7a0b1c>
 586:	b769                	j	510 <RCC_GetClocksFreq+0x22>
 588:	435c                	lw	a5,4(a4)
 58a:	00f79713          	slli	a4,a5,0xf
 58e:	00074763          	bltz	a4,59c <RCC_GetClocksFreq+0xae>
 592:	02dc77b7          	lui	a5,0x2dc7
 596:	c0078793          	addi	a5,a5,-1024 # 2dc6c00 <_data_lma+0x2dc651c>
 59a:	bf9d                	j	510 <RCC_GetClocksFreq+0x22>
 59c:	00f427b7          	lui	a5,0xf42
 5a0:	40078793          	addi	a5,a5,1024 # f42400 <_data_lma+0xf41d1c>
 5a4:	b7b5                	j	510 <RCC_GetClocksFreq+0x22>

000005a6 <RCC_APB2PeriphClockCmd>:
 5a6:	c599                	beqz	a1,5b4 <RCC_APB2PeriphClockCmd+0xe>
 5a8:	40021737          	lui	a4,0x40021
 5ac:	4f1c                	lw	a5,24(a4)
 5ae:	8d5d                	or	a0,a0,a5
 5b0:	cf08                	sw	a0,24(a4)
 5b2:	8082                	ret
 5b4:	400217b7          	lui	a5,0x40021
 5b8:	4f98                	lw	a4,24(a5)
 5ba:	fff54513          	not	a0,a0
 5be:	8d79                	and	a0,a0,a4
 5c0:	cf88                	sw	a0,24(a5)
 5c2:	8082                	ret

000005c4 <USART_Init>:
 5c4:	addff2ef          	jal	t0,a0 <__riscv_save_0>
 5c8:	2916                	lhu	a3,16(a0)
 5ca:	77f5                	lui	a5,0xffffd
 5cc:	17fd                	addi	a5,a5,-1
 5ce:	8ff5                	and	a5,a5,a3
 5d0:	21f6                	lhu	a3,6(a1)
 5d2:	25da                	lhu	a4,12(a1)
 5d4:	1121                	addi	sp,sp,-24
 5d6:	8fd5                	or	a5,a5,a3
 5d8:	a91e                	sh	a5,16(a0)
 5da:	2556                	lhu	a3,12(a0)
 5dc:	77fd                	lui	a5,0xfffff
 5de:	9f378793          	addi	a5,a5,-1549 # ffffe9f3 <__global_pointer$+0xdfffe1bb>
 5e2:	8ff5                	and	a5,a5,a3
 5e4:	21d6                	lhu	a3,4(a1)
 5e6:	842a                	mv	s0,a0
 5e8:	c02e                	sw	a1,0(sp)
 5ea:	8fd5                	or	a5,a5,a3
 5ec:	2596                	lhu	a3,8(a1)
 5ee:	8fd5                	or	a5,a5,a3
 5f0:	25b6                	lhu	a3,10(a1)
 5f2:	8fd5                	or	a5,a5,a3
 5f4:	a55e                	sh	a5,12(a0)
 5f6:	295e                	lhu	a5,20(a0)
 5f8:	07c2                	slli	a5,a5,0x10
 5fa:	83c1                	srli	a5,a5,0x10
 5fc:	cff7f793          	andi	a5,a5,-769
 600:	8f5d                	or	a4,a4,a5
 602:	a95a                	sh	a4,20(a0)
 604:	0048                	addi	a0,sp,4
 606:	35e5                	jal	4ee <RCC_GetClocksFreq>
 608:	400147b7          	lui	a5,0x40014
 60c:	80078793          	addi	a5,a5,-2048 # 40013800 <__global_pointer$+0x20012fc8>
 610:	4582                	lw	a1,0(sp)
 612:	04f41d63          	bne	s0,a5,66c <USART_Init+0xa8>
 616:	47c2                	lw	a5,16(sp)
 618:	245a                	lhu	a4,12(s0)
 61a:	00179513          	slli	a0,a5,0x1
 61e:	953e                	add	a0,a0,a5
 620:	0742                	slli	a4,a4,0x10
 622:	050e                	slli	a0,a0,0x3
 624:	8741                	srai	a4,a4,0x10
 626:	953e                	add	a0,a0,a5
 628:	418c                	lw	a1,0(a1)
 62a:	04075363          	bgez	a4,670 <USART_Init+0xac>
 62e:	0586                	slli	a1,a1,0x1
 630:	3471                	jal	bc <__udivsi3>
 632:	06400593          	li	a1,100
 636:	c02a                	sw	a0,0(sp)
 638:	3451                	jal	bc <__udivsi3>
 63a:	4782                	lw	a5,0(sp)
 63c:	00451493          	slli	s1,a0,0x4
 640:	06400593          	li	a1,100
 644:	853e                	mv	a0,a5
 646:	344d                	jal	e8 <__umodsi3>
 648:	245e                	lhu	a5,12(s0)
 64a:	07c2                	slli	a5,a5,0x10
 64c:	87c1                	srai	a5,a5,0x10
 64e:	0207d363          	bgez	a5,674 <USART_Init+0xb0>
 652:	050e                	slli	a0,a0,0x3
 654:	06400593          	li	a1,100
 658:	03250513          	addi	a0,a0,50
 65c:	3485                	jal	bc <__udivsi3>
 65e:	891d                	andi	a0,a0,7
 660:	8cc9                	or	s1,s1,a0
 662:	04c2                	slli	s1,s1,0x10
 664:	80c1                	srli	s1,s1,0x10
 666:	a406                	sh	s1,8(s0)
 668:	0161                	addi	sp,sp,24
 66a:	b481                	j	aa <__riscv_restore_0>
 66c:	47b2                	lw	a5,12(sp)
 66e:	b76d                	j	618 <USART_Init+0x54>
 670:	058a                	slli	a1,a1,0x2
 672:	bf7d                	j	630 <USART_Init+0x6c>
 674:	0512                	slli	a0,a0,0x4
 676:	06400593          	li	a1,100
 67a:	03250513          	addi	a0,a0,50
 67e:	3c3d                	jal	bc <__udivsi3>
 680:	893d                	andi	a0,a0,15
 682:	bff9                	j	660 <USART_Init+0x9c>

00000684 <USART_Cmd>:
 684:	c591                	beqz	a1,690 <USART_Cmd+0xc>
 686:	255e                	lhu	a5,12(a0)
 688:	6709                	lui	a4,0x2
 68a:	8fd9                	or	a5,a5,a4
 68c:	a55e                	sh	a5,12(a0)
 68e:	8082                	ret
 690:	255a                	lhu	a4,12(a0)
 692:	77f9                	lui	a5,0xffffe
 694:	17fd                	addi	a5,a5,-1
 696:	8ff9                	and	a5,a5,a4
 698:	bfd5                	j	68c <USART_Cmd+0x8>

0000069a <USART_SendData>:
 69a:	1ff5f593          	andi	a1,a1,511
 69e:	a14e                	sh	a1,4(a0)
 6a0:	8082                	ret

000006a2 <USART_ReceiveData>:
 6a2:	214a                	lhu	a0,4(a0)
 6a4:	1ff57513          	andi	a0,a0,511
 6a8:	8082                	ret

000006aa <USART_GetFlagStatus>:
 6aa:	210a                	lhu	a0,0(a0)
 6ac:	8d6d                	and	a0,a0,a1
 6ae:	00a03533          	snez	a0,a0
 6b2:	8082                	ret

000006b4 <Delay_Init>:
 6b4:	9edff2ef          	jal	t0,a0 <__riscv_save_0>
 6b8:	200007b7          	lui	a5,0x20000
 6bc:	0107a503          	lw	a0,16(a5) # 20000010 <SystemCoreClock>
 6c0:	007a15b7          	lui	a1,0x7a1
 6c4:	20058593          	addi	a1,a1,512 # 7a1200 <_data_lma+0x7a0b1c>
 6c8:	3ad5                	jal	bc <__udivsi3>
 6ca:	0ff57513          	andi	a0,a0,255
 6ce:	80a18523          	sb	a0,-2038(gp) # 20000042 <p_us>
 6d2:	00551793          	slli	a5,a0,0x5
 6d6:	8f89                	sub	a5,a5,a0
 6d8:	078a                	slli	a5,a5,0x2
 6da:	953e                	add	a0,a0,a5
 6dc:	050e                	slli	a0,a0,0x3
 6de:	80a19423          	sh	a0,-2040(gp) # 20000040 <p_ms>
 6e2:	b2e1                	j	aa <__riscv_restore_0>
